Component: ARM Compiler 6.7 Tool: armlink [5c9ef700]

==============================================================================

Section Cross References

    startup_stm32f407xx.o(RESET) refers to startup_stm32f407xx.o(STACK) for __initial_sp
    startup_stm32f407xx.o(RESET) refers to startup_stm32f407xx.o(.text) for Reset_Handler
    startup_stm32f407xx.o(RESET) refers to stm32f4xx_it.o(.text.NMI_Handler) for NMI_Handler
    startup_stm32f407xx.o(RESET) refers to stm32f4xx_it.o(.text.HardFault_Handler) for HardFault_Handler
    startup_stm32f407xx.o(RESET) refers to stm32f4xx_it.o(.text.MemManage_Handler) for MemManage_Handler
    startup_stm32f407xx.o(RESET) refers to stm32f4xx_it.o(.text.BusFault_Handler) for BusFault_Handler
    startup_stm32f407xx.o(RESET) refers to stm32f4xx_it.o(.text.UsageFault_Handler) for UsageFault_Handler
    startup_stm32f407xx.o(RESET) refers to stm32f4xx_it.o(.text.SVC_Handler) for SVC_Handler
    startup_stm32f407xx.o(RESET) refers to stm32f4xx_it.o(.text.DebugMon_Handler) for DebugMon_Handler
    startup_stm32f407xx.o(RESET) refers to stm32f4xx_it.o(.text.PendSV_Handler) for PendSV_Handler
    startup_stm32f407xx.o(RESET) refers to stm32f4xx_it.o(.text.SysTick_Handler) for SysTick_Handler
    startup_stm32f407xx.o(RESET) refers to stm32f4xx_it.o(.text.USART1_IRQHandler) for USART1_IRQHandler
    startup_stm32f407xx.o(RESET) refers to stm32f4xx_it.o(.text.TIM6_DAC_IRQHandler) for TIM6_DAC_IRQHandler
    startup_stm32f407xx.o(.text) refers to system_stm32f4xx.o(.text.SystemInit) for SystemInit
    startup_stm32f407xx.o(.text) refers to entry.o(.ARM.Collect$$$$00000000) for __main
    main.o(.text.main) refers to stm32f4xx_hal.o(.text.HAL_Init) for HAL_Init
    main.o(.text.main) refers to main.o(.text.SystemClock_Config) for SystemClock_Config
    main.o(.text.main) refers to gpio.o(.text.MX_GPIO_Init) for MX_GPIO_Init
    main.o(.text.main) refers to usart.o(.text.MX_USART1_UART_Init) for MX_USART1_UART_Init
    main.o(.text.main) refers to usart.o(.text.MX_USART3_UART_Init) for MX_USART3_UART_Init
    main.o(.text.main) refers to bsp_console.o(.text.BSP_Console_Init) for BSP_Console_Init
    main.o(.text.main) refers to cmd_queue.o(.text.queue_reset) for queue_reset
    main.o(.text.main) refers to stm32f4xx_hal.o(.text.HAL_Delay) for HAL_Delay
    main.o(.text.main) refers to stm32f4xx_hal_uart.o(.text.HAL_UART_Receive_IT) for HAL_UART_Receive_IT
    main.o(.text.main) refers to puts.o(i.puts) for puts
    main.o(.text.main) refers to app_flow_manager.o(.text.FlowManager_Init) for FlowManager_Init
    main.o(.text.main) refers to svc_scheduler.o(.text.Sched_Init) for Sched_Init
    main.o(.text.main) refers to app_tasks.o(.text.RefreshAllScreensData) for RefreshAllScreensData
    main.o(.text.main) refers to stm32f4xx_hal_gpio.o(.text.HAL_GPIO_WritePin) for HAL_GPIO_WritePin
    main.o(.text.main) refers to svc_scheduler.o(.text.Sched_Run) for Sched_Run
    main.o(.text.main) refers to printf8.o(i.__0printf$8) for __2printf
    main.o(.text.main) refers to usart.o(.bss.huart1) for huart1
    main.o(.text.main) refers to hmi.o(.bss..L_MergedGlobals) for uart_rx_buf
    main.o(.text.main) refers to hmi.o(.text.UpdateUI) for UpdateUI
    main.o(.text.main) refers to svc_scheduler.o(.text.Sched_Register) for Sched_Register
    main.o(.text.main) refers to app_tasks.o(.text.HMI_ProcessTask) for HMI_ProcessTask
    main.o(.text.main) refers to app_flow_manager.o(.text.FlowManager_Tick) for FlowManager_Tick
    main.o(.ARM.exidx.text.main) refers to main.o(.text.main) for [Anonymous Symbol]
    main.o(.text.SystemClock_Config) refers to memseta.o(.text) for __aeabi_memclr4
    main.o(.text.SystemClock_Config) refers to stm32f4xx_hal_rcc.o(.text.HAL_RCC_OscConfig) for HAL_RCC_OscConfig
    main.o(.text.SystemClock_Config) refers to stm32f4xx_hal_rcc.o(.text.HAL_RCC_ClockConfig) for HAL_RCC_ClockConfig
    main.o(.ARM.exidx.text.SystemClock_Config) refers to main.o(.text.SystemClock_Config) for [Anonymous Symbol]
    main.o(.ARM.exidx.text.Error_Handler) refers to main.o(.text.Error_Handler) for [Anonymous Symbol]
    gpio.o(.text.MX_GPIO_Init) refers to stm32f4xx_hal_gpio.o(.text.HAL_GPIO_WritePin) for HAL_GPIO_WritePin
    gpio.o(.text.MX_GPIO_Init) refers to stm32f4xx_hal_gpio.o(.text.HAL_GPIO_Init) for HAL_GPIO_Init
    gpio.o(.ARM.exidx.text.MX_GPIO_Init) refers to gpio.o(.text.MX_GPIO_Init) for [Anonymous Symbol]
    tim.o(.text.MX_TIM6_Init) refers to stm32f4xx_hal_tim.o(.text.HAL_TIM_Base_Init) for HAL_TIM_Base_Init
    tim.o(.text.MX_TIM6_Init) refers to main.o(.text.Error_Handler) for Error_Handler
    tim.o(.text.MX_TIM6_Init) refers to stm32f4xx_hal_tim_ex.o(.text.HAL_TIMEx_MasterConfigSynchronization) for HAL_TIMEx_MasterConfigSynchronization
    tim.o(.text.MX_TIM6_Init) refers to tim.o(.bss.htim6) for htim6
    tim.o(.ARM.exidx.text.MX_TIM6_Init) refers to tim.o(.text.MX_TIM6_Init) for [Anonymous Symbol]
[...]
    [Anonymous Symbol]                       0x08002542   Section        0  app_workflows.o(.text.step_def_14_exit)
    step_def_14_exit                         0x08002543   Thumb Code    18  app_workflows.o(.text.step_def_14_exit)
    [Anonymous Symbol]                       0x08002554   Section        0  app_workflows.o(.text.step_def_15_enter)
    step_def_15_enter                        0x08002555   Thumb Code     2  app_workflows.o(.text.step_def_15_enter)
    [Anonymous Symbol]                       0x08002556   Section        0  app_workflows.o(.text.step_def_15_exit)
    step_def_15_exit                         0x08002557   Thumb Code     2  app_workflows.o(.text.step_def_15_exit)
    [Anonymous Symbol]                       0x08002558   Section        0  app_workflows.o(.text.step_def_16_enter)
    step_def_16_enter                        0x08002559   Thumb Code    18  app_workflows.o(.text.step_def_16_enter)
    [Anonymous Symbol]                       0x0800256a   Section        0  app_workflows.o(.text.step_def_16_exit)
    step_def_16_exit                         0x0800256b   Thumb Code    18  app_workflows.o(.text.step_def_16_exit)
    [Anonymous Symbol]                       0x0800257c   Section        0  app_workflows.o(.text.step_def_17_enter)
    step_def_17_enter                        0x0800257d   Thumb Code     2  app_workflows.o(.text.step_def_17_enter)
    [Anonymous Symbol]                       0x0800257e   Section        0  app_workflows.o(.text.step_def_17_exit)
    step_def_17_exit                         0x0800257f   Thumb Code     2  app_workflows.o(.text.step_def_17_exit)
    [Anonymous Symbol]                       0x08002580   Section        0  app_workflows.o(.text.step_def_18_enter)
    step_def_18_enter                        0x08002581   Thumb Code    18  app_workflows.o(.text.step_def_18_enter)
    [Anonymous Symbol]                       0x08002592   Section        0  app_workflows.o(.text.step_def_18_exit)
    step_def_18_exit                         0x08002593   Thumb Code    18  app_workflows.o(.text.step_def_18_exit)
    [Anonymous Symbol]                       0x080025a4   Section        0  app_workflows.o(.text.step_def_19_enter)
    step_def_19_enter                        0x080025a5   Thumb Code     2  app_workflows.o(.text.step_def_19_enter)
    [Anonymous Symbol]                       0x080025a6   Section        0  app_workflows.o(.text.step_def_19_exit)
    step_def_19_exit                         0x080025a7   Thumb Code    14  app_workflows.o(.text.step_def_19_exit)
    [Anonymous Symbol]                       0x080025b4   Section        0  app_workflows.o(.text.step_def_20_enter)
    step_def_20_enter                        0x080025b5   Thumb Code     2  app_workflows.o(.text.step_def_20_enter)
    [Anonymous Symbol]                       0x080025b6   Section        0  app_workflows.o(.text.step_def_20_exit)
    step_def_20_exit                         0x080025b7   Thumb Code     2  app_workflows.o(.text.step_def_20_exit)
    [Anonymous Symbol]                       0x080025b8   Section        0  app_workflows.o(.text.step_def_21_enter)
    step_def_21_enter                        0x080025b9   Thumb Code    14  app_workflows.o(.text.step_def_21_enter)
    [Anonymous Symbol]                       0x080025c6   Section        0  app_workflows.o(.text.step_def_21_exit)
    step_def_21_exit                         0x080025c7   Thumb Code    14  app_workflows.o(.text.step_def_21_exit)
    [Anonymous Symbol]                       0x080025d4   Section        0  app_workflows.o(.text.step_def_22_enter)
    step_def_22_enter                        0x080025d5   Thumb Code    14  app_workflows.o(.text.step_def_22_enter)
    [Anonymous Symbol]                       0x080025e2   Section        0  app_workflows.o(.text.step_def_22_exit)
    step_def_22_exit                         0x080025e3   Thumb Code    14  app_workflows.o(.text.step_def_22_exit)
    [Anonymous Symbol]                       0x080025f0   Section        0  app_workflows.o(.text.step_dry_01_enter)
    step_dry_01_enter                        0x080025f1   Thumb Code     2  app_workflows.o(.text.step_dry_01_enter)
    [Anonymous Symbol]                       0x080025f2   Section        0  app_workflows.o(.text.step_dry_01_exit)
    step_dry_01_exit                         0x080025f3   Thumb Code     2  app_workflows.o(.text.step_dry_01_exit)
    [Anonymous Symbol]                       0x080025f4   Section        0  app_workflows.o(.text.step_dry_02_enter)
    step_dry_02_enter                        0x080025f5   Thumb Code    14  app_workflows.o(.text.step_dry_02_enter)
    [Anonymous Symbol]                       0x08002602   Section        0  app_workflows.o(.text.step_dry_02_exit)
    step_dry_02_exit                         0x08002603   Thumb Code    14  app_workflows.o(.text.step_dry_02_exit)
    [Anonymous Symbol]                       0x08002610   Section        0  app_workflows.o(.text.step_dry_03_enter)
    step_dry_03_enter                        0x08002611   Thumb Code    14  app_workflows.o(.text.step_dry_03_enter)
    [Anonymous Symbol]                       0x0800261e   Section        0  app_workflows.o(.text.step_dry_03_exit)
    step_dry_03_exit                         0x0800261f   Thumb Code    14  app_workflows.o(.text.step_dry_03_exit)
    [Anonymous Symbol]                       0x0800262c   Section        0  app_workflows.o(.text.step_uri_01_enter)
    step_uri_01_enter                        0x0800262d   Thumb Code     2  app_workflows.o(.text.step_uri_01_enter)
    [Anonymous Symbol]                       0x0800262e   Section        0  app_workflows.o(.text.step_uri_01_exit)
    step_uri_01_exit                         0x0800262f   Thumb Code     2  app_workflows.o(.text.step_uri_01_exit)
    [Anonymous Symbol]                       0x08002630   Section        0  app_workflows.o(.text.step_uri_02_enter)
    step_uri_02_enter                        0x08002631   Thumb Code     4  app_workflows.o(.text.step_uri_02_enter)
    [Anonymous Symbol]                       0x08002634   Section        0  app_workflows.o(.text.step_uri_02_exit)
    step_uri_02_exit                         0x08002635   Thumb Code     4  app_workflows.o(.text.step_uri_02_exit)
    [Anonymous Symbol]                       0x08002638   Section        0  app_workflows.o(.text.step_uri_03_enter)
    step_uri_03_enter                        0x08002639   Thumb Code    14  app_workflows.o(.text.step_uri_03_enter)
    [Anonymous Symbol]                       0x08002646   Section        0  app_workflows.o(.text.step_uri_03_exit)
    step_uri_03_exit                         0x08002647   Thumb Code     2  app_workflows.o(.text.step_uri_03_exit)
    [Anonymous Symbol]                       0x08002648   Section        0  app_workflows.o(.text.step_uri_04_enter)
    step_uri_04_enter                        0x08002649   Thumb Code    18  app_workflows.o(.text.step_uri_04_enter)
    [Anonymous Symbol]                       0x0800265a   Section        0  app_workflows.o(.text.step_uri_04_exit)
    step_uri_04_exit                         0x0800265b   Thumb Code    18  app_workflows.o(.text.step_uri_04_exit)
    [Anonymous Symbol]                       0x0800266c   Section        0  app_workflows.o(.text.step_uri_05_enter)
    step_uri_05_enter                        0x0800266d   Thumb Code     2  app_workflows.o(.text.step_uri_05_enter)
    [Anonymous Symbol]                       0x0800266e   Section        0  app_workflows.o(.text.step_uri_05_exit)
    step_uri_05_exit                         0x0800266f   Thumb Code     2  app_workflows.o(.text.step_uri_05_exit)
    [Anonymous Symbol]                       0x08002670   Section        0  app_workflows.o(.text.step_uri_06_enter)
    step_uri_06_enter                        0x08002671   Thumb Code    18  app_workflows.o(.text.step_uri_06_enter)
    [Anonymous Symbol]                       0x08002682   Section        0  app_workflows.o(.text.step_uri_06_exit)
    step_uri_06_exit                         0x08002683   Thumb Code    18  app_workflows.o(.text.step_uri_06_exit)
    [Anonymous Symbol]                       0x08002694   Section        0  app_workflows.o(.text.step_uri_07_enter)
    step_uri_07_enter                        0x08002695   Thumb Code     2  app_workflows.o(.text.step_uri_07_enter)
    [Anonymous Symbol]                       0x08002696   Section        0  app_workflows.o(.text.step_uri_07_exit)
    step_uri_07_exit                         0x08002697   Thumb Code     2  app_workflows.o(.text.step_uri_07_exit)
    [Anonymous Symbol]                       0x08002698   Section        0  app_workflows.o(.text.step_uri_08_enter)
    step_uri_08_enter                        0x08002699   Thumb Code    18  app_workflows.o(.text.step_uri_08_enter)
    [Anonymous Symbol]                       0x080026aa   Section        0  app_workflows.o(.text.step_uri_08_exit)
    step_uri_08_exit                         0x080026ab   Thumb Code    18  app_workflows.o(.text.step_uri_08_exit)
    [Anonymous Symbol]                       0x080026bc   Section        0  app_workflows.o(.text.step_uri_09_enter)
    step_uri_09_enter                        0x080026bd   Thumb Code     2  app_workflows.o(.text.step_uri_09_enter)
    [Anonymous Symbol]                       0x080026be   Section        0  app_workflows.o(.text.step_uri_09_exit)
    step_uri_09_exit                         0x080026bf   Thumb Code     2  app_workflows.o(.text.step_uri_09_exit)
    [Anonymous Symbol]                       0x080026c0   Section        0  app_workflows.o(.text.step_uri_10_enter)
    step_uri_10_enter                        0x080026c1   Thumb Code    18  app_workflows.o(.text.step_uri_10_enter)
    [Anonymous Symbol]                       0x080026d2   Section        0  app_workflows.o(.text.step_uri_10_exit)
    step_uri_10_exit                         0x080026d3   Thumb Code    18  app_workflows.o(.text.step_uri_10_exit)
    [Anonymous Symbol]                       0x080026e4   Section        0  app_workflows.o(.text.step_uri_11_enter)
    step_uri_11_enter                        0x080026e5   Thumb Code     2  app_workflows.o(.text.step_uri_11_enter)
    [Anonymous Symbol]                       0x080026e6   Section        0  app_workflows.o(.text.step_uri_11_exit)
    step_uri_11_exit                         0x080026e7   Thumb Code    14  app_workflows.o(.text.step_uri_11_exit)
    [Anonymous Symbol]                       0x080026f4   Section        0  app_workflows.o(.text.step_uri_12_enter)
    step_uri_12_enter                        0x080026f5   Thumb Code     2  app_workflows.o(.text.step_uri_12_enter)
    [Anonymous Symbol]                       0x080026f6   Section        0  app_workflows.o(.text.step_uri_12_exit)
    step_uri_12_exit                         0x080026f7   Thumb Code     2  app_workflows.o(.text.step_uri_12_exit)
    [Anonymous Symbol]                       0x080026f8   Section        0  app_workflows.o(.text.step_uri_13_enter)
    step_uri_13_enter                        0x080026f9   Thumb Code    14  app_workflows.o(.text.step_uri_13_enter)
    [Anonymous Symbol]                       0x08002706   Section        0  app_workflows.o(.text.step_uri_13_exit)
    step_uri_13_exit                         0x08002707   Thumb Code    14  app_workflows.o(.text.step_uri_13_exit)
    [Anonymous Symbol]                       0x08002714   Section        0  app_workflows.o(.text.step_uri_14_enter)
    step_uri_14_enter                        0x08002715   Thumb Code    14  app_workflows.o(.text.step_uri_14_enter)
    [Anonymous Symbol]                       0x08002722   Section        0  app_workflows.o(.text.step_uri_14_exit)
    step_uri_14_exit                         0x08002723   Thumb Code    14  app_workflows.o(.text.step_uri_14_exit)
    [Anonymous Symbol]                       0x08002730   Section        0  app_workflows.o(.text.step_vac_01_enter)
    step_vac_01_enter                        0x08002731   Thumb Code     2  app_workflows.o(.text.step_vac_01_enter)
    [Anonymous Symbol]                       0x08002732   Section        0  app_workflows.o(.text.step_vac_01_exit)
    step_vac_01_exit                         0x08002733   Thumb Code     2  app_workflows.o(.text.step_vac_01_exit)
    [Anonymous Symbol]                       0x08002734   Section        0  app_workflows.o(.text.step_vac_02_enter)
    step_vac_02_enter                        0x08002735   Thumb Code    26  app_workflows.o(.text.step_vac_02_enter)
    [Anonymous Symbol]                       0x0800274e   Section        0  app_workflows.o(.text.step_vac_02_exit)
    step_vac_02_exit                         0x0800274f   Thumb Code    26  app_workflows.o(.text.step_vac_02_exit)
    [Anonymous Symbol]                       0x08002768   Section        0  app_flow_manager.o(.text.stop_current_step)
    stop_current_step                        0x08002769   Thumb Code    20  app_flow_manager.o(.text.stop_current_step)
    __arm_cp.10_0                            0x08002778   Number         4  app_flow_manager.o(.text.stop_current_step)
    i.__0printf$8                            0x0800277c   Section        0  printf8.o(i.__0printf$8)
    i.__0sprintf$8                           0x0800279c   Section        0  printf8.o(i.__0sprintf$8)
    i.__scatterload_copy                     0x080027c4   Section       14  handlers.o(i.__scatterload_copy)
    i.__scatterload_null                     0x080027d2   Section        2  handlers.o(i.__scatterload_null)
    i.__scatterload_zeroinit                 0x080027d4   Section       14  handlers.o(i.__scatterload_zeroinit)
    i._printf_core                           0x080027e4   Section        0  printf8.o(i._printf_core)
    _printf_core                             0x080027e5   Thumb Code   996  printf8.o(i._printf_core)
    i._printf_post_padding                   0x08002bf4   Section        0  printf8.o(i._printf_post_padding)
    _printf_post_padding                     0x08002bf5   Thumb Code    36  printf8.o(i._printf_post_padding)
    i._printf_pre_padding                    0x08002c18   Section        0  printf8.o(i._printf_pre_padding)
    _printf_pre_padding                      0x08002c19   Thumb Code    46  printf8.o(i._printf_pre_padding)
    i._sputc                                 0x08002c46   Section        0  printf8.o(i._sputc)
    _sputc                                   0x08002c47   Thumb Code    10  printf8.o(i._sputc)
    i.puts                                   0x08002c50   Section        0  puts.o(i.puts)
    [Anonymous Symbol]                       0x08002cd4   Section        0  app_workflows.o(.rodata.str1.1)
    .L.str.1                                 0x08002cd4   Data           9  app_workflows.o(.rodata.str1.1)
    .L.str                                   0x08002cdd   Data           9  app_workflows.o(.rodata.str1.1)
    .L.str.2                                 0x08002ce6   Data           5  app_workflows.o(.rodata.str1.1)
    .L.str.7                                 0x08002ceb   Data           7  app_workflows.o(.rodata.str1.1)
    .L.str.9                                 0x08002cf2   Data           9  app_workflows.o(.rodata.str1.1)
    .L.str.10                                0x08002cfb   Data           9  app_workflows.o(.rodata.str1.1)
    .L.str.8                                 0x08002cff   Data           5  app_workflows.o(.rodata.str1.1)
    .L.str.5                                 0x08002d04   Data          13  app_workflows.o(.rodata.str1.1)
    .L.str.11                                0x08002d11   Data           5  app_workflows.o(.rodata.str1.1)
    .L.str.3                                 0x08002d16   Data           5  app_workflows.o(.rodata.str1.1)
    .L.str.4                                 0x08002d1b   Data           9  app_workflows.o(.rodata.str1.1)
    .L.str.6                                 0x08002d24   Data           5  app_workflows.o(.rodata.str1.1)
    .data                                    0x20000000   Section        4  stdout.o(.data)
    [Anonymous Symbol]                       0x20000004   Section        0  stm32f4xx_hal.o(.data..L_MergedGlobals)
    [Anonymous Symbol]                       0x20000010   Section        0  app_workflows.o(.data..L_MergedGlobals)
    steps_clean_air                          0x20000010   Data          48  app_workflows.o(.data..L_MergedGlobals)
    steps_vac_selfclean                      0x20000040   Data          48  app_workflows.o(.data..L_MergedGlobals)
    [Anonymous Symbol]                       0x20000070   Section        0  app_workflows.o(.data..L_MergedGlobals.12)
    steps_dry                                0x20000070   Data          64  app_workflows.o(.data..L_MergedGlobals.12)
    [Anonymous Symbol]                       0x200000b4   Section        0  hmi.o(.data.sec)
    sec                                      0x200000b4   Data           4  hmi.o(.data.sec)
    [Anonymous Symbol]                       0x200000b8   Section        0  app_workflows.o(.data.steps_clean)
    steps_clean                              0x200000b8   Data         240  app_workflows.o(.data.steps_clean)
    [Anonymous Symbol]                       0x200001a8   Section        0  app_workflows.o(.data.steps_defecate)
    steps_defecate                           0x200001a8   Data         368  app_workflows.o(.data.steps_defecate)
    [Anonymous Symbol]                       0x20000318   Section        0  app_workflows.o(.data.steps_urinate)
    steps_urinate                            0x20000318   Data         240  app_workflows.o(.data.steps_urinate)
    [Anonymous Symbol]                       0x20000410   Section        0  hmi.o(.bss..L_MergedGlobals)
    [Anonymous Symbol]                       0x20000414   Section        0  app_flow_manager.o(.bss..L_MergedGlobals)
    s_step_index                             0x20000414   Data           1  app_flow_manager.o(.bss..L_MergedGlobals)
    s_current_flow                           0x20000418   Data           4  app_flow_manager.o(.bss..L_MergedGlobals)
    s_current_step                           0x2000041c   Data           4  app_flow_manager.o(.bss..L_MergedGlobals)
    s_remaining_sec                          0x20000420   Data           4  app_flow_manager.o(.bss..L_MergedGlobals)
    [Anonymous Symbol]                       0x20000424   Section        0  cmd_queue.o(.bss..L_MergedGlobals)
    cmd_pos                                  0x20000424   Data           2  cmd_queue.o(.bss..L_MergedGlobals)
    que.0                                    0x20000426   Data           2  cmd_queue.o(.bss..L_MergedGlobals)
    que.1                                    0x20000428   Data           2  cmd_queue.o(.bss..L_MergedGlobals)
    cmd_state                                0x2000042c   Data           4  cmd_queue.o(.bss..L_MergedGlobals)
    [Anonymous Symbol]                       0x20000430   Section        0  svc_scheduler.o(.bss..L_MergedGlobals)
    s_slot_count                             0x20000430   Data           1  svc_scheduler.o(.bss..L_MergedGlobals)
    s_slots                                  0x20000434   Data          96  svc_scheduler.o(.bss..L_MergedGlobals)
    [Anonymous Symbol]                       0x200005b0   Section        0  cmd_queue.o(.bss.que.2)
    que.2                                    0x200005b0   Data         512  cmd_queue.o(.bss.que.2)
    STACK                                    0x200007b8   Section     1024  startup_stm32f407xx.o(STACK)

    Global Symbols

    Symbol Name                              Value     Ov Type        Size  Object(Section)

    BuildAttributes$$THM_ISAv4$E$P$D$K$B$S$7EM$VFPi3$EXTD16$VFPS$VFMA$PE$A:L22UL41UL21$X:L11$S22US41US21$IEEE1$IW$~IW$USESV6$~STKCKD$USESV7$~SHL$OSPACE$ROPI$EBA8$MICROLIB$REQ8$PRES8$EABIv2 0x00000000   Number         0  anon$$obj.o ABSOLUTE
    _printf_a                                0x00000000   Number         0  stubs.o ABSOLUTE
    _printf_c                                0x00000000   Number         0  stubs.o ABSOLUTE
    _printf_charcount                        0x00000000   Number         0  stubs.o ABSOLUTE
    _printf_d                                0x00000000   Number         0  stubs.o ABSOLUTE
    _printf_e                                0x00000000   Number         0  stubs.o ABSOLUTE
    _printf_f                                0x00000000   Number         0  stubs.o ABSOLUTE
    _printf_flags                            0x00000000   Number         0  stubs.o ABSOLUTE
    _printf_fp_dec                           0x00000000   Number         0  stubs.o ABSOLUTE
    _printf_fp_hex                           0x00000000   Number         0  stubs.o ABSOLUTE
    _printf_g                                0x00000000   Number         0  stubs.o ABSOLUTE
    _printf_i                                0x00000000   Number         0  stubs.o ABSOLUTE
    _printf_int_dec                          0x00000000   Number         0  stubs.o ABSOLUTE
    _printf_l                                0x00000000   Number         0  stubs.o ABSOLUTE
    _printf_lc                               0x00000000   Number         0  stubs.o ABSOLUTE
    _printf_ll                               0x00000000   Number         0  stubs.o ABSOLUTE
    _printf_lld                              0x00000000   Number         0  stubs.o ABSOLUTE
    _printf_lli                              0x00000000   Number         0  stubs.o ABSOLUTE
    _printf_llo                              0x00000000   Number         0  stubs.o ABSOLUTE
    _printf_llu                              0x00000000   Number         0  stubs.o ABSOLUTE
    _printf_llx                              0x00000000   Number         0  stubs.o ABSOLUTE
    _printf_longlong_dec                     0x00000000   Number         0  stubs.o ABSOLUTE
    _printf_longlong_hex                     0x00000000   Number         0  stubs.o ABSOLUTE
    _printf_longlong_oct                     0x00000000   Number         0  stubs.o ABSOLUTE
    _printf_ls                               0x00000000   Number         0  stubs.o ABSOLUTE
    _printf_mbtowc                           0x00000000   Number         0  stubs.o ABSOLUTE
    _printf_n                                0x00000000   Number         0  stubs.o ABSOLUTE
    _printf_o                                0x00000000   Number         0  stubs.o ABSOLUTE
    _printf_p                                0x00000000   Number         0  stubs.o ABSOLUTE
    _printf_percent                          0x00000000   Number         0  stubs.o ABSOLUTE
    _printf_pre_padding                      0x00000000   Number         0  stubs.o ABSOLUTE
    _printf_return_value                     0x00000000   Number         0  stubs.o ABSOLUTE
    _printf_s                                0x00000000   Number         0  stubs.o ABSOLUTE
    _printf_sizespec                         0x00000000   Number         0  stubs.o ABSOLUTE
    _printf_str                              0x00000000   Number         0  stubs.o ABSOLUTE
    _printf_truncate_signed                  0x00000000   Number         0  stubs.o ABSOLUTE
    _printf_truncate_unsigned                0x00000000   Number         0  stubs.o ABSOLUTE
    _printf_u                                0x00000000   Number         0  stubs.o ABSOLUTE
    _printf_wc                               0x00000000   Number         0  stubs.o ABSOLUTE
    _printf_wctomb                           0x00000000   Number         0  stubs.o ABSOLUTE
    _printf_widthprec                        0x00000000   Number         0  stubs.o ABSOLUTE
    _printf_x                                0x00000000   Number         0  stubs.o ABSOLUTE
    __cpp_initialize__aeabi_                  - Undefined Weak Reference
    __cxa_finalize                            - Undefined Weak Reference
    _clock_init                               - Undefined Weak Reference
    _microlib_exit                            - Undefined Weak Reference
    __Vectors_Size                           0x00000188   Number         0  startup_stm32f407xx.o ABSOLUTE
    __Vectors                                0x08000000   Data           4  startup_stm32f407xx.o(RESET)
    __Vectors_End                            0x08000188   Data           0  startup_stm32f407xx.o(RESET)
    __main                                   0x08000189   Thumb Code     0  entry.o(.ARM.Collect$$$$00000000)
    _main_stk                                0x08000189   Thumb Code     0  entry2.o(.ARM.Collect$$$$00000001)
    _main_scatterload                        0x0800018d   Thumb Code     0  entry5.o(.ARM.Collect$$$$00000004)
    __main_after_scatterload                 0x08000191   Thumb Code     0  entry5.o(.ARM.Collect$$$$00000004)
    _main_clock                              0x08000191   Thumb Code     0  entry7b.o(.ARM.Collect$$$$00000008)
    _main_cpp_init                           0x08000191   Thumb Code     0  entry8b.o(.ARM.Collect$$$$0000000A)
    _main_init                               0x08000191   Thumb Code     0  entry9a.o(.ARM.Collect$$$$0000000B)
    __rt_final_cpp                           0x08000199   Thumb Code     0  entry10a.o(.ARM.Collect$$$$0000000D)
    __rt_final_exit                          0x08000199   Thumb Code     0  entry11a.o(.ARM.Collect$$$$0000000F)
    Reset_Handler                            0x0800019d   Thumb Code     8  startup_stm32f407xx.o(.text)
    ADC_IRQHandler                           0x080001b7   Thumb Code     0  startup_stm32f407xx.o(.text)
    CAN1_RX0_IRQHandler                      0x080001b7   Thumb Code     0  startup_stm32f407xx.o(.text)
    CAN1_RX1_IRQHandler                      0x080001b7   Thumb Code     0  startup_stm32f407xx.o(.text)
    CAN1_SCE_IRQHandler                      0x080001b7   Thumb Code     0  startup_stm32f407xx.o(.text)
    CAN1_TX_IRQHandler                       0x080001b7   Thumb Code     0  startup_stm32f407xx.o(.text)
    CAN2_RX0_IRQHandler                      0x080001b7   Thumb Code     0  startup_stm32f407xx.o(.text)
    CAN2_RX1_IRQHandler                      0x080001b7   Thumb Code     0  startup_stm32f407xx.o(.text)
    CAN2_SCE_IRQHandler                      0x080001b7   Thumb Code     0  startup_stm32f407xx.o(.text)
    CAN2_TX_IRQHandler                       0x080001b7   Thumb Code     0  startup_stm32f407xx.o(.text)
    DCMI_IRQHandler                          0x080001b7   Thumb Code     0  startup_stm32f407xx.o(.text)
    DMA1_Stream0_IRQHandler                  0x080001b7   Thumb Code     0  startup_stm32f407xx.o(.text)
    DMA1_Stream1_IRQHandler                  0x080001b7   Thumb Code     0  startup_stm32f407xx.o(.text)
    DMA1_Stream2_IRQHandler                  0x080001b7   Thumb Code     0  startup_stm32f407xx.o(.text)
    DMA1_Stream3_IRQHandler                  0x080001b7   Thumb Code     0  startup_stm32f407xx.o(.text)
    DMA1_Stream4_IRQHandler                  0x080001b7   Thumb Code     0  startup_stm32f407xx.o(.text)
    DMA1_Stream5_IRQHandler                  0x080001b7   Thumb Code     0  startup_stm32f407xx.o(.text)
    DMA1_Stream6_IRQHandler                  0x080001b7   Thumb Code     0  startup_stm32f407xx.o(.text)
    DMA1_Stream7_IRQHandler                  0x080001b7   Thumb Code     0  startup_stm32f407xx.o(.text)
    DMA2_Stream0_IRQHandler                  0x080001b7   Thumb Code     0  startup_stm32f407xx.o(.text)
    DMA2_Stream1_IRQHandler                  0x080001b7   Thumb Code     0  startup_stm32f407xx.o(.text)
    DMA2_Stream2_IRQHandler                  0x080001b7   Thumb Code     0  startup_stm32f407xx.o(.text)
    DMA2_Stream3_IRQHandler                  0x080001b7   Thumb Code     0  startup_stm32f407xx.o(.text)
    DMA2_Stream4_IRQHandler                  0x080001b7   Thumb Code     0  startup_stm32f407xx.o(.text)
    DMA2_Stream5_IRQHandler                  0x080001b7   Thumb Code     0  startup_stm32f407xx.o(.text)
    DMA2_Stream6_IRQHandler                  0x080001b7   Thumb Code     0  startup_stm32f407xx.o(.text)
    DMA2_Stream7_IRQHandler                  0x080001b7   Thumb Code     0  startup_stm32f407xx.o(.text)
    ETH_IRQHandler                           0x080001b7   Thumb Code     0  startup_stm32f407xx.o(.text)
    ETH_WKUP_IRQHandler                      0x080001b7   Thumb Code     0  startup_stm32f407xx.o(.text)
    EXTI0_IRQHandler                         0x080001b7   Thumb Code     0  startup_stm32f407xx.o(.text)
    EXTI15_10_IRQHandler                     0x080001b7   Thumb Code     0  startup_stm32f407xx.o(.text)
    EXTI1_IRQHandler                         0x080001b7   Thumb Code     0  startup_stm32f407xx.o(.text)
    EXTI2_IRQHandler                         0x080001b7   Thumb Code     0  startup_stm32f407xx.o(.text)
    EXTI3_IRQHandler                         0x080001b7   Thumb Code     0  startup_stm32f407xx.o(.text)
    EXTI4_IRQHandler                         0x080001b7   Thumb Code     0  startup_stm32f407xx.o(.text)
    EXTI9_5_IRQHandler                       0x080001b7   Thumb Code     0  startup_stm32f407xx.o(.text)
    FLASH_IRQHandler                         0x080001b7   Thumb Code     0  startup_stm32f407xx.o(.text)
    FMC_IRQHandler                           0x080001b7   Thumb Code     0  startup_stm32f407xx.o(.text)
    FPU_IRQHandler                           0x080001b7   Thumb Code     0  startup_stm32f407xx.o(.text)
    HASH_RNG_IRQHandler                      0x080001b7   Thumb Code     0  startup_stm32f407xx.o(.text)
    I2C1_ER_IRQHandler                       0x080001b7   Thumb Code     0  startup_stm32f407xx.o(.text)
    I2C1_EV_IRQHandler                       0x080001b7   Thumb Code     0  startup_stm32f407xx.o(.text)
    I2C2_ER_IRQHandler                       0x080001b7   Thumb Code     0  startup_stm32f407xx.o(.text)
    I2C2_EV_IRQHandler                       0x080001b7   Thumb Code     0  startup_stm32f407xx.o(.text)
    I2C3_ER_IRQHandler                       0x080001b7   Thumb Code     0  startup_stm32f407xx.o(.text)
    I2C3_EV_IRQHandler                       0x080001b7   Thumb Code     0  startup_stm32f407xx.o(.text)
    OTG_FS_IRQHandler                        0x080001b7   Thumb Code     0  startup_stm32f407xx.o(.text)
    OTG_FS_WKUP_IRQHandler                   0x080001b7   Thumb Code     0  startup_stm32f407xx.o(.text)
    OTG_HS_EP1_IN_IRQHandler                 0x080001b7   Thumb Code     0  startup_stm32f407xx.o(.text)
    OTG_HS_EP1_OUT_IRQHandler                0x080001b7   Thumb Code     0  startup_stm32f407xx.o(.text)
    OTG_HS_IRQHandler                        0x080001b7   Thumb Code     0  startup_stm32f407xx.o(.text)
    OTG_HS_WKUP_IRQHandler                   0x080001b7   Thumb Code     0  startup_stm32f407xx.o(.text)
    PVD_IRQHandler                           0x080001b7   Thumb Code     0  startup_stm32f407xx.o(.text)
    RCC_IRQHandler                           0x080001b7   Thumb Code     0  startup_stm32f407xx.o(.text)
    RTC_Alarm_IRQHandler                     0x080001b7   Thumb Code     0  startup_stm32f407xx.o(.text)
    RTC_WKUP_IRQHandler                      0x080001b7   Thumb Code     0  startup_stm32f407xx.o(.text)
    SDIO_IRQHandler                          0x080001b7   Thumb Code     0  startup_stm32f407xx.o(.text)
    SPI1_IRQHandler                          0x080001b7   Thumb Code     0  startup_stm32f407xx.o(.text)
    SPI2_IRQHandler                          0x080001b7   Thumb Code     0  startup_stm32f407xx.o(.text)
    SPI3_IRQHandler                          0x080001b7   Thumb Code     0  startup_stm32f407xx.o(.text)
    TAMP_STAMP_IRQHandler                    0x080001b7   Thumb Code     0  startup_stm32f407xx.o(.text)
    TIM1_BRK_TIM9_IRQHandler                 0x080001b7   Thumb Code     0  startup_stm32f407xx.o(.text)
    TIM1_CC_IRQHandler                       0x080001b7   Thumb Code     0  startup_stm32f407xx.o(.text)
    TIM1_TRG_COM_TIM11_IRQHandler            0x080001b7   Thumb Code     0  startup_stm32f407xx.o(.text)
    TIM1_UP_TIM10_IRQHandler                 0x080001b7   Thumb Code     0  startup_stm32f407xx.o(.text)
    TIM2_IRQHandler                          0x080001b7   Thumb Code     0  startup_stm32f407xx.o(.text)
    TIM3_IRQHandler                          0x080001b7   Thumb Code     0  startup_stm32f407xx.o(.text)
    TIM4_IRQHandler                          0x080001b7   Thumb Code     0  startup_stm32f407xx.o(.text)
    TIM5_IRQHandler                          0x080001b7   Thumb Code     0  startup_stm32f407xx.o(.text)
    TIM7_IRQHandler                          0x080001b7   Thumb Code     0  startup_stm32f407xx.o(.text)
    TIM8_BRK_TIM12_IRQHandler                0x080001b7   Thumb Code     0  startup_stm32f407xx.o(.text)
    TIM8_CC_IRQHandler                       0x080001b7   Thumb Code     0  startup_stm32f407xx.o(.text)
    TIM8_TRG_COM_TIM14_IRQHandler            0x080001b7   Thumb Code     0  startup_stm32f407xx.o(.text)
    TIM8_UP_TIM13_IRQHandler                 0x080001b7   Thumb Code     0  startup_stm32f407xx.o(.text)
    UART4_IRQHandler                         0x080001b7   Thumb Code     0  startup_stm32f407xx.o(.text)
    UART5_IRQHandler                         0x080001b7   Thumb Code     0  startup_stm32f407xx.o(.text)
    USART2_IRQHandler                        0x080001b7   Thumb Code     0  startup_stm32f407xx.o(.text)
    USART3_IRQHandler                        0x080001b7   Thumb Code     0  startup_stm32f407xx.o(.text)
    USART6_IRQHandler                        0x080001b7   Thumb Code     0  startup_stm32f407xx.o(.text)
    WWDG_IRQHandler                          0x080001b7   Thumb Code     0  startup_stm32f407xx.o(.text)
    __aeabi_uldivmod                         0x080001c1   Thumb Code    98  uldiv.o(.text)
    __aeabi_memset                           0x08000223   Thumb Code    14  memseta.o(.text)
    __aeabi_memset4                          0x08000223   Thumb Code     0  memseta.o(.text)
    __aeabi_memset8                          0x08000223   Thumb Code     0  memseta.o(.text)
    __aeabi_memclr                           0x08000231   Thumb Code     4  memseta.o(.text)
    __aeabi_memclr4                          0x08000231   Thumb Code     0  memseta.o(.text)
    __aeabi_memclr8                          0x08000231   Thumb Code     0  memseta.o(.text)
    _memset$wrapper                          0x08000235   Thumb Code    18  memseta.o(.text)
    __aeabi_llsl                             0x08000247   Thumb Code    30  llshl.o(.text)
    _ll_shift_l                              0x08000247   Thumb Code     0  llshl.o(.text)
    __aeabi_llsr                             0x08000265   Thumb Code    32  llushr.o(.text)
    _ll_ushift_r                             0x08000265   Thumb Code     0  llushr.o(.text)
    __scatterload                            0x08000285   Thumb Code    28  init.o(.text)
    __scatterload_rt2                        0x08000285   Thumb Code     0  init.o(.text)
    __decompress                             0x080002a9   Thumb Code     0  __dczerorl2.o(.text)
    __decompress1                            0x080002a9   Thumb Code    86  __dczerorl2.o(.text)
    Actuator_AirFan_Off                      0x08000301   Thumb Code    16  bsp_actuator.o(.text.Actuator_AirFan_Off)
    Actuator_AirFan_On                       0x0800030d   Thumb Code    16  bsp_actuator.o(.text.Actuator_AirFan_On)
    Actuator_AllOff                          0x08000319   Thumb Code    78  bsp_actuator.o(.text.Actuator_AllOff)
    Actuator_Anion_Off                       0x08000369   Thumb Code    16  bsp_actuator.o(.text.Actuator_Anion_Off)
    Actuator_Anion_On                        0x08000375   Thumb Code    16  bsp_actuator.o(.text.Actuator_Anion_On)
    Actuator_FanHot_Off                      0x08000381   Thumb Code    16  bsp_actuator.o(.text.Actuator_FanHot_Off)
    Actuator_FanHot_On                       0x0800038d   Thumb Code    16  bsp_actuator.o(.text.Actuator_FanHot_On)
    Actuator_H_VacuumFan_Off                 0x08000399   Thumb Code    16  bsp_actuator.o(.text.Actuator_H_VacuumFan_Off)
    Actuator_H_VacuumFan_On                  0x080003a5   Thumb Code    16  bsp_actuator.o(.text.Actuator_H_VacuumFan_On)
    Actuator_HotFan_Off                      0x080003b5   Thumb Code    16  bsp_actuator.o(.text.Actuator_HotFan_Off)
    Actuator_HotFan_On                       0x080003c1   Thumb Code    16  bsp_actuator.o(.text.Actuator_HotFan_On)
    Actuator_RO_Pump_Off                     0x080003cd   Thumb Code    16  bsp_actuator.o(.text.Actuator_RO_Pump_Off)
    Actuator_RO_Pump_On                      0x080003d9   Thumb Code    16  bsp_actuator.o(.text.Actuator_RO_Pump_On)
    Actuator_S_RO_Pump_Off                   0x080003e5   Thumb Code    16  bsp_actuator.o(.text.Actuator_S_RO_Pump_Off)
    Actuator_S_RO_Pump_On                    0x080003f1   Thumb Code    16  bsp_actuator.o(.text.Actuator_S_RO_Pump_On)
    Actuator_VacuumFan_Off                   0x080003fd   Thumb Code    16  bsp_actuator.o(.text.Actuator_VacuumFan_Off)
    Actuator_VacuumFan_On                    0x08000409   Thumb Code    16  bsp_actuator.o(.text.Actuator_VacuumFan_On)
    Actuator_Valve10_Off                     0x08000415   Thumb Code    16  bsp_actuator.o(.text.Actuator_Valve10_Off)
    Actuator_Valve10_On                      0x08000421   Thumb Code    16  bsp_actuator.o(.text.Actuator_Valve10_On)
    Actuator_Valve1_Off                      0x0800042d   Thumb Code    16  bsp_actuator.o(.text.Actuator_Valve1_Off)
    Actuator_Valve1_On                       0x08000439   Thumb Code    16  bsp_actuator.o(.text.Actuator_Valve1_On)
    Actuator_Valve2_Off                      0x08000445   Thumb Code    16  bsp_actuator.o(.text.Actuator_Valve2_Off)
    Actuator_Valve2_On                       0x08000451   Thumb Code    16  bsp_actuator.o(.text.Actuator_Valve2_On)
    Actuator_Valve3_Off                      0x0800045d   Thumb Code    16  bsp_actuator.o(.text.Actuator_Valve3_Off)
    Actuator_Valve3_On                       0x08000469   Thumb Code    16  bsp_actuator.o(.text.Actuator_Valve3_On)
    Actuator_Valve4_5_Off                    0x08000475   Thumb Code    16  bsp_actuator.o(.text.Actuator_Valve4_5_Off)
    Actuator_Valve4_5_On                     0x08000481   Thumb Code    16  bsp_actuator.o(.text.Actuator_Valve4_5_On)
    Actuator_Valve6_Off                      0x0800048d   Thumb Code    16  bsp_actuator.o(.text.Actuator_Valve6_Off)
    Actuator_Valve6_On                       0x08000499   Thumb Code    16  bsp_actuator.o(.text.Actuator_Valve6_On)
    Actuator_Valve7_Off                      0x080004a5   Thumb Code    16  bsp_actuator.o(.text.Actuator_Valve7_Off)
    Actuator_Valve7_On                       0x080004b1   Thumb Code    16  bsp_actuator.o(.text.Actuator_Valve7_On)
    Actuator_Valve8_Off                      0x080004bd   Thumb Code    16  bsp_actuator.o(.text.Actuator_Valve8_Off)
    Actuator_Valve8_On                       0x080004c9   Thumb Code    16  bsp_actuator.o(.text.Actuator_Valve8_On)
    Actuator_Valve9_Off                      0x080004d5   Thumb Code    16  bsp_actuator.o(.text.Actuator_Valve9_Off)
    Actuator_Valve9_On                       0x080004e1   Thumb Code    16  bsp_actuator.o(.text.Actuator_Valve9_On)
    Actuator_WaterHot_Off                    0x080004f1   Thumb Code    16  bsp_actuator.o(.text.Actuator_WaterHot_Off)
    Actuator_WaterHot_On                     0x080004fd   Thumb Code    16  bsp_actuator.o(.text.Actuator_WaterHot_On)
    BSP_Console_Init                         0x0800050d   Thumb Code     2  bsp_console.o(.text.BSP_Console_Init)
    BusFault_Handler                         0x0800050f   Thumb Code     2  stm32f4xx_it.o(.text.BusFault_Handler)
    DebugMon_Handler                         0x08000511   Thumb Code     2  stm32f4xx_it.o(.text.DebugMon_Handler)
    Error_Handler                            0x08000513   Thumb Code     4  main.o(.text.Error_Handler)
    FlowManager_Init                         0x08000519   Thumb Code    20  app_flow_manager.o(.text.FlowManager_Init)
    FlowManager_IsActive                     0x08000529   Thumb Code    16  app_flow_manager.o(.text.FlowManager_IsActive)
    FlowManager_Start                        0x08000535   Thumb Code    48  app_flow_manager.o(.text.FlowManager_Start)
    FlowManager_Stop                         0x08000561   Thumb Code    20  app_flow_manager.o(.text.FlowManager_Stop)
    FlowManager_Tick                         0x08000571   Thumb Code    48  app_flow_manager.o(.text.FlowManager_Tick)
    Flow_GetStepDuration                     0x080005a1   Thumb Code   132  app_workflows.o(.text.Flow_GetStepDuration)
    Flow_OnFinished_Clean                    0x08000625   Thumb Code    10  app_workflows.o(.text.Flow_OnFinished_Clean)
    Flow_OnFinished_CleanAir                 0x0800062f   Thumb Code    10  app_workflows.o(.text.Flow_OnFinished_CleanAir)
    Flow_OnFinished_Defecate                 0x08000639   Thumb Code    10  app_workflows.o(.text.Flow_OnFinished_Defecate)
    Flow_OnFinished_Dry                      0x08000643   Thumb Code    10  app_workflows.o(.text.Flow_OnFinished_Dry)
    Flow_OnFinished_Urinate                  0x0800064d   Thumb Code    10  app_workflows.o(.text.Flow_OnFinished_Urinate)
    Flow_OnFinished_VacSelfClean             0x08000657   Thumb Code    10  app_workflows.o(.text.Flow_OnFinished_VacSelfClean)
    HAL_DMA_Abort                            0x08000661   Thumb Code   132  stm32f4xx_hal_dma.o(.text.HAL_DMA_Abort)
    HAL_DMA_Abort_IT                         0x080006e5   Thumb Code    36  stm32f4xx_hal_dma.o(.text.HAL_DMA_Abort_IT)
    HAL_Delay                                0x08000709   Thumb Code    44  stm32f4xx_hal.o(.text.HAL_Delay)
    HAL_GPIO_Init                            0x08000731   Thumb Code   400  stm32f4xx_hal_gpio.o(.text.HAL_GPIO_Init)
    HAL_GPIO_WritePin                        0x080008c1   Thumb Code    10  stm32f4xx_hal_gpio.o(.text.HAL_GPIO_WritePin)
    HAL_GetTick                              0x080008cd   Thumb Code    12  stm32f4xx_hal.o(.text.HAL_GetTick)
    HAL_IncTick                              0x080008d5   Thumb Code    16  stm32f4xx_hal.o(.text.HAL_IncTick)
    HAL_Init                                 0x080008e1   Thumb Code    52  stm32f4xx_hal.o(.text.HAL_Init)
    HAL_InitTick                             0x08000915   Thumb Code    64  stm32f4xx_hal.o(.text.HAL_InitTick)
    HAL_MspInit                              0x08000951   Thumb Code    56  stm32f4xx_hal_msp.o(.text.HAL_MspInit)
    HAL_NVIC_EnableIRQ                       0x08000989   Thumb Code    28  stm32f4xx_hal_cortex.o(.text.HAL_NVIC_EnableIRQ)
    HAL_NVIC_SetPriority                     0x080009a5   Thumb Code    92  stm32f4xx_hal_cortex.o(.text.HAL_NVIC_SetPriority)
    HAL_NVIC_SetPriorityGrouping             0x080009fd   Thumb Code    32  stm32f4xx_hal_cortex.o(.text.HAL_NVIC_SetPriorityGrouping)
    HAL_RCC_ClockConfig                      0x08000a1d   Thumb Code   304  stm32f4xx_hal_rcc.o(.text.HAL_RCC_ClockConfig)
    HAL_RCC_GetPCLK1Freq                     0x08000b49   Thumb Code    32  stm32f4xx_hal_rcc.o(.text.HAL_RCC_GetPCLK1Freq)
    HAL_RCC_GetPCLK2Freq                     0x08000b5d   Thumb Code    32  stm32f4xx_hal_rcc.o(.text.HAL_RCC_GetPCLK2Freq)
    HAL_RCC_GetSysClockFreq                  0x08000b7d   Thumb Code   100  stm32f4xx_hal_rcc.o(.text.HAL_RCC_GetSysClockFreq)
    HAL_RCC_OscConfig                        0x08000bdd   Thumb Code   884  stm32f4xx_hal_rcc.o(.text.HAL_RCC_OscConfig)
    HAL_SYSTICK_Callback                     0x08000f51   Thumb Code    16  bsp_systick.o(.text.HAL_SYSTICK_Callback)
    HAL_SYSTICK_Config                       0x08000f61   Thumb Code    40  stm32f4xx_hal_cortex.o(.text.HAL_SYSTICK_Config)
    HAL_SYSTICK_IRQHandler                   0x08000f89   Thumb Code     4  stm32f4xx_hal_cortex.o(.text.HAL_SYSTICK_IRQHandler)
    HAL_TIMEx_BreakCallback                  0x08000f8d   Thumb Code     2  stm32f4xx_hal_tim_ex.o(.text.HAL_TIMEx_BreakCallback)
    HAL_TIMEx_CommutCallback                 0x08000f8f   Thumb Code     2  stm32f4xx_hal_tim_ex.o(.text.HAL_TIMEx_CommutCallback)
    HAL_TIM_IC_CaptureCallback               0x08000f91   Thumb Code     2  stm32f4xx_hal_tim.o(.text.HAL_TIM_IC_CaptureCallback)
    HAL_TIM_IRQHandler                       0x08000f93   Thumb Code   282  stm32f4xx_hal_tim.o(.text.HAL_TIM_IRQHandler)
    HAL_TIM_OC_DelayElapsedCallback          0x080010ad   Thumb Code     2  stm32f4xx_hal_tim.o(.text.HAL_TIM_OC_DelayElapsedCallback)
    HAL_TIM_PWM_PulseFinishedCallback        0x080010af   Thumb Code     2  stm32f4xx_hal_tim.o(.text.HAL_TIM_PWM_PulseFinishedCallback)
    HAL_TIM_PeriodElapsedCallback            0x080010b1   Thumb Code     2  stm32f4xx_hal_tim.o(.text.HAL_TIM_PeriodElapsedCallback)
    HAL_TIM_TriggerCallback                  0x080010b3   Thumb Code     2  stm32f4xx_hal_tim.o(.text.HAL_TIM_TriggerCallback)
    HAL_UARTEx_RxEventCallback               0x080010b5   Thumb Code     2  stm32f4xx_hal_uart.o(.text.HAL_UARTEx_RxEventCallback)
    HAL_UART_ErrorCallback                   0x080010b7   Thumb Code     2  stm32f4xx_hal_uart.o(.text.HAL_UART_ErrorCallback)
    HAL_UART_IRQHandler                      0x080010b9   Thumb Code   696  stm32f4xx_hal_uart.o(.text.HAL_UART_IRQHandler)
    HAL_UART_Init                            0x08001371   Thumb Code    94  stm32f4xx_hal_uart.o(.text.HAL_UART_Init)
    HAL_UART_MspInit                         0x080013d1   Thumb Code   212  usart.o(.text.HAL_UART_MspInit)
    HAL_UART_Receive_IT                      0x08001499   Thumb Code    32  stm32f4xx_hal_uart.o(.text.HAL_UART_Receive_IT)
    HAL_UART_RxCpltCallback                  0x080014b9   Thumb Code    60  hmi.o(.text.HAL_UART_RxCpltCallback)
    HAL_UART_Transmit                        0x080014ed   Thumb Code   174  stm32f4xx_hal_uart.o(.text.HAL_UART_Transmit)
    HAL_UART_TxCpltCallback                  0x0800159b   Thumb Code     2  stm32f4xx_hal_uart.o(.text.HAL_UART_TxCpltCallback)
    HMI_ProcessTask                          0x0800159d   Thumb Code    84  app_tasks.o(.text.HMI_ProcessTask)
    HardFault_Handler                        0x080015f1   Thumb Code     2  stm32f4xx_it.o(.text.HardFault_Handler)
    MX_GPIO_Init                             0x080015f5   Thumb Code   264  gpio.o(.text.MX_GPIO_Init)
    MX_USART1_UART_Init                      0x080016fd   Thumb Code    56  usart.o(.text.MX_USART1_UART_Init)
    MX_USART3_UART_Init                      0x08001735   Thumb Code    56  usart.o(.text.MX_USART3_UART_Init)
    MemManage_Handler                        0x0800176d   Thumb Code     2  stm32f4xx_it.o(.text.MemManage_Handler)
    NMI_Handler                              0x0800176f   Thumb Code     2  stm32f4xx_it.o(.text.NMI_Handler)
    NotifyButton                             0x08001771   Thumb Code   516  hmi.o(.text.NotifyButton)
    NotifyReadRTC                            0x0800195d   Thumb Code   316  hmi.o(.text.NotifyReadRTC)
    NotifyScreen                             0x08001a99   Thumb Code   104  hmi.o(.text.NotifyScreen)
    PendSV_Handler                           0x08001af5   Thumb Code     2  stm32f4xx_it.o(.text.PendSV_Handler)
    ProcessMessage                           0x08001af9   Thumb Code   108  hmi.o(.text.ProcessMessage)
    RefreshAllScreensData                    0x08001b65   Thumb Code   100  app_tasks.o(.text.RefreshAllScreensData)
    RefreshFlowStepTimes                     0x08001bc9   Thumb Code    68  app_tasks.o(.text.RefreshFlowStepTimes)
    SVC_Handler                              0x08001c0d   Thumb Code     2  stm32f4xx_it.o(.text.SVC_Handler)
    Sched_Init                               0x08001c11   Thumb Code    32  svc_scheduler.o(.text.Sched_Init)
    Sched_Register                           0x08001c2d   Thumb Code    48  svc_scheduler.o(.text.Sched_Register)
    Sched_Run                                0x08001c59   Thumb Code    72  svc_scheduler.o(.text.Sched_Run)
    SendChar                                 0x08001ca1   Thumb Code    40  hmi.o(.text.SendChar)
    SendStrings                              0x08001cc9   Thumb Code    20  hmi_driver.o(.text.SendStrings)
    SetButtonValue                           0x08001cdd   Thumb Code    68  hmi_driver.o(.text.SetButtonValue)
    SetTextInt32                             0x08001d1d   Thumb Code   116  hmi_driver.o(.text.SetTextInt32)
    SetTextValue                             0x08001d8d   Thumb Code    72  hmi_driver.o(.text.SetTextValue)
    SysTick_Handler                          0x08001dd5   Thumb Code    14  stm32f4xx_it.o(.text.SysTick_Handler)
    SystemClock_Config                       0x08001de5   Thumb Code   156  main.o(.text.SystemClock_Config)
    SystemInit                               0x08001e81   Thumb Code    16  system_stm32f4xx.o(.text.SystemInit)
    TIM6_DAC_IRQHandler                      0x08001e91   Thumb Code    12  stm32f4xx_it.o(.text.TIM6_DAC_IRQHandler)
    UART_Start_Receive_IT                    0x0800208d   Thumb Code    50  stm32f4xx_hal_uart.o(.text.UART_Start_Receive_IT)
    USART1_IRQHandler                        0x08002131   Thumb Code    12  stm32f4xx_it.o(.text.USART1_IRQHandler)
    UpdateUI                                 0x08002139   Thumb Code     2  hmi.o(.text.UpdateUI)
    UsageFault_Handler                       0x0800213b   Thumb Code     2  stm32f4xx_it.o(.text.UsageFault_Handler)
    fputc                                    0x08002165   Thumb Code    28  bsp_console.o(.text.fputc)
    main                                     0x08002181   Thumb Code   196  main.o(.text.main)
    queue_find_cmd                           0x08002245   Thumb Code   152  cmd_queue.o(.text.queue_find_cmd)
    queue_push                               0x080022d5   Thumb Code    40  cmd_queue.o(.text.queue_push)
    queue_reset                              0x080022f9   Thumb Code    20  cmd_queue.o(.text.queue_reset)
    __0printf$8                              0x0800277d   Thumb Code    22  printf8.o(i.__0printf$8)
    __1printf$8                              0x0800277d   Thumb Code     0  printf8.o(i.__0printf$8)
    __2printf                                0x0800277d   Thumb Code     0  printf8.o(i.__0printf$8)
    __0sprintf$8                             0x0800279d   Thumb Code    34  printf8.o(i.__0sprintf$8)
    __1sprintf$8                             0x0800279d   Thumb Code     0  printf8.o(i.__0sprintf$8)
    __2sprintf                               0x0800279d   Thumb Code     0  printf8.o(i.__0sprintf$8)
    __scatterload_copy                       0x080027c5   Thumb Code    14  handlers.o(i.__scatterload_copy)
    __scatterload_null                       0x080027d3   Thumb Code     2  handlers.o(i.__scatterload_null)
    __scatterload_zeroinit                   0x080027d5   Thumb Code    14  handlers.o(i.__scatterload_zeroinit)
    puts                                     0x08002c51   Thumb Code    30  puts.o(i.puts)
    AHBPrescTable                            0x08002c74   Data          16  system_stm32f4xx.o(.rodata.AHBPrescTable)
    APBPrescTable                            0x08002c84   Data           8  system_stm32f4xx.o(.rodata.APBPrescTable)
    Flow_Clean                               0x08002c8c   Data          12  app_workflows.o(.rodata.Flow_Clean)
    Flow_CleanAir                            0x08002c98   Data          12  app_workflows.o(.rodata.Flow_CleanAir)
    Flow_Defecate                            0x08002ca4   Data          12  app_workflows.o(.rodata.Flow_Defecate)
    Flow_Dry                                 0x08002cb0   Data          12  app_workflows.o(.rodata.Flow_Dry)
    Flow_Urinate                             0x08002cbc   Data          12  app_workflows.o(.rodata.Flow_Urinate)
    Flow_VacSelfClean                        0x08002cc8   Data          12  app_workflows.o(.rodata.Flow_VacSelfClean)
    Region$$Table$$Base                      0x08002d2c   Number         0  anon$$obj.o(Region$$Table)
    Region$$Table$$Limit                     0x08002d4c   Number         0  anon$$obj.o(Region$$Table)
    __stdout                                 0x20000000   Data           4  stdout.o(.data)
    uwTickFreq                               0x20000004   Data           1  stm32f4xx_hal.o(.data..L_MergedGlobals)
    uwTickPrio                               0x20000008   Data           4  stm32f4xx_hal.o(.data..L_MergedGlobals)
    uwTick                                   0x2000000c   Data           4  stm32f4xx_hal.o(.data..L_MergedGlobals)
    SystemCoreClock                          0x200000b0   Data           4  system_stm32f4xx.o(.data.SystemCoreClock)
    debug_rx_byte                            0x20000410   Data           1  hmi.o(.bss..L_MergedGlobals)
    debug_print_flag                         0x20000411   Data           1  hmi.o(.bss..L_MergedGlobals)
    uart_rx_buf                              0x20000412   Data           1  hmi.o(.bss..L_MergedGlobals)
    cmd_buffer                               0x20000494   Data          64  hmi.o(.bss.cmd_buffer)
    g_tick_ms                                0x200004d4   Data           4  bsp_systick.o(.bss.g_tick_ms)
    htim6                                    0x200004d8   Data          72  tim.o(.bss.htim6)
    huart1                                   0x20000520   Data          72  usart.o(.bss.huart1)
    huart3                                   0x20000568   Data          72  usart.o(.bss.huart3)
    size                                     0x200007b0   Data           2  app_tasks.o(.bss.size)
    __initial_sp                             0x20000bb8   Data           0  startup_stm32f407xx.o(STACK)



==============================================================================

Memory Map of the image

  Image Entry point : 0x08000189

  Load Region LR_IROM1 (Base: 0x08000000, Size: 0x00003160, Max: 0x00080000, ABSOLUTE, COMPRESSED[0x00002f50])

    Execution Region ER_IROM1 (Exec base: 0x08000000, Load base: 0x08000000, Size: 0x00002d4c, Max: 0x00080000, ABSOLUTE)

    Exec Addr    Load Addr    Size         Type   Attr      Idx    E Section Name        Object

    0x08000000   0x08000000   0x00000188   Data   RO            3    RESET               startup_stm32f407xx.o
    0x08000188   0x08000188   0x00000000   Code   RO         1829  * .ARM.Collect$$$$00000000  mc_w.l(entry.o)
    0x08000188   0x08000188   0x00000004   Code   RO         2101    .ARM.Collect$$$$00000001  mc_w.l(entry2.o)
    0x0800018c   0x0800018c   0x00000004   Code   RO         2104    .ARM.Collect$$$$00000004  mc_w.l(entry5.o)
    0x08000190   0x08000190   0x00000000   Code   RO         2106    .ARM.Collect$$$$00000008  mc_w.l(entry7b.o)
    0x08000190   0x08000190   0x00000000   Code   RO         2108    .ARM.Collect$$$$0000000A  mc_w.l(entry8b.o)
    0x08000190   0x08000190   0x00000008   Code   RO         2109    .ARM.Collect$$$$0000000B  mc_w.l(entry9a.o)
    0x08000198   0x08000198   0x00000000   Code   RO         2111    .ARM.Collect$$$$0000000D  mc_w.l(entry10a.o)
    0x08000198   0x08000198   0x00000000   Code   RO         2113    .ARM.Collect$$$$0000000F  mc_w.l(entry11a.o)
    0x08000198   0x08000198   0x00000004   Code   RO         2102    .ARM.Collect$$$$00002712  mc_w.l(entry2.o)
    0x0800019c   0x0800019c   0x00000024   Code   RO            4    .text               startup_stm32f407xx.o
    0x080001c0   0x080001c0   0x00000062   Code   RO         1836    .text               mc_w.l(uldiv.o)
    0x08000222   0x08000222   0x00000024   Code   RO         1838    .text               mc_w.l(memseta.o)
    0x08000246   0x08000246   0x0000001e   Code   RO         2118    .text               mc_w.l(llshl.o)
    0x08000264   0x08000264   0x00000020   Code   RO         2120    .text               mc_w.l(llushr.o)
    0x08000284   0x08000284   0x00000024   Code   RO         2133    .text               mc_w.l(init.o)
    0x080002a8   0x080002a8   0x00000056   Code   RO         2147    .text               mc_w.l(__dczerorl2.o)
    0x080002fe   0x080002fe   0x00000002   PAD
    0x08000300   0x08000300   0x0000000c   Code   RO         1473    .text.Actuator_AirFan_Off  bsp_actuator.o
    0x0800030c   0x0800030c   0x0000000c   Code   RO         1471    .text.Actuator_AirFan_On  bsp_actuator.o
    0x08000318   0x08000318   0x0000004e   Code   RO         1491    .text.Actuator_AllOff  bsp_actuator.o
    0x08000366   0x08000366   0x00000002   PAD
    0x08000368   0x08000368   0x0000000c   Code   RO         1489    .text.Actuator_Anion_Off  bsp_actuator.o
    0x08000374   0x08000374   0x0000000c   Code   RO         1487    .text.Actuator_Anion_On  bsp_actuator.o
    0x08000380   0x08000380   0x0000000c   Code   RO         1481    .text.Actuator_FanHot_Off  bsp_actuator.o
    0x0800038c   0x0800038c   0x0000000c   Code   RO         1479    .text.Actuator_FanHot_On  bsp_actuator.o
    0x08000398   0x08000398   0x0000000c   Code   RO         1465    .text.Actuator_H_VacuumFan_Off  bsp_actuator.o
    0x080003a4   0x080003a4   0x00000010   Code   RO         1463    .text.Actuator_H_VacuumFan_On  bsp_actuator.o
    0x080003b4   0x080003b4   0x0000000c   Code   RO         1477    .text.Actuator_HotFan_Off  bsp_actuator.o
    0x080003c0   0x080003c0   0x0000000c   Code   RO         1475    .text.Actuator_HotFan_On  bsp_actuator.o
    0x080003cc   0x080003cc   0x0000000c   Code   RO         1457    .text.Actuator_RO_Pump_Off  bsp_actuator.o
    0x080003d8   0x080003d8   0x0000000c   Code   RO         1455    .text.Actuator_RO_Pump_On  bsp_actuator.o
    0x080003e4   0x080003e4   0x0000000c   Code   RO         1461    .text.Actuator_S_RO_Pump_Off  bsp_actuator.o
    0x080003f0   0x080003f0   0x0000000c   Code   RO         1459    .text.Actuator_S_RO_Pump_On  bsp_actuator.o
    0x080003fc   0x080003fc   0x0000000c   Code   RO         1469    .text.Actuator_VacuumFan_Off  bsp_actuator.o
    0x08000408   0x08000408   0x0000000c   Code   RO         1467    .text.Actuator_VacuumFan_On  bsp_actuator.o
    0x08000414   0x08000414   0x0000000c   Code   RO         1453    .text.Actuator_Valve10_Off  bsp_actuator.o
    0x08000420   0x08000420   0x0000000c   Code   RO         1451    .text.Actuator_Valve10_On  bsp_actuator.o
    0x0800042c   0x0800042c   0x0000000c   Code   RO         1421    .text.Actuator_Valve1_Off  bsp_actuator.o
    0x08000438   0x08000438   0x0000000c   Code   RO         1419    .text.Actuator_Valve1_On  bsp_actuator.o
    0x08000444   0x08000444   0x0000000c   Code   RO         1425    .text.Actuator_Valve2_Off  bsp_actuator.o
    0x08000450   0x08000450   0x0000000c   Code   RO         1423    .text.Actuator_Valve2_On  bsp_actuator.o
    0x0800045c   0x0800045c   0x0000000c   Code   RO         1429    .text.Actuator_Valve3_Off  bsp_actuator.o
    0x08000468   0x08000468   0x0000000c   Code   RO         1427    .text.Actuator_Valve3_On  bsp_actuator.o
    0x08000474   0x08000474   0x0000000c   Code   RO         1433    .text.Actuator_Valve4_5_Off  bsp_actuator.o
    0x08000480   0x08000480   0x0000000c   Code   RO         1431    .text.Actuator_Valve4_5_On  bsp_actuator.o
    0x0800048c   0x0800048c   0x0000000c   Code   RO         1437    .text.Actuator_Valve6_Off  bsp_actuator.o
    0x08000498   0x08000498   0x0000000c   Code   RO         1435    .text.Actuator_Valve6_On  bsp_actuator.o
    0x080004a4   0x080004a4   0x0000000c   Code   RO         1441    .text.Actuator_Valve7_Off  bsp_actuator.o
    0x080004b0   0x080004b0   0x0000000c   Code   RO         1439    .text.Actuator_Valve7_On  bsp_actuator.o
    0x080004bc   0x080004bc   0x0000000c   Code   RO         1445    .text.Actuator_Valve8_Off  bsp_actuator.o
    0x080004c8   0x080004c8   0x0000000c   Code   RO         1443    .text.Actuator_Valve8_On  bsp_actuator.o
    0x080004d4   0x080004d4   0x0000000c   Code   RO         1449    .text.Actuator_Valve9_Off  bsp_actuator.o
    0x080004e0   0x080004e0   0x00000010   Code   RO         1447    .text.Actuator_Valve9_On  bsp_actuator.o
    0x080004f0   0x080004f0   0x0000000c   Code   RO         1485    .text.Actuator_WaterHot_Off  bsp_actuator.o
    0x080004fc   0x080004fc   0x00000010   Code   RO         1483    .text.Actuator_WaterHot_On  bsp_actuator.o
    0x0800050c   0x0800050c   0x00000002   Code   RO         1524    .text.BSP_Console_Init  bsp_console.o
    0x0800050e   0x0800050e   0x00000002   Code   RO           87    .text.BusFault_Handler  stm32f4xx_it.o
    0x08000510   0x08000510   0x00000002   Code   RO           93    .text.DebugMon_Handler  stm32f4xx_it.o
    0x08000512   0x08000512   0x00000004   Code   RO           15    .text.Error_Handler  main.o
    0x08000516   0x08000516   0x00000002   PAD
    0x08000518   0x08000518   0x00000010   Code   RO         1118    .text.FlowManager_Init  app_flow_manager.o
    0x08000528   0x08000528   0x0000000c   Code   RO         1128    .text.FlowManager_IsActive  app_flow_manager.o
    0x08000534   0x08000534   0x0000002c   Code   RO         1120    .text.FlowManager_Start  app_flow_manager.o
    0x08000560   0x08000560   0x00000010   Code   RO         1124    .text.FlowManager_Stop  app_flow_manager.o
    0x08000570   0x08000570   0x00000030   Code   RO         1136    .text.FlowManager_Tick  app_flow_manager.o
    0x080005a0   0x080005a0   0x00000084   Code   RO         1166    .text.Flow_GetStepDuration  app_workflows.o
    0x08000624   0x08000624   0x0000000a   Code   RO         1156    .text.Flow_OnFinished_Clean  app_workflows.o
    0x0800062e   0x0800062e   0x0000000a   Code   RO         1160    .text.Flow_OnFinished_CleanAir  app_workflows.o
    0x08000638   0x08000638   0x0000000a   Code   RO         1152    .text.Flow_OnFinished_Defecate  app_workflows.o
    0x08000642   0x08000642   0x0000000a   Code   RO         1158    .text.Flow_OnFinished_Dry  app_workflows.o
    0x0800064c   0x0800064c   0x0000000a   Code   RO         1154    .text.Flow_OnFinished_Urinate  app_workflows.o
    0x08000656   0x08000656   0x0000000a   Code   RO         1162    .text.Flow_OnFinished_VacSelfClean  app_workflows.o
    0x08000660   0x08000660   0x00000084   Code   RO          656    .text.HAL_DMA_Abort  stm32f4xx_hal_dma.o
    0x080006e4   0x080006e4   0x00000024   Code   RO          658    .text.HAL_DMA_Abort_IT  stm32f4xx_hal_dma.o
    0x08000708   0x08000708   0x00000028   Code   RO          824    .text.HAL_Delay     stm32f4xx_hal.o
    0x08000730   0x08000730   0x00000190   Code   RO          602    .text.HAL_GPIO_Init  stm32f4xx_hal_gpio.o
    0x080008c0   0x080008c0   0x0000000a   Code   RO          608    .text.HAL_GPIO_WritePin  stm32f4xx_hal_gpio.o
    0x080008ca   0x080008ca   0x00000002   PAD
    0x080008cc   0x080008cc   0x00000008   Code   RO          816    .text.HAL_GetTick   stm32f4xx_hal.o
    0x080008d4   0x080008d4   0x0000000c   Code   RO          814    .text.HAL_IncTick   stm32f4xx_hal.o
    0x080008e0   0x080008e0   0x00000034   Code   RO          804    .text.HAL_Init      stm32f4xx_hal.o
    0x08000914   0x08000914   0x0000003c   Code   RO          806    .text.HAL_InitTick  stm32f4xx_hal.o
    0x08000950   0x08000950   0x00000038   Code   RO          113    .text.HAL_MspInit   stm32f4xx_hal_msp.o
    0x08000988   0x08000988   0x0000001c   Code   RO          755    .text.HAL_NVIC_EnableIRQ  stm32f4xx_hal_cortex.o
    0x080009a4   0x080009a4   0x00000058   Code   RO          753    .text.HAL_NVIC_SetPriority  stm32f4xx_hal_cortex.o
    0x080009fc   0x080009fc   0x00000020   Code   RO          751    .text.HAL_NVIC_SetPriorityGrouping  stm32f4xx_hal_cortex.o
    0x08000a1c   0x08000a1c   0x0000012c   Code   RO          467    .text.HAL_RCC_ClockConfig  stm32f4xx_hal_rcc.o
    0x08000b48   0x08000b48   0x00000014   Code   RO          479    .text.HAL_RCC_GetPCLK1Freq  stm32f4xx_hal_rcc.o
    0x08000b5c   0x08000b5c   0x00000020   Code   RO          481    .text.HAL_RCC_GetPCLK2Freq  stm32f4xx_hal_rcc.o
    0x08000b7c   0x08000b7c   0x00000060   Code   RO          469    .text.HAL_RCC_GetSysClockFreq  stm32f4xx_hal_rcc.o
    0x08000bdc   0x08000bdc   0x00000374   Code   RO          465    .text.HAL_RCC_OscConfig  stm32f4xx_hal_rcc.o
    0x08000f50   0x08000f50   0x00000010   Code   RO         1504    .text.HAL_SYSTICK_Callback  bsp_systick.o
    0x08000f60   0x08000f60   0x00000028   Code   RO          761    .text.HAL_SYSTICK_Config  stm32f4xx_hal_cortex.o
    0x08000f88   0x08000f88   0x00000004   Code   RO          789    .text.HAL_SYSTICK_IRQHandler  stm32f4xx_hal_cortex.o
    0x08000f8c   0x08000f8c   0x00000002   Code   RO          446    .text.HAL_TIMEx_BreakCallback  stm32f4xx_hal_tim_ex.o
    0x08000f8e   0x08000f8e   0x00000002   Code   RO          442    .text.HAL_TIMEx_CommutCallback  stm32f4xx_hal_tim_ex.o
    0x08000f90   0x08000f90   0x00000002   Code   RO          262    .text.HAL_TIM_IC_CaptureCallback  stm32f4xx_hal_tim.o
    0x08000f92   0x08000f92   0x0000011a   Code   RO          260    .text.HAL_TIM_IRQHandler  stm32f4xx_hal_tim.o
    0x080010ac   0x080010ac   0x00000002   Code   RO          264    .text.HAL_TIM_OC_DelayElapsedCallback  stm32f4xx_hal_tim.o
    0x080010ae   0x080010ae   0x00000002   Code   RO          266    .text.HAL_TIM_PWM_PulseFinishedCallback  stm32f4xx_hal_tim.o
    0x080010b0   0x080010b0   0x00000002   Code   RO          268    .text.HAL_TIM_PeriodElapsedCallback  stm32f4xx_hal_tim.o
    0x080010b2   0x080010b2   0x00000002   Code   RO          270    .text.HAL_TIM_TriggerCallback  stm32f4xx_hal_tim.o
    0x080010b4   0x080010b4   0x00000002   Code   RO          991    .text.HAL_UARTEx_RxEventCallback  stm32f4xx_hal_uart.o
    0x080010b6   0x080010b6   0x00000002   Code   RO          989    .text.HAL_UART_ErrorCallback  stm32f4xx_hal_uart.o
    0x080010b8   0x080010b8   0x000002b8   Code   RO          983    .text.HAL_UART_IRQHandler  stm32f4xx_hal_uart.o
    0x08001370   0x08001370   0x0000005e   Code   RO          899    .text.HAL_UART_Init  stm32f4xx_hal_uart.o
    0x080013ce   0x080013ce   0x00000002   PAD
    0x080013d0   0x080013d0   0x000000c8   Code   RO           64    .text.HAL_UART_MspInit  usart.o
    0x08001498   0x08001498   0x00000020   Code   RO          923    .text.HAL_UART_Receive_IT  stm32f4xx_hal_uart.o
    0x080014b8   0x080014b8   0x00000034   Code   RO         1082    .text.HAL_UART_RxCpltCallback  hmi.o
    0x080014ec   0x080014ec   0x000000ae   Code   RO          915    .text.HAL_UART_Transmit  stm32f4xx_hal_uart.o
    0x0800159a   0x0800159a   0x00000002   Code   RO          993    .text.HAL_UART_TxCpltCallback  stm32f4xx_hal_uart.o
    0x0800159c   0x0800159c   0x00000054   Code   RO         1100    .text.HMI_ProcessTask  app_tasks.o
    0x080015f0   0x080015f0   0x00000002   Code   RO           83    .text.HardFault_Handler  stm32f4xx_it.o
    0x080015f2   0x080015f2   0x00000002   PAD
    0x080015f4   0x080015f4   0x00000108   Code   RO           29    .text.MX_GPIO_Init  gpio.o
    0x080016fc   0x080016fc   0x00000038   Code   RO           60    .text.MX_USART1_UART_Init  usart.o
    0x08001734   0x08001734   0x00000038   Code   RO           62    .text.MX_USART3_UART_Init  usart.o
    0x0800176c   0x0800176c   0x00000002   Code   RO           85    .text.MemManage_Handler  stm32f4xx_it.o
    0x0800176e   0x0800176e   0x00000002   Code   RO           81    .text.NMI_Handler   stm32f4xx_it.o
    0x08001770   0x08001770   0x000001ec   Code   RO         1064    .text.NotifyButton  hmi.o
    0x0800195c   0x0800195c   0x0000013c   Code   RO         1060    .text.NotifyReadRTC  hmi.o
    0x08001a98   0x08001a98   0x0000005c   Code   RO         1062    .text.NotifyScreen  hmi.o
    0x08001af4   0x08001af4   0x00000002   Code   RO           95    .text.PendSV_Handler  stm32f4xx_it.o
    0x08001af6   0x08001af6   0x00000002   PAD
    0x08001af8   0x08001af8   0x0000006c   Code   RO         1052    .text.ProcessMessage  hmi.o
    0x08001b64   0x08001b64   0x00000064   Code   RO         1104    .text.RefreshAllScreensData  app_tasks.o
    0x08001bc8   0x08001bc8   0x00000044   Code   RO         1102    .text.RefreshFlowStepTimes  app_tasks.o
    0x08001c0c   0x08001c0c   0x00000002   Code   RO           91    .text.SVC_Handler   stm32f4xx_it.o
    0x08001c0e   0x08001c0e   0x00000002   PAD
    0x08001c10   0x08001c10   0x0000001c   Code   RO         1809    .text.Sched_Init    svc_scheduler.o
    0x08001c2c   0x08001c2c   0x0000002c   Code   RO         1811    .text.Sched_Register  svc_scheduler.o
    0x08001c58   0x08001c58   0x00000048   Code   RO         1813    .text.Sched_Run     svc_scheduler.o
    0x08001ca0   0x08001ca0   0x00000028   Code   RO         1084    .text.SendChar      hmi.o
    0x08001cc8   0x08001cc8   0x00000014   Code   RO         1560    .text.SendStrings   hmi_driver.o
    0x08001cdc   0x08001cdc   0x00000040   Code   RO         1670    .text.SetButtonValue  hmi_driver.o
    0x08001d1c   0x08001d1c   0x00000070   Code   RO         1674    .text.SetTextInt32  hmi_driver.o
    0x08001d8c   0x08001d8c   0x00000048   Code   RO         1672    .text.SetTextValue  hmi_driver.o
    0x08001dd4   0x08001dd4   0x0000000e   Code   RO           97    .text.SysTick_Handler  stm32f4xx_it.o
    0x08001de2   0x08001de2   0x00000002   PAD
    0x08001de4   0x08001de4   0x0000009c   Code   RO           13    .text.SystemClock_Config  main.o
    0x08001e80   0x08001e80   0x00000010   Code   RO         1030    .text.SystemInit    system_stm32f4xx.o
    0x08001e90   0x08001e90   0x0000000c   Code   RO          101    .text.TIM6_DAC_IRQHandler  stm32f4xx_it.o
    0x08001e9c   0x08001e9c   0x0000000a   Code   RO          987    .text.UART_DMAAbortOnError  stm32f4xx_hal_uart.o
    0x08001ea6   0x08001ea6   0x0000004e   Code   RO          947    .text.UART_EndRxTransfer  stm32f4xx_hal_uart.o
    0x08001ef4   0x08001ef4   0x000000ca   Code   RO          985    .text.UART_Receive_IT  stm32f4xx_hal_uart.o
    0x08001fbe   0x08001fbe   0x00000002   PAD
    0x08001fc0   0x08001fc0   0x000000cc   Code   RO          903    .text.UART_SetConfig  stm32f4xx_hal_uart.o
    0x0800208c   0x0800208c   0x00000032   Code   RO          925    .text.UART_Start_Receive_IT  stm32f4xx_hal_uart.o
    0x080020be   0x080020be   0x00000070   Code   RO          917    .text.UART_WaitOnFlagUntilTimeout  stm32f4xx_hal_uart.o
    0x0800212e   0x0800212e   0x00000002   PAD
    0x08002130   0x08002130   0x00000008   Code   RO           99    .text.USART1_IRQHandler  stm32f4xx_it.o
    0x08002138   0x08002138   0x00000002   Code   RO         1048    .text.UpdateUI      hmi.o
    0x0800213a   0x0800213a   0x00000002   Code   RO           89    .text.UsageFault_Handler  stm32f4xx_it.o
    0x0800213c   0x0800213c   0x00000028   Code   RO         1126    .text.finish_flow   app_flow_manager.o
    0x08002164   0x08002164   0x0000001c   Code   RO         1522    .text.fputc         bsp_console.o
    0x08002180   0x08002180   0x000000c4   Code   RO           11    .text.main          main.o
    0x08002244   0x08002244   0x00000090   Code   RO         1543    .text.queue_find_cmd  cmd_queue.o
    0x080022d4   0x080022d4   0x00000024   Code   RO         1541    .text.queue_push    cmd_queue.o
    0x080022f8   0x080022f8   0x00000014   Code   RO         1539    .text.queue_reset   cmd_queue.o
    0x0800230c   0x0800230c   0x0000002c   Code   RO         1122    .text.start_step    app_flow_manager.o
    0x08002338   0x08002338   0x00000002   Code   RO         1380    .text.step_air_01_enter  app_workflows.o
    0x0800233a   0x0800233a   0x00000002   Code   RO         1382    .text.step_air_01_exit  app_workflows.o
    0x0800233c   0x0800233c   0x0000000e   Code   RO         1384    .text.step_air_02_enter  app_workflows.o
    0x0800234a   0x0800234a   0x0000000e   Code   RO         1386    .text.step_air_02_exit  app_workflows.o
    0x08002358   0x08002358   0x00000002   Code   RO         1312    .text.step_cln_01_enter  app_workflows.o
    0x0800235a   0x0800235a   0x00000002   Code   RO         1314    .text.step_cln_01_exit  app_workflows.o
    0x0800235c   0x0800235c   0x00000004   Code   RO         1316    .text.step_cln_02_enter  app_workflows.o
    0x08002360   0x08002360   0x00000004   Code   RO         1318    .text.step_cln_02_exit  app_workflows.o
    0x08002364   0x08002364   0x0000000e   Code   RO         1320    .text.step_cln_03_enter  app_workflows.o
    0x08002372   0x08002372   0x00000002   Code   RO         1322    .text.step_cln_03_exit  app_workflows.o
    0x08002374   0x08002374   0x00000012   Code   RO         1324    .text.step_cln_04_enter  app_workflows.o
    0x08002386   0x08002386   0x00000012   Code   RO         1326    .text.step_cln_04_exit  app_workflows.o
    0x08002398   0x08002398   0x00000002   Code   RO         1328    .text.step_cln_05_enter  app_workflows.o
    0x0800239a   0x0800239a   0x00000002   Code   RO         1330    .text.step_cln_05_exit  app_workflows.o
    0x0800239c   0x0800239c   0x00000012   Code   RO         1332    .text.step_cln_06_enter  app_workflows.o
    0x080023ae   0x080023ae   0x00000012   Code   RO         1334    .text.step_cln_06_exit  app_workflows.o
    0x080023c0   0x080023c0   0x00000002   Code   RO         1336    .text.step_cln_07_enter  app_workflows.o
    0x080023c2   0x080023c2   0x00000002   Code   RO         1338    .text.step_cln_07_exit  app_workflows.o
    0x080023c4   0x080023c4   0x00000012   Code   RO         1340    .text.step_cln_08_enter  app_workflows.o
    0x080023d6   0x080023d6   0x00000012   Code   RO         1342    .text.step_cln_08_exit  app_workflows.o
    0x080023e8   0x080023e8   0x00000002   Code   RO         1344    .text.step_cln_09_enter  app_workflows.o
    0x080023ea   0x080023ea   0x00000002   Code   RO         1346    .text.step_cln_09_exit  app_workflows.o
    0x080023ec   0x080023ec   0x00000012   Code   RO         1348    .text.step_cln_10_enter  app_workflows.o
    0x080023fe   0x080023fe   0x00000012   Code   RO         1350    .text.step_cln_10_exit  app_workflows.o
    0x08002410   0x08002410   0x00000002   Code   RO         1352    .text.step_cln_11_enter  app_workflows.o
    0x08002412   0x08002412   0x0000000e   Code   RO         1354    .text.step_cln_11_exit  app_workflows.o
    0x08002420   0x08002420   0x00000002   Code   RO         1356    .text.step_cln_12_enter  app_workflows.o
    0x08002422   0x08002422   0x00000002   Code   RO         1358    .text.step_cln_12_exit  app_workflows.o
    0x08002424   0x08002424   0x0000000e   Code   RO         1360    .text.step_cln_13_enter  app_workflows.o
    0x08002432   0x08002432   0x0000000e   Code   RO         1362    .text.step_cln_13_exit  app_workflows.o
    0x08002440   0x08002440   0x0000000e   Code   RO         1364    .text.step_cln_14_enter  app_workflows.o
    0x0800244e   0x0800244e   0x0000000e   Code   RO         1366    .text.step_cln_14_exit  app_workflows.o
    0x0800245c   0x0800245c   0x00000002   Code   RO         1168    .text.step_def_01_enter  app_workflows.o
    0x0800245e   0x0800245e   0x00000002   Code   RO         1170    .text.step_def_01_exit  app_workflows.o
    0x08002460   0x08002460   0x00000004   Code   RO         1172    .text.step_def_02_enter  app_workflows.o
    0x08002464   0x08002464   0x00000004   Code   RO         1174    .text.step_def_02_exit  app_workflows.o
    0x08002468   0x08002468   0x0000000e   Code   RO         1176    .text.step_def_03_enter  app_workflows.o
    0x08002476   0x08002476   0x00000002   Code   RO         1178    .text.step_def_03_exit  app_workflows.o
    0x08002478   0x08002478   0x00000012   Code   RO         1180    .text.step_def_04_enter  app_workflows.o
    0x0800248a   0x0800248a   0x00000012   Code   RO         1182    .text.step_def_04_exit  app_workflows.o
    0x0800249c   0x0800249c   0x00000002   Code   RO         1184    .text.step_def_05_enter  app_workflows.o
    0x0800249e   0x0800249e   0x00000002   Code   RO         1186    .text.step_def_05_exit  app_workflows.o
    0x080024a0   0x080024a0   0x00000012   Code   RO         1188    .text.step_def_06_enter  app_workflows.o
    0x080024b2   0x080024b2   0x00000012   Code   RO         1190    .text.step_def_06_exit  app_workflows.o
    0x080024c4   0x080024c4   0x00000002   Code   RO         1192    .text.step_def_07_enter  app_workflows.o
    0x080024c6   0x080024c6   0x0000000e   Code   RO         1194    .text.step_def_07_exit  app_workflows.o
    0x080024d4   0x080024d4   0x00000002   Code   RO         1196    .text.step_def_08_enter  app_workflows.o
    0x080024d6   0x080024d6   0x00000002   Code   RO         1198    .text.step_def_08_exit  app_workflows.o
    0x080024d8   0x080024d8   0x0000000e   Code   RO         1200    .text.step_def_09_enter  app_workflows.o
    0x080024e6   0x080024e6   0x0000000e   Code   RO         1202    .text.step_def_09_exit  app_workflows.o
    0x080024f4   0x080024f4   0x00000002   Code   RO         1204    .text.step_def_10_enter  app_workflows.o
    0x080024f6   0x080024f6   0x00000002   Code   RO         1206    .text.step_def_10_exit  app_workflows.o
    0x080024f8   0x080024f8   0x0000000e   Code   RO         1208    .text.step_def_11_enter  app_workflows.o
    0x08002506   0x08002506   0x00000002   Code   RO         1210    .text.step_def_11_exit  app_workflows.o
    0x08002508   0x08002508   0x00000012   Code   RO         1212    .text.step_def_12_enter  app_workflows.o
    0x0800251a   0x0800251a   0x00000012   Code   RO         1214    .text.step_def_12_exit  app_workflows.o
    0x0800252c   0x0800252c   0x00000002   Code   RO         1216    .text.step_def_13_enter  app_workflows.o
    0x0800252e   0x0800252e   0x00000002   Code   RO         1218    .text.step_def_13_exit  app_workflows.o
    0x08002530   0x08002530   0x00000012   Code   RO         1220    .text.step_def_14_enter  app_workflows.o
    0x08002542   0x08002542   0x00000012   Code   RO         1222    .text.step_def_14_exit  app_workflows.o
    0x08002554   0x08002554   0x00000002   Code   RO         1224    .text.step_def_15_enter  app_workflows.o
    0x08002556   0x08002556   0x00000002   Code   RO         1226    .text.step_def_15_exit  app_workflows.o
    0x08002558   0x08002558   0x00000012   Code   RO         1228    .text.step_def_16_enter  app_workflows.o
    0x0800256a   0x0800256a   0x00000012   Code   RO         1230    .text.step_def_16_exit  app_workflows.o
    0x0800257c   0x0800257c   0x00000002   Code   RO         1232    .text.step_def_17_enter  app_workflows.o
    0x0800257e   0x0800257e   0x00000002   Code   RO         1234    .text.step_def_17_exit  app_workflows.o
    0x08002580   0x08002580   0x00000012   Code   RO         1236    .text.step_def_18_enter  app_workflows.o
    0x08002592   0x08002592   0x00000012   Code   RO         1238    .text.step_def_18_exit  app_workflows.o
    0x080025a4   0x080025a4   0x00000002   Code   RO         1240    .text.step_def_19_enter  app_workflows.o
    0x080025a6   0x080025a6   0x0000000e   Code   RO         1242    .text.step_def_19_exit  app_workflows.o
    0x080025b4   0x080025b4   0x00000002   Code   RO         1244    .text.step_def_20_enter  app_workflows.o
    0x080025b6   0x080025b6   0x00000002   Code   RO         1246    .text.step_def_20_exit  app_workflows.o
    0x080025b8   0x080025b8   0x0000000e   Code   RO         1248    .text.step_def_21_enter  app_workflows.o
    0x080025c6   0x080025c6   0x0000000e   Code   RO         1250    .text.step_def_21_exit  app_workflows.o
    0x080025d4   0x080025d4   0x0000000e   Code   RO         1252    .text.step_def_22_enter  app_workflows.o
    0x080025e2   0x080025e2   0x0000000e   Code   RO         1254    .text.step_def_22_exit  app_workflows.o
    0x080025f0   0x080025f0   0x00000002   Code   RO         1368    .text.step_dry_01_enter  app_workflows.o
    0x080025f2   0x080025f2   0x00000002   Code   RO         1370    .text.step_dry_01_exit  app_workflows.o
    0x080025f4   0x080025f4   0x0000000e   Code   RO         1372    .text.step_dry_02_enter  app_workflows.o
    0x08002602   0x08002602   0x0000000e   Code   RO         1374    .text.step_dry_02_exit  app_workflows.o
    0x08002610   0x08002610   0x0000000e   Code   RO         1376    .text.step_dry_03_enter  app_workflows.o
    0x0800261e   0x0800261e   0x0000000e   Code   RO         1378    .text.step_dry_03_exit  app_workflows.o
    0x0800262c   0x0800262c   0x00000002   Code   RO         1256    .text.step_uri_01_enter  app_workflows.o
    0x0800262e   0x0800262e   0x00000002   Code   RO         1258    .text.step_uri_01_exit  app_workflows.o
    0x08002630   0x08002630   0x00000004   Code   RO         1260    .text.step_uri_02_enter  app_workflows.o
    0x08002634   0x08002634   0x00000004   Code   RO         1262    .text.step_uri_02_exit  app_workflows.o
    0x08002638   0x08002638   0x0000000e   Code   RO         1264    .text.step_uri_03_enter  app_workflows.o
    0x08002646   0x08002646   0x00000002   Code   RO         1266    .text.step_uri_03_exit  app_workflows.o
    0x08002648   0x08002648   0x00000012   Code   RO         1268    .text.step_uri_04_enter  app_workflows.o
    0x0800265a   0x0800265a   0x00000012   Code   RO         1270    .text.step_uri_04_exit  app_workflows.o
    0x0800266c   0x0800266c   0x00000002   Code   RO         1272    .text.step_uri_05_enter  app_workflows.o
    0x0800266e   0x0800266e   0x00000002   Code   RO         1274    .text.step_uri_05_exit  app_workflows.o
    0x08002670   0x08002670   0x00000012   Code   RO         1276    .text.step_uri_06_enter  app_workflows.o
    0x08002682   0x08002682   0x00000012   Code   RO         1278    .text.step_uri_06_exit  app_workflows.o
    0x08002694   0x08002694   0x00000002   Code   RO         1280    .text.step_uri_07_enter  app_workflows.o
    0x08002696   0x08002696   0x00000002   Code   RO         1282    .text.step_uri_07_exit  app_workflows.o
    0x08002698   0x08002698   0x00000012   Code   RO         1284    .text.step_uri_08_enter  app_workflows.o
    0x080026aa   0x080026aa   0x00000012   Code   RO         1286    .text.step_uri_08_exit  app_workflows.o
    0x080026bc   0x080026bc   0x00000002   Code   RO         1288    .text.step_uri_09_enter  app_workflows.o
    0x080026be   0x080026be   0x00000002   Code   RO         1290    .text.step_uri_09_exit  app_workflows.o
    0x080026c0   0x080026c0   0x00000012   Code   RO         1292    .text.step_uri_10_enter  app_workflows.o
    0x080026d2   0x080026d2   0x00000012   Code   RO         1294    .text.step_uri_10_exit  app_workflows.o
    0x080026e4   0x080026e4   0x00000002   Code   RO         1296    .text.step_uri_11_enter  app_workflows.o
    0x080026e6   0x080026e6   0x0000000e   Code   RO         1298    .text.step_uri_11_exit  app_workflows.o
    0x080026f4   0x080026f4   0x00000002   Code   RO         1300    .text.step_uri_12_enter  app_workflows.o
    0x080026f6   0x080026f6   0x00000002   Code   RO         1302    .text.step_uri_12_exit  app_workflows.o
    0x080026f8   0x080026f8   0x0000000e   Code   RO         1304    .text.step_uri_13_enter  app_workflows.o
    0x08002706   0x08002706   0x0000000e   Code   RO         1306    .text.step_uri_13_exit  app_workflows.o
    0x08002714   0x08002714   0x0000000e   Code   RO         1308    .text.step_uri_14_enter  app_workflows.o
    0x08002722   0x08002722   0x0000000e   Code   RO         1310    .text.step_uri_14_exit  app_workflows.o
    0x08002730   0x08002730   0x00000002   Code   RO         1388    .text.step_vac_01_enter  app_workflows.o
    0x08002732   0x08002732   0x00000002   Code   RO         1390    .text.step_vac_01_exit  app_workflows.o
    0x08002734   0x08002734   0x0000001a   Code   RO         1392    .text.step_vac_02_enter  app_workflows.o
    0x0800274e   0x0800274e   0x0000001a   Code   RO         1394    .text.step_vac_02_exit  app_workflows.o
    0x08002768   0x08002768   0x00000014   Code   RO         1138    .text.stop_current_step  app_flow_manager.o
    0x0800277c   0x0800277c   0x00000020   Code   RO         2047    i.__0printf$8       mc_w.l(printf8.o)
    0x0800279c   0x0800279c   0x00000028   Code   RO         2049    i.__0sprintf$8      mc_w.l(printf8.o)
    0x080027c4   0x080027c4   0x0000000e   Code   RO         2141    i.__scatterload_copy  mc_w.l(handlers.o)
    0x080027d2   0x080027d2   0x00000002   Code   RO         2142    i.__scatterload_null  mc_w.l(handlers.o)
    0x080027d4   0x080027d4   0x0000000e   Code   RO         2143    i.__scatterload_zeroinit  mc_w.l(handlers.o)
    0x080027e2   0x080027e2   0x00000002   PAD
    0x080027e4   0x080027e4   0x00000410   Code   RO         2054    i._printf_core      mc_w.l(printf8.o)
    0x08002bf4   0x08002bf4   0x00000024   Code   RO         2055    i._printf_post_padding  mc_w.l(printf8.o)
    0x08002c18   0x08002c18   0x0000002e   Code   RO         2056    i._printf_pre_padding  mc_w.l(printf8.o)
    0x08002c46   0x08002c46   0x0000000a   Code   RO         2058    i._sputc            mc_w.l(printf8.o)
    0x08002c50   0x08002c50   0x00000024   Code   RO         1832    i.puts              mc_w.l(puts.o)
    0x08002c74   0x08002c74   0x00000010   Data   RO         1035    .rodata.AHBPrescTable  system_stm32f4xx.o
    0x08002c84   0x08002c84   0x00000008   Data   RO         1036    .rodata.APBPrescTable  system_stm32f4xx.o
    0x08002c8c   0x08002c8c   0x0000000c   Data   RO         1402    .rodata.Flow_Clean  app_workflows.o
    0x08002c98   0x08002c98   0x0000000c   Data   RO         1404    .rodata.Flow_CleanAir  app_workflows.o
    0x08002ca4   0x08002ca4   0x0000000c   Data   RO         1398    .rodata.Flow_Defecate  app_workflows.o
    0x08002cb0   0x08002cb0   0x0000000c   Data   RO         1403    .rodata.Flow_Dry    app_workflows.o
    0x08002cbc   0x08002cbc   0x0000000c   Data   RO         1400    .rodata.Flow_Urinate  app_workflows.o
    0x08002cc8   0x08002cc8   0x0000000c   Data   RO         1405    .rodata.Flow_VacSelfClean  app_workflows.o
    0x08002cd4   0x08002cd4   0x00000055   Data   RO         1396    .rodata.str1.1      app_workflows.o
    0x08002d29   0x08002d29   0x00000003   PAD
    0x08002d2c   0x08002d2c   0x00000020   Data   RO         2139    Region$$Table       anon$$obj.o


    Execution Region RW_IRAM1 (Exec base: 0x20000000, Load base: 0x08002d50, Size: 0x00000bb8, Max: 0x0001c000, ABSOLUTE, COMPRESSED[0x00000200])

    Exec Addr    Load Addr    Size         Type   Attr      Idx    E Section Name        Object

    0x20000000   COMPRESSED   0x00000004   Data   RW         2115    .data               mc_w.l(stdout.o)
    0x20000004   COMPRESSED   0x0000000c   Data   RW          858    .data..L_MergedGlobals  stm32f4xx_hal.o
    0x20000010   COMPRESSED   0x00000060   Data   RW         1406    .data..L_MergedGlobals  app_workflows.o
    0x20000070   COMPRESSED   0x00000040   Data   RW         1407    .data..L_MergedGlobals.12  app_workflows.o
    0x200000b0   COMPRESSED   0x00000004   Data   RW         1034    .data.SystemCoreClock  system_stm32f4xx.o
    0x200000b4   COMPRESSED   0x00000004   Data   RW         1087    .data.sec           hmi.o
    0x200000b8   COMPRESSED   0x000000f0   Data   RW         1401    .data.steps_clean   app_workflows.o
    0x200001a8   COMPRESSED   0x00000170   Data   RW         1397    .data.steps_defecate  app_workflows.o
    0x20000318   COMPRESSED   0x000000f0   Data   RW         1399    .data.steps_urinate  app_workflows.o
    0x20000408   COMPRESSED   0x00000008   PAD
    0x20000410        -       0x00000003   Zero   RW         1088    .bss..L_MergedGlobals  hmi.o
    0x20000413   COMPRESSED   0x00000001   PAD
    0x20000414        -       0x00000010   Zero   RW         1140    .bss..L_MergedGlobals  app_flow_manager.o
    0x20000424        -       0x0000000c   Zero   RW         1546    .bss..L_MergedGlobals  cmd_queue.o
    0x20000430        -       0x00000064   Zero   RW         1818    .bss..L_MergedGlobals  svc_scheduler.o
    0x20000494        -       0x00000040   Zero   RW         1086    .bss.cmd_buffer     hmi.o
    0x200004d4        -       0x00000004   Zero   RW         1510    .bss.g_tick_ms      bsp_systick.o
    0x200004d8        -       0x00000048   Zero   RW           48    .bss.htim6          tim.o
    0x20000520        -       0x00000048   Zero   RW           68    .bss.huart1         usart.o
    0x20000568        -       0x00000048   Zero   RW           69    .bss.huart3         usart.o
    0x200005b0        -       0x00000200   Zero   RW         1545    .bss.que.2          cmd_queue.o
    0x200007b0        -       0x00000002   Zero   RW         1106    .bss.size           app_tasks.o
    0x200007b2   COMPRESSED   0x00000006   PAD
    0x200007b8        -       0x00000400   Zero   RW            1    STACK               startup_stm32f407xx.o


    Execution Region RW_IRAM2 (Exec base: 0x2001c000, Load base: 0x08002f50, Size: 0x00000000, Max: 0x00004000, ABSOLUTE)

    **** No section assigned to this execution region ****


==============================================================================

Image component sizes


      Code (inc. data)   RO Data    RW Data    ZI Data      Debug   Object Name

       240         12          0          0         16       3103   app_flow_manager.o
       252         48          0          0          2       3168   app_tasks.o
      1264         44        157       1008          0      15809   app_workflows.o
       522         12          0          0          0       5372   bsp_actuator.o
        30          4          0          0          0       1409   bsp_console.o
        16          4          0          0          4       1136   bsp_systick.o
       200         12          0          0        524       1912   cmd_queue.o
       264         16          0          0          0       2661   gpio.o
      1102        126          0          4         67       9111   hmi.o
       268          4          0          0          0      32048   hmi_driver.o
       356         68          0          0          0       3770   main.o
        36          8        392          0       1024        876   startup_stm32f407xx.o
       172          8          0         12          0       8170   stm32f4xx_hal.o
       192         24          0          0          0      10905   stm32f4xx_hal_cortex.o
       168          0          0          0          0       8937   stm32f4xx_hal_dma.o
       410         28          0          0          0       5465   stm32f4xx_hal_gpio.o
        56          4          0          0          0       1670   stm32f4xx_hal_msp.o
      1332         48          0          0          0       7939   stm32f4xx_hal_rcc.o
       292          0          0          0          0      46617   stm32f4xx_hal_tim.o
         4          0          0          0          0      20191   stm32f4xx_hal_tim_ex.o
      1658          8          0          0          0      23621   stm32f4xx_hal_uart.o
        50          4          0          0          0       1514   stm32f4xx_it.o
       144          8          0          0        100       2339   svc_scheduler.o
        16          4         24          4          0       2789   system_stm32f4xx.o
         0          0          0          0         72       7242   tim.o
       312         20          0          0        144       7772   usart.o

    ----------------------------------------------------------------------
      9376        514        608       1028       1968     235546   Object Totals
         0          0         32          0          0          0   (incl. Generated)
        20          0          3          0         15          0   (incl. Padding)

    ----------------------------------------------------------------------

      Code (inc. data)   RO Data    RW Data    ZI Data      Debug   Library Member Name

        86          0          0          0          0          0   __dczerorl2.o
         0          0          0          0          0          0   entry.o
         0          0          0          0          0          0   entry10a.o
         0          0          0          0          0          0   entry11a.o
         8          4          0          0          0          0   entry2.o
         4          0          0          0          0          0   entry5.o
         0          0          0          0          0          0   entry7b.o
         0          0          0          0          0          0   entry8b.o
         8          4          0          0          0          0   entry9a.o
        30          0          0          0          0          0   handlers.o
        36          8          0          0          0         68   init.o
        30          0          0          0          0         68   llshl.o
        32          0          0          0          0         68   llushr.o
        36          0          0          0          0        108   memseta.o
      1204         60          0          0          0        504   printf8.o
        36          6          0          0          0         80   puts.o
         0          0          0          4          0          0   stdout.o
        98          0          0          0          0         92   uldiv.o

    ----------------------------------------------------------------------
      1612         82          0          4          0        988   Library Totals
         4          0          0          0          0          0   (incl. Padding)

    ----------------------------------------------------------------------

      Code (inc. data)   RO Data    RW Data    ZI Data      Debug   Library Name

      1608         82          0          4          0        988   mc_w.l

    ----------------------------------------------------------------------
      1612         82          0          4          0        988   Library Totals

    ----------------------------------------------------------------------

==============================================================================


      Code (inc. data)   RO Data    RW Data    ZI Data      Debug   

     10988        596        608       1032       1968     235982   Grand Totals
     10988        596        608        512       1968     235982   ELF Image Totals (compressed)
     10988        596        608        512          0          0   ROM Totals

==============================================================================

    Total RO  Size (Code + RO Data)                11596 (  11.32kB)
    Total RW  Size (RW Data + ZI Data)              3000 (   2.93kB)
    Total ROM Size (Code + RO Data + RW Data)      12108 (  11.82kB)

==============================================================================

