<!doctype html public "-//w3c//dtd html 4.0 transitional//en">
<html><head>
<title>Static Call Graph - [Vacuum_Nursing_Robot\Vacuum_Nursing_Robot.axf]</title></head>
<body><HR>
<H1>Static Call Graph for image Vacuum_Nursing_Robot\Vacuum_Nursing_Robot.axf</H1><HR>
<BR><P>#&#060CALLGRAPH&#062# ARM Linker, 6070001: Last Updated: Mon May 18 22:37:59 2026
<BR><P>
<H3>Maximum Stack Usage =        304 bytes + Unknown(Cycles, Untraceable Function Pointers)</H3><H3>
Call chain for Maximum Stack Depth:</H3>
HMI_ProcessTask &rArr; ProcessMessage &rArr; NotifyText &rArr; HandleStepDuration &rArr; __0sscanf &rArr; __vfscanf_char &rArr; __vfscanf &rArr; _scanf_int
<P>
<H3>
Mutually Recursive functions
</H3> <LI><a href="#[8e]">ADC_IRQHandler</a>&nbsp;&nbsp;&nbsp;&rArr;&nbsp;&nbsp;&nbsp;<a href="#[8e]">ADC_IRQHandler</a><BR>
 <LI><a href="#[76]">BusFault_Handler</a>&nbsp;&nbsp;&nbsp;&rArr;&nbsp;&nbsp;&nbsp;<a href="#[76]">BusFault_Handler</a><BR>
 <LI><a href="#[142]">UART_EndRxTransfer</a>&nbsp;&nbsp;&nbsp;&rArr;&nbsp;&nbsp;&nbsp;<a href="#[142]">UART_EndRxTransfer</a><BR>
 <LI><a href="#[74]">HardFault_Handler</a>&nbsp;&nbsp;&nbsp;&rArr;&nbsp;&nbsp;&nbsp;<a href="#[74]">HardFault_Handler</a><BR>
 <LI><a href="#[75]">MemManage_Handler</a>&nbsp;&nbsp;&nbsp;&rArr;&nbsp;&nbsp;&nbsp;<a href="#[75]">MemManage_Handler</a><BR>
 <LI><a href="#[73]">NMI_Handler</a>&nbsp;&nbsp;&nbsp;&rArr;&nbsp;&nbsp;&nbsp;<a href="#[73]">NMI_Handler</a><BR>
 <LI><a href="#[77]">UsageFault_Handler</a>&nbsp;&nbsp;&nbsp;&rArr;&nbsp;&nbsp;&nbsp;<a href="#[77]">UsageFault_Handler</a><BR>
</UL>
<P>
<H3>
Function Pointers
</H3><UL>
 <LI><a href="#[8e]">ADC_IRQHandler</a> from startup_stm32f407xx.o(.text) referenced from startup_stm32f407xx.o(RESET)
 <LI><a href="#[76]">BusFault_Handler</a> from stm32f4xx_it.o(.text.BusFault_Handler) referenced from startup_stm32f407xx.o(RESET)
 <LI><a href="#[90]">CAN1_RX0_IRQHandler</a> from startup_stm32f407xx.o(.text) referenced from startup_stm32f407xx.o(RESET)
 <LI><a href="#[91]">CAN1_RX1_IRQHandler</a> from startup_stm32f407xx.o(.text) referenced from startup_stm32f407xx.o(RESET)
 <LI><a href="#[92]">CAN1_SCE_IRQHandler</a> from startup_stm32f407xx.o(.text) referenced from startup_stm32f407xx.o(RESET)
 <LI><a href="#[8f]">CAN1_TX_IRQHandler</a> from startup_stm32f407xx.o(.text) referenced from startup_stm32f407xx.o(RESET)
 <LI><a href="#[bc]">CAN2_RX0_IRQHandler</a> from startup_stm32f407xx.o(.text) referenced from startup_stm32f407xx.o(RESET)
 <LI><a href="#[bd]">CAN2_RX1_IRQHandler</a> from startup_stm32f407xx.o(.text) referenced from startup_stm32f407xx.o(RESET)
 <LI><a href="#[be]">CAN2_SCE_IRQHandler</a> from startup_stm32f407xx.o(.text) referenced from startup_stm32f407xx.o(RESET)
 <LI><a href="#[bb]">CAN2_TX_IRQHandler</a> from startup_stm32f407xx.o(.text) referenced from startup_stm32f407xx.o(RESET)
 <LI><a href="#[ca]">DCMI_IRQHandler</a> from startup_stm32f407xx.o(.text) referenced from startup_stm32f407xx.o(RESET)
 <LI><a href="#[87]">DMA1_Stream0_IRQHandler</a> from startup_stm32f407xx.o(.text) referenced from startup_stm32f407xx.o(RESET)
 <LI><a href="#[88]">DMA1_Stream1_IRQHandler</a> from startup_stm32f407xx.o(.text) referenced from startup_stm32f407xx.o(RESET)
 <LI><a href="#[89]">DMA1_Stream2_IRQHandler</a> from startup_stm32f407xx.o(.text) referenced from startup_stm32f407xx.o(RESET)
 <LI><a href="#[8a]">DMA1_Stream3_IRQHandler</a> from startup_stm32f407xx.o(.text) referenced from startup_stm32f407xx.o(RESET)
 <LI><a href="#[8b]">DMA1_Stream4_IRQHandler</a> from startup_stm32f407xx.o(.text) referenced from startup_stm32f407xx.o(RESET)
 <LI><a href="#[8c]">DMA1_Stream5_IRQHandler</a> from startup_stm32f407xx.o(.text) referenced from startup_stm32f407xx.o(RESET)
 <LI><a href="#[8d]">DMA1_Stream6_IRQHandler</a> from startup_stm32f407xx.o(.text) referenced from startup_stm32f407xx.o(RESET)
 <LI><a href="#[ab]">DMA1_Stream7_IRQHandler</a> from startup_stm32f407xx.o(.text) referenced from startup_stm32f407xx.o(RESET)
 <LI><a href="#[b4]">DMA2_Stream0_IRQHandler</a> from startup_stm32f407xx.o(.text) referenced from startup_stm32f407xx.o(RESET)
 <LI><a href="#[b5]">DMA2_Stream1_IRQHandler</a> from startup_stm32f407xx.o(.text) referenced from startup_stm32f407xx.o(RESET)
 <LI><a href="#[b6]">DMA2_Stream2_IRQHandler</a> from startup_stm32f407xx.o(.text) referenced from startup_stm32f407xx.o(RESET)
 <LI><a href="#[b7]">DMA2_Stream3_IRQHandler</a> from startup_stm32f407xx.o(.text) referenced from startup_stm32f407xx.o(RESET)
 <LI><a href="#[b8]">DMA2_Stream4_IRQHandler</a> from startup_stm32f407xx.o(.text) referenced from startup_stm32f407xx.o(RESET)
 <LI><a href="#[c0]">DMA2_Stream5_IRQHandler</a> from startup_stm32f407xx.o(.text) referenced from startup_stm32f407xx.o(RESET)
 <LI><a href="#[c1]">DMA2_Stream6_IRQHandler</a> from startup_stm32f407xx.o(.text) referenced from startup_stm32f407xx.o(RESET)
 <LI><a href="#[c2]">DMA2_Stream7_IRQHandler</a> from startup_stm32f407xx.o(.text) referenced from startup_stm32f407xx.o(RESET)
 <LI><a href="#[79]">DebugMon_Handler</a> from stm32f4xx_it.o(.text.DebugMon_Handler) referenced from startup_stm32f407xx.o(RESET)
 <LI><a href="#[b9]">ETH_IRQHandler</a> from startup_stm32f407xx.o(.text) referenced from startup_stm32f407xx.o(RESET)
 <LI><a href="#[ba]">ETH_WKUP_IRQHandler</a> from startup_stm32f407xx.o(.text) referenced from startup_stm32f407xx.o(RESET)
 <LI><a href="#[82]">EXTI0_IRQHandler</a> from startup_stm32f407xx.o(.text) referenced from startup_stm32f407xx.o(RESET)
 <LI><a href="#[a4]">EXTI15_10_IRQHandler</a> from startup_stm32f407xx.o(.text) referenced from startup_stm32f407xx.o(RESET)
 <LI><a href="#[83]">EXTI1_IRQHandler</a> from startup_stm32f407xx.o(.text) referenced from startup_stm32f407xx.o(RESET)
 <LI><a href="#[84]">EXTI2_IRQHandler</a> from startup_stm32f407xx.o(.text) referenced from startup_stm32f407xx.o(RESET)
 <LI><a href="#[85]">EXTI3_IRQHandler</a> from startup_stm32f407xx.o(.text) referenced from startup_stm32f407xx.o(RESET)
 <LI><a href="#[86]">EXTI4_IRQHandler</a> from startup_stm32f407xx.o(.text) referenced from startup_stm32f407xx.o(RESET)
 <LI><a href="#[93]">EXTI9_5_IRQHandler</a> from startup_stm32f407xx.o(.text) referenced from startup_stm32f407xx.o(RESET)
 <LI><a href="#[80]">FLASH_IRQHandler</a> from startup_stm32f407xx.o(.text) referenced from startup_stm32f407xx.o(RESET)
 <LI><a href="#[ac]">FMC_IRQHandler</a> from startup_stm32f407xx.o(.text) referenced from startup_stm32f407xx.o(RESET)
 <LI><a href="#[cc]">FPU_IRQHandler</a> from startup_stm32f407xx.o(.text) referenced from startup_stm32f407xx.o(RESET)
 <LI><a href="#[de]">FlowManager_Tick</a> from app_flow_manager.o(.text.FlowManager_Tick) referenced from main.o(.text.main)
 <LI><a href="#[e2]">Flow_OnFinished_Clean</a> from app_workflows.o(.text.Flow_OnFinished_Clean) referenced from app_workflows.o(.rodata.Flow_Clean)
 <LI><a href="#[e3]">Flow_OnFinished_CleanAir</a> from app_workflows.o(.text.Flow_OnFinished_CleanAir) referenced from app_workflows.o(.rodata.Flow_CleanAir)
 <LI><a href="#[e4]">Flow_OnFinished_Defecate</a> from app_workflows.o(.text.Flow_OnFinished_Defecate) referenced from app_workflows.o(.rodata.Flow_Defecate)
 <LI><a href="#[e5]">Flow_OnFinished_Dry</a> from app_workflows.o(.text.Flow_OnFinished_Dry) referenced from app_workflows.o(.rodata.Flow_Dry)
 <LI><a href="#[e6]">Flow_OnFinished_Urinate</a> from app_workflows.o(.text.Flow_OnFinished_Urinate) referenced from app_workflows.o(.rodata.Flow_Urinate)
 <LI><a href="#[e7]">Flow_OnFinished_VacSelfClean</a> from app_workflows.o(.text.Flow_OnFinished_VacSelfClean) referenced from app_workflows.o(.rodata.Flow_VacSelfClean)
 <LI><a href="#[d6]">HAL_GPIO_Init</a> from stm32f4xx_hal_gpio.o(.text.HAL_GPIO_Init) referenced from gpio.o(.text.MX_GPIO_Init)
 <LI><a href="#[d5]">HAL_GPIO_WritePin</a> from stm32f4xx_hal_gpio.o(.text.HAL_GPIO_WritePin) referenced from gpio.o(.text.MX_GPIO_Init)
 <LI><a href="#[cb]">HASH_RNG_IRQHandler</a> from startup_stm32f407xx.o(.text) referenced from startup_stm32f407xx.o(RESET)
 <LI><a href="#[dd]">HMI_ProcessTask</a> from app_tasks.o(.text.HMI_ProcessTask) referenced from main.o(.text.main)
 <LI><a href="#[74]">HardFault_Handler</a> from stm32f4xx_it.o(.text.HardFault_Handler) referenced from startup_stm32f407xx.o(RESET)
 <LI><a href="#[9c]">I2C1_ER_IRQHandler</a> from startup_stm32f407xx.o(.text) referenced from startup_stm32f407xx.o(RESET)
 <LI><a href="#[9b]">I2C1_EV_IRQHandler</a> from startup_stm32f407xx.o(.text) referenced from startup_stm32f407xx.o(RESET)
 <LI><a href="#[9e]">I2C2_ER_IRQHandler</a> from startup_stm32f407xx.o(.text) referenced from startup_stm32f407xx.o(RESET)
 <LI><a href="#[9d]">I2C2_EV_IRQHandler</a> from startup_stm32f407xx.o(.text) referenced from startup_stm32f407xx.o(RESET)
 <LI><a href="#[c5]">I2C3_ER_IRQHandler</a> from startup_stm32f407xx.o(.text) referenced from startup_stm32f407xx.o(RESET)
 <LI><a href="#[c4]">I2C3_EV_IRQHandler</a> from startup_stm32f407xx.o(.text) referenced from startup_stm32f407xx.o(RESET)
 <LI><a href="#[75]">MemManage_Handler</a> from stm32f4xx_it.o(.text.MemManage_Handler) referenced from startup_stm32f407xx.o(RESET)
 <LI><a href="#[73]">NMI_Handler</a> from stm32f4xx_it.o(.text.NMI_Handler) referenced from startup_stm32f407xx.o(RESET)
 <LI><a href="#[bf]">OTG_FS_IRQHandler</a> from startup_stm32f407xx.o(.text) referenced from startup_stm32f407xx.o(RESET)
 <LI><a href="#[a6]">OTG_FS_WKUP_IRQHandler</a> from startup_stm32f407xx.o(.text) referenced from startup_stm32f407xx.o(RESET)
 <LI><a href="#[c7]">OTG_HS_EP1_IN_IRQHandler</a> from startup_stm32f407xx.o(.text) referenced from startup_stm32f407xx.o(RESET)
 <LI><a href="#[c6]">OTG_HS_EP1_OUT_IRQHandler</a> from startup_stm32f407xx.o(.text) referenced from startup_stm32f407xx.o(RESET)
 <LI><a href="#[c9]">OTG_HS_IRQHandler</a> from startup_stm32f407xx.o(.text) referenced from startup_stm32f407xx.o(RESET)
 <LI><a href="#[c8]">OTG_HS_WKUP_IRQHandler</a> from startup_stm32f407xx.o(.text) referenced from startup_stm32f407xx.o(RESET)
 <LI><a href="#[7d]">PVD_IRQHandler</a> from startup_stm32f407xx.o(.text) referenced from startup_stm32f407xx.o(RESET)
 <LI><a href="#[7a]">PendSV_Handler</a> from stm32f4xx_it.o(.text.PendSV_Handler) referenced from startup_stm32f407xx.o(RESET)
 <LI><a href="#[81]">RCC_IRQHandler</a> from startup_stm32f407xx.o(.text) referenced from startup_stm32f407xx.o(RESET)
 <LI><a href="#[a5]">RTC_Alarm_IRQHandler</a> from startup_stm32f407xx.o(.text) referenced from startup_stm32f407xx.o(RESET)
 <LI><a href="#[7f]">RTC_WKUP_IRQHandler</a> from startup_stm32f407xx.o(.text) referenced from startup_stm32f407xx.o(RESET)
 <LI><a href="#[d8]">RefreshFlowStepTimes</a> from app_tasks.o(.text.RefreshFlowStepTimes) referenced from app_tasks.o(.text.RefreshAllScreensData)
 <LI><a href="#[72]">Reset_Handler</a> from startup_stm32f407xx.o(.text) referenced from startup_stm32f407xx.o(RESET)
 <LI><a href="#[ad]">SDIO_IRQHandler</a> from startup_stm32f407xx.o(.text) referenced from startup_stm32f407xx.o(RESET)
 <LI><a href="#[9f]">SPI1_IRQHandler</a> from startup_stm32f407xx.o(.text) referenced from startup_stm32f407xx.o(RESET)
 <LI><a href="#[a0]">SPI2_IRQHandler</a> from startup_stm32f407xx.o(.text) referenced from startup_stm32f407xx.o(RESET)
 <LI><a href="#[af]">SPI3_IRQHandler</a> from startup_stm32f407xx.o(.text) referenced from startup_stm32f407xx.o(RESET)
 <LI><a href="#[78]">SVC_Handler</a> from stm32f4xx_it.o(.text.SVC_Handler) referenced from startup_stm32f407xx.o(RESET)
 <LI><a href="#[dc]">Sched_Register</a> from svc_scheduler.o(.text.Sched_Register) referenced from main.o(.text.main)
 <LI><a href="#[da]">SendChar</a> from hmi.o(.text.SendChar) referenced from hmi_driver.o(.text.SetTextValue)
 <LI><a href="#[d7]">SetTextInt32</a> from hmi_driver.o(.text.SetTextInt32) referenced from hmi.o(.text.NotifyReadRTC)
 <LI><a href="#[d9]">SetTextValue</a> from hmi_driver.o(.text.SetTextValue) referenced from hmi.o(.text.SetScreen1Idle)
 <LI><a href="#[d9]">SetTextValue</a> from hmi_driver.o(.text.SetTextValue) referenced from app_tasks.o(.text.UpdateUI)
 <LI><a href="#[7b]">SysTick_Handler</a> from stm32f4xx_it.o(.text.SysTick_Handler) referenced from startup_stm32f407xx.o(RESET)
 <LI><a href="#[ce]">SystemInit</a> from system_stm32f4xx.o(.text.SystemInit) referenced from startup_stm32f407xx.o(.text)
 <LI><a href="#[7e]">TAMP_STAMP_IRQHandler</a> from startup_stm32f407xx.o(.text) referenced from startup_stm32f407xx.o(RESET)
 <LI><a href="#[94]">TIM1_BRK_TIM9_IRQHandler</a> from startup_stm32f407xx.o(.text) referenced from startup_stm32f407xx.o(RESET)
 <LI><a href="#[97]">TIM1_CC_IRQHandler</a> from startup_stm32f407xx.o(.text) referenced from startup_stm32f407xx.o(RESET)
 <LI><a href="#[96]">TIM1_TRG_COM_TIM11_IRQHandler</a> from startup_stm32f407xx.o(.text) referenced from startup_stm32f407xx.o(RESET)
 <LI><a href="#[95]">TIM1_UP_TIM10_IRQHandler</a> from startup_stm32f407xx.o(.text) referenced from startup_stm32f407xx.o(RESET)
 <LI><a href="#[98]">TIM2_IRQHandler</a> from startup_stm32f407xx.o(.text) referenced from startup_stm32f407xx.o(RESET)
 <LI><a href="#[99]">TIM3_IRQHandler</a> from startup_stm32f407xx.o(.text) referenced from startup_stm32f407xx.o(RESET)
 <LI><a href="#[9a]">TIM4_IRQHandler</a> from startup_stm32f407xx.o(.text) referenced from startup_stm32f407xx.o(RESET)
 <LI><a href="#[ae]">TIM5_IRQHandler</a> from startup_stm32f407xx.o(.text) referenced from startup_stm32f407xx.o(RESET)
 <LI><a href="#[b2]">TIM6_DAC_IRQHandler</a> from startup_stm32f407xx.o(.text) referenced from startup_stm32f407xx.o(RESET)
 <LI><a href="#[b3]">TIM7_IRQHandler</a> from startup_stm32f407xx.o(.text) referenced from startup_stm32f407xx.o(RESET)
 <LI><a href="#[a7]">TIM8_BRK_TIM12_IRQHandler</a> from startup_stm32f407xx.o(.text) referenced from startup_stm32f407xx.o(RESET)
 <LI><a href="#[aa]">TIM8_CC_IRQHandler</a> from startup_stm32f407xx.o(.text) referenced from startup_stm32f407xx.o(RESET)
 <LI><a href="#[a9]">TIM8_TRG_COM_TIM14_IRQHandler</a> from startup_stm32f407xx.o(.text) referenced from startup_stm32f407xx.o(RESET)
 <LI><a href="#[a8]">TIM8_UP_TIM13_IRQHandler</a> from startup_stm32f407xx.o(.text) referenced from startup_stm32f407xx.o(RESET)
 <LI><a href="#[b0]">UART4_IRQHandler</a> from startup_stm32f407xx.o(.text) referenced from startup_stm32f407xx.o(RESET)
 <LI><a href="#[b1]">UART5_IRQHandler</a> from startup_stm32f407xx.o(.text) referenced from startup_stm32f407xx.o(RESET)
 <LI><a href="#[d4]">UART_DMAAbortOnError</a> from stm32f4xx_hal_uart.o(.text.UART_DMAAbortOnError) referenced from stm32f4xx_hal_uart.o(.text.HAL_UART_IRQHandler)
 <LI><a href="#[a1]">USART1_IRQHandler</a> from stm32f4xx_it.o(.text.USART1_IRQHandler) referenced from startup_stm32f407xx.o(RESET)
 <LI><a href="#[a2]">USART2_IRQHandler</a> from startup_stm32f407xx.o(.text) referenced from startup_stm32f407xx.o(RESET)
 <LI><a href="#[a3]">USART3_IRQHandler</a> from startup_stm32f407xx.o(.text) referenced from startup_stm32f407xx.o(RESET)
 <LI><a href="#[c3]">USART6_IRQHandler</a> from startup_stm32f407xx.o(.text) referenced from startup_stm32f407xx.o(RESET)
 <LI><a href="#[db]">UpdateUI</a> from app_tasks.o(.text.UpdateUI) referenced from main.o(.text.main)
 <LI><a href="#[77]">UsageFault_Handler</a> from stm32f4xx_it.o(.text.UsageFault_Handler) referenced from startup_stm32f407xx.o(RESET)
 <LI><a href="#[7c]">WWDG_IRQHandler</a> from startup_stm32f407xx.o(.text) referenced from startup_stm32f407xx.o(RESET)
 <LI><a href="#[cf]">__main</a> from entry.o(.ARM.Collect$$$$00000000) referenced from startup_stm32f407xx.o(.text)
 <LI><a href="#[d1]">_sbackspace</a> from _sgetc.o(.text) referenced from __0sscanf.o(.text)
 <LI><a href="#[d2]">_scanf_char_input</a> from scanf_char.o(.text) referenced from scanf_char.o(.text)
 <LI><a href="#[d0]">_sgetc</a> from _sgetc.o(.text) referenced from __0sscanf.o(.text)
 <LI><a href="#[e0]">_snputc</a> from printf8.o(i._snputc) referenced from printf8.o(i.__0snprintf$8)
 <LI><a href="#[e1]">_sputc</a> from printf8.o(i._sputc) referenced from printf8.o(i.__0sprintf$8)
 <LI><a href="#[df]">fputc</a> from bsp_console.o(.text.fputc) referenced from printf8.o(i.__0printf$8)
 <LI><a href="#[d3]">isspace</a> from isspace_c.o(.text) referenced from scanf_char.o(.text)
 <LI><a href="#[cd]">main</a> from main.o(.text.main) referenced from entry9a.o(.ARM.Collect$$$$0000000B)
 <LI><a href="#[0]">step_air_01_enter</a> from app_workflows.o(.text.step_air_01_enter) referenced 2 times from app_workflows.o(.data..L_MergedGlobals)
 <LI><a href="#[1]">step_air_01_exit</a> from app_workflows.o(.text.step_air_01_exit) referenced 2 times from app_workflows.o(.data..L_MergedGlobals)
 <LI><a href="#[2]">step_air_02_enter</a> from app_workflows.o(.text.step_air_02_enter) referenced 2 times from app_workflows.o(.data..L_MergedGlobals)
 <LI><a href="#[3]">step_air_02_exit</a> from app_workflows.o(.text.step_air_02_exit) referenced 2 times from app_workflows.o(.data..L_MergedGlobals)
 <LI><a href="#[e]">step_cln_01_enter</a> from app_workflows.o(.text.step_cln_01_enter) referenced 2 times from app_workflows.o(.data.steps_clean)
 <LI><a href="#[f]">step_cln_01_exit</a> from app_workflows.o(.text.step_cln_01_exit) referenced 2 times from app_workflows.o(.data.steps_clean)
 <LI><a href="#[10]">step_cln_02_enter</a> from app_workflows.o(.text.step_cln_02_enter) referenced 2 times from app_workflows.o(.data.steps_clean)
 <LI><a href="#[11]">step_cln_02_exit</a> from app_workflows.o(.text.step_cln_02_exit) referenced 2 times from app_workflows.o(.data.steps_clean)
 <LI><a href="#[12]">step_cln_03_enter</a> from app_workflows.o(.text.step_cln_03_enter) referenced 2 times from app_workflows.o(.data.steps_clean)
 <LI><a href="#[13]">step_cln_03_exit</a> from app_workflows.o(.text.step_cln_03_exit) referenced 2 times from app_workflows.o(.data.steps_clean)
 <LI><a href="#[14]">step_cln_04_enter</a> from app_workflows.o(.text.step_cln_04_enter) referenced 2 times from app_workflows.o(.data.steps_clean)
 <LI><a href="#[15]">step_cln_04_exit</a> from app_workflows.o(.text.step_cln_04_exit) referenced 2 times from app_workflows.o(.data.steps_clean)
 <LI><a href="#[16]">step_cln_05_enter</a> from app_workflows.o(.text.step_cln_05_enter) referenced 2 times from app_workflows.o(.data.steps_clean)
 <LI><a href="#[17]">step_cln_05_exit</a> from app_workflows.o(.text.step_cln_05_exit) referenced 2 times from app_workflows.o(.data.steps_clean)
 <LI><a href="#[18]">step_cln_06_enter</a> from app_workflows.o(.text.step_cln_06_enter) referenced 2 times from app_workflows.o(.data.steps_clean)
 <LI><a href="#[19]">step_cln_06_exit</a> from app_workflows.o(.text.step_cln_06_exit) referenced 2 times from app_workflows.o(.data.steps_clean)
 <LI><a href="#[1a]">step_cln_07_enter</a> from app_workflows.o(.text.step_cln_07_enter) referenced 2 times from app_workflows.o(.data.steps_clean)
 <LI><a href="#[1b]">step_cln_07_exit</a> from app_workflows.o(.text.step_cln_07_exit) referenced 2 times from app_workflows.o(.data.steps_clean)
 <LI><a href="#[1c]">step_cln_08_enter</a> from app_workflows.o(.text.step_cln_08_enter) referenced 2 times from app_workflows.o(.data.steps_clean)
 <LI><a href="#[1d]">step_cln_08_exit</a> from app_workflows.o(.text.step_cln_08_exit) referenced 2 times from app_workflows.o(.data.steps_clean)
 <LI><a href="#[1e]">step_cln_09_enter</a> from app_workflows.o(.text.step_cln_09_enter) referenced 2 times from app_workflows.o(.data.steps_clean)
 <LI><a href="#[1f]">step_cln_09_exit</a> from app_workflows.o(.text.step_cln_09_exit) referenced 2 times from app_workflows.o(.data.steps_clean)
 <LI><a href="#[20]">step_cln_10_enter</a> from app_workflows.o(.text.step_cln_10_enter) referenced 2 times from app_workflows.o(.data.steps_clean)
 <LI><a href="#[21]">step_cln_10_exit</a> from app_workflows.o(.text.step_cln_10_exit) referenced 2 times from app_workflows.o(.data.steps_clean)
 <LI><a href="#[22]">step_cln_11_enter</a> from app_workflows.o(.text.step_cln_11_enter) referenced 2 times from app_workflows.o(.data.steps_clean)
 <LI><a href="#[23]">step_cln_11_exit</a> from app_workflows.o(.text.step_cln_11_exit) referenced 2 times from app_workflows.o(.data.steps_clean)
 <LI><a href="#[24]">step_cln_12_enter</a> from app_workflows.o(.text.step_cln_12_enter) referenced 2 times from app_workflows.o(.data.steps_clean)
 <LI><a href="#[25]">step_cln_12_exit</a> from app_workflows.o(.text.step_cln_12_exit) referenced 2 times from app_workflows.o(.data.steps_clean)
 <LI><a href="#[26]">step_cln_13_enter</a> from app_workflows.o(.text.step_cln_13_enter) referenced 2 times from app_workflows.o(.data.steps_clean)
 <LI><a href="#[27]">step_cln_13_exit</a> from app_workflows.o(.text.step_cln_13_exit) referenced 2 times from app_workflows.o(.data.steps_clean)
 <LI><a href="#[28]">step_cln_14_enter</a> from app_workflows.o(.text.step_cln_14_enter) referenced 2 times from app_workflows.o(.data.steps_clean)
 <LI><a href="#[29]">step_cln_14_exit</a> from app_workflows.o(.text.step_cln_14_exit) referenced 2 times from app_workflows.o(.data.steps_clean)
 <LI><a href="#[2a]">step_def_01_enter</a> from app_workflows.o(.text.step_def_01_enter) referenced 2 times from app_workflows.o(.data.steps_defecate)
 <LI><a href="#[2b]">step_def_01_exit</a> from app_workflows.o(.text.step_def_01_exit) referenced 2 times from app_workflows.o(.data.steps_defecate)
 <LI><a href="#[2c]">step_def_02_enter</a> from app_workflows.o(.text.step_def_02_enter) referenced 2 times from app_workflows.o(.data.steps_defecate)
 <LI><a href="#[2d]">step_def_02_exit</a> from app_workflows.o(.text.step_def_02_exit) referenced 2 times from app_workflows.o(.data.steps_defecate)
 <LI><a href="#[2e]">step_def_03_enter</a> from app_workflows.o(.text.step_def_03_enter) referenced 2 times from app_workflows.o(.data.steps_defecate)
 <LI><a href="#[2f]">step_def_03_exit</a> from app_workflows.o(.text.step_def_03_exit) referenced 2 times from app_workflows.o(.data.steps_defecate)
 <LI><a href="#[30]">step_def_04_enter</a> from app_workflows.o(.text.step_def_04_enter) referenced 2 times from app_workflows.o(.data.steps_defecate)
 <LI><a href="#[31]">step_def_04_exit</a> from app_workflows.o(.text.step_def_04_exit) referenced 2 times from app_workflows.o(.data.steps_defecate)
 <LI><a href="#[32]">step_def_05_enter</a> from app_workflows.o(.text.step_def_05_enter) referenced 2 times from app_workflows.o(.data.steps_defecate)
 <LI><a href="#[33]">step_def_05_exit</a> from app_workflows.o(.text.step_def_05_exit) referenced 2 times from app_workflows.o(.data.steps_defecate)
 <LI><a href="#[34]">step_def_06_enter</a> from app_workflows.o(.text.step_def_06_enter) referenced 2 times from app_workflows.o(.data.steps_defecate)
 <LI><a href="#[35]">step_def_06_exit</a> from app_workflows.o(.text.step_def_06_exit) referenced 2 times from app_workflows.o(.data.steps_defecate)
 <LI><a href="#[36]">step_def_07_enter</a> from app_workflows.o(.text.step_def_07_enter) referenced 2 times from app_workflows.o(.data.steps_defecate)
 <LI><a href="#[37]">step_def_07_exit</a> from app_workflows.o(.text.step_def_07_exit) referenced 2 times from app_workflows.o(.data.steps_defecate)
 <LI><a href="#[38]">step_def_08_enter</a> from app_workflows.o(.text.step_def_08_enter) referenced 2 times from app_workflows.o(.data.steps_defecate)
 <LI><a href="#[39]">step_def_08_exit</a> from app_workflows.o(.text.step_def_08_exit) referenced 2 times from app_workflows.o(.data.steps_defecate)
 <LI><a href="#[3a]">step_def_09_enter</a> from app_workflows.o(.text.step_def_09_enter) referenced 2 times from app_workflows.o(.data.steps_defecate)
 <LI><a href="#[3b]">step_def_09_exit</a> from app_workflows.o(.text.step_def_09_exit) referenced 2 times from app_workflows.o(.data.steps_defecate)
 <LI><a href="#[3c]">step_def_10_enter</a> from app_workflows.o(.text.step_def_10_enter) referenced 2 times from app_workflows.o(.data.steps_defecate)
 <LI><a href="#[3d]">step_def_10_exit</a> from app_workflows.o(.text.step_def_10_exit) referenced 2 times from app_workflows.o(.data.steps_defecate)
 <LI><a href="#[3e]">step_def_11_enter</a> from app_workflows.o(.text.step_def_11_enter) referenced 2 times from app_workflows.o(.data.steps_defecate)
 <LI><a href="#[3f]">step_def_11_exit</a> from app_workflows.o(.text.step_def_11_exit) referenced 2 times from app_workflows.o(.data.steps_defecate)
 <LI><a href="#[40]">step_def_12_enter</a> from app_workflows.o(.text.step_def_12_enter) referenced 2 times from app_workflows.o(.data.steps_defecate)
 <LI><a href="#[41]">step_def_12_exit</a> from app_workflows.o(.text.step_def_12_exit) referenced 2 times from app_workflows.o(.data.steps_defecate)
 <LI><a href="#[42]">step_def_13_enter</a> from app_workflows.o(.text.step_def_13_enter) referenced 2 times from app_workflows.o(.data.steps_defecate)
 <LI><a href="#[43]">step_def_13_exit</a> from app_workflows.o(.text.step_def_13_exit) referenced 2 times from app_workflows.o(.data.steps_defecate)
 <LI><a href="#[44]">step_def_14_enter</a> from app_workflows.o(.text.step_def_14_enter) referenced 2 times from app_workflows.o(.data.steps_defecate)
 <LI><a href="#[45]">step_def_14_exit</a> from app_workflows.o(.text.step_def_14_exit) referenced 2 times from app_workflows.o(.data.steps_defecate)
 <LI><a href="#[46]">step_def_15_enter</a> from app_workflows.o(.text.step_def_15_enter) referenced 2 times from app_workflows.o(.data.steps_defecate)
 <LI><a href="#[47]">step_def_15_exit</a> from app_workflows.o(.text.step_def_15_exit) referenced 2 times from app_workflows.o(.data.steps_defecate)
 <LI><a href="#[48]">step_def_16_enter</a> from app_workflows.o(.text.step_def_16_enter) referenced 2 times from app_workflows.o(.data.steps_defecate)
 <LI><a href="#[49]">step_def_16_exit</a> from app_workflows.o(.text.step_def_16_exit) referenced 2 times from app_workflows.o(.data.steps_defecate)
 <LI><a href="#[4a]">step_def_17_enter</a> from app_workflows.o(.text.step_def_17_enter) referenced 2 times from app_workflows.o(.data.steps_defecate)
 <LI><a href="#[4b]">step_def_17_exit</a> from app_workflows.o(.text.step_def_17_exit) referenced 2 times from app_workflows.o(.data.steps_defecate)
 <LI><a href="#[4c]">step_def_18_enter</a> from app_workflows.o(.text.step_def_18_enter) referenced 2 times from app_workflows.o(.data.steps_defecate)
 <LI><a href="#[4d]">step_def_18_exit</a> from app_workflows.o(.text.step_def_18_exit) referenced 2 times from app_workflows.o(.data.steps_defecate)
 <LI><a href="#[4e]">step_def_19_enter</a> from app_workflows.o(.text.step_def_19_enter) referenced 2 times from app_workflows.o(.data.steps_defecate)
 <LI><a href="#[4f]">step_def_19_exit</a> from app_workflows.o(.text.step_def_19_exit) referenced 2 times from app_workflows.o(.data.steps_defecate)
 <LI><a href="#[50]">step_def_20_enter</a> from app_workflows.o(.text.step_def_20_enter) referenced 2 times from app_workflows.o(.data.steps_defecate)
 <LI><a href="#[51]">step_def_20_exit</a> from app_workflows.o(.text.step_def_20_exit) referenced 2 times from app_workflows.o(.data.steps_defecate)
 <LI><a href="#[52]">step_def_21_enter</a> from app_workflows.o(.text.step_def_21_enter) referenced 2 times from app_workflows.o(.data.steps_defecate)
 <LI><a href="#[53]">step_def_21_exit</a> from app_workflows.o(.text.step_def_21_exit) referenced 2 times from app_workflows.o(.data.steps_defecate)
 <LI><a href="#[54]">step_def_22_enter</a> from app_workflows.o(.text.step_def_22_enter) referenced 2 times from app_workflows.o(.data.steps_defecate)
 <LI><a href="#[55]">step_def_22_exit</a> from app_workflows.o(.text.step_def_22_exit) referenced 2 times from app_workflows.o(.data.steps_defecate)
 <LI><a href="#[8]">step_dry_01_enter</a> from app_workflows.o(.text.step_dry_01_enter) referenced 2 times from app_workflows.o(.data..L_MergedGlobals.12)
 <LI><a href="#[9]">step_dry_01_exit</a> from app_workflows.o(.text.step_dry_01_exit) referenced 2 times from app_workflows.o(.data..L_MergedGlobals.12)
 <LI><a href="#[a]">step_dry_02_enter</a> from app_workflows.o(.text.step_dry_02_enter) referenced 2 times from app_workflows.o(.data..L_MergedGlobals.12)
 <LI><a href="#[b]">step_dry_02_exit</a> from app_workflows.o(.text.step_dry_02_exit) referenced 2 times from app_workflows.o(.data..L_MergedGlobals.12)
 <LI><a href="#[c]">step_dry_03_enter</a> from app_workflows.o(.text.step_dry_03_enter) referenced 2 times from app_workflows.o(.data..L_MergedGlobals.12)
 <LI><a href="#[d]">step_dry_03_exit</a> from app_workflows.o(.text.step_dry_03_exit) referenced 2 times from app_workflows.o(.data..L_MergedGlobals.12)
 <LI><a href="#[56]">step_uri_01_enter</a> from app_workflows.o(.text.step_uri_01_enter) referenced 2 times from app_workflows.o(.data.steps_urinate)
 <LI><a href="#[57]">step_uri_01_exit</a> from app_workflows.o(.text.step_uri_01_exit) referenced 2 times from app_workflows.o(.data.steps_urinate)
 <LI><a href="#[58]">step_uri_02_enter</a> from app_workflows.o(.text.step_uri_02_enter) referenced 2 times from app_workflows.o(.data.steps_urinate)
 <LI><a href="#[59]">step_uri_02_exit</a> from app_workflows.o(.text.step_uri_02_exit) referenced 2 times from app_workflows.o(.data.steps_urinate)
 <LI><a href="#[5a]">step_uri_03_enter</a> from app_workflows.o(.text.step_uri_03_enter) referenced 2 times from app_workflows.o(.data.steps_urinate)
 <LI><a href="#[5b]">step_uri_03_exit</a> from app_workflows.o(.text.step_uri_03_exit) referenced 2 times from app_workflows.o(.data.steps_urinate)
 <LI><a href="#[5c]">step_uri_04_enter</a> from app_workflows.o(.text.step_uri_04_enter) referenced 2 times from app_workflows.o(.data.steps_urinate)
 <LI><a href="#[5d]">step_uri_04_exit</a> from app_workflows.o(.text.step_uri_04_exit) referenced 2 times from app_workflows.o(.data.steps_urinate)
 <LI><a href="#[5e]">step_uri_05_enter</a> from app_workflows.o(.text.step_uri_05_enter) referenced 2 times from app_workflows.o(.data.steps_urinate)
 <LI><a href="#[5f]">step_uri_05_exit</a> from app_workflows.o(.text.step_uri_05_exit) referenced 2 times from app_workflows.o(.data.steps_urinate)
 <LI><a href="#[60]">step_uri_06_enter</a> from app_workflows.o(.text.step_uri_06_enter) referenced 2 times from app_workflows.o(.data.steps_urinate)
 <LI><a href="#[61]">step_uri_06_exit</a> from app_workflows.o(.text.step_uri_06_exit) referenced 2 times from app_workflows.o(.data.steps_urinate)
 <LI><a href="#[62]">step_uri_07_enter</a> from app_workflows.o(.text.step_uri_07_enter) referenced 2 times from app_workflows.o(.data.steps_urinate)
 <LI><a href="#[63]">step_uri_07_exit</a> from app_workflows.o(.text.step_uri_07_exit) referenced 2 times from app_workflows.o(.data.steps_urinate)
 <LI><a href="#[64]">step_uri_08_enter</a> from app_workflows.o(.text.step_uri_08_enter) referenced 2 times from app_workflows.o(.data.steps_urinate)
 <LI><a href="#[65]">step_uri_08_exit</a> from app_workflows.o(.text.step_uri_08_exit) referenced 2 times from app_workflows.o(.data.steps_urinate)
 <LI><a href="#[66]">step_uri_09_enter</a> from app_workflows.o(.text.step_uri_09_enter) referenced 2 times from app_workflows.o(.data.steps_urinate)
 <LI><a href="#[67]">step_uri_09_exit</a> from app_workflows.o(.text.step_uri_09_exit) referenced 2 times from app_workflows.o(.data.steps_urinate)
 <LI><a href="#[68]">step_uri_10_enter</a> from app_workflows.o(.text.step_uri_10_enter) referenced 2 times from app_workflows.o(.data.steps_urinate)
 <LI><a href="#[69]">step_uri_10_exit</a> from app_workflows.o(.text.step_uri_10_exit) referenced 2 times from app_workflows.o(.data.steps_urinate)
 <LI><a href="#[6a]">step_uri_11_enter</a> from app_workflows.o(.text.step_uri_11_enter) referenced 2 times from app_workflows.o(.data.steps_urinate)
 <LI><a href="#[6b]">step_uri_11_exit</a> from app_workflows.o(.text.step_uri_11_exit) referenced 2 times from app_workflows.o(.data.steps_urinate)
 <LI><a href="#[6c]">step_uri_12_enter</a> from app_workflows.o(.text.step_uri_12_enter) referenced 2 times from app_workflows.o(.data.steps_urinate)
 <LI><a href="#[6d]">step_uri_12_exit</a> from app_workflows.o(.text.step_uri_12_exit) referenced 2 times from app_workflows.o(.data.steps_urinate)
 <LI><a href="#[6e]">step_uri_13_enter</a> from app_workflows.o(.text.step_uri_13_enter) referenced 2 times from app_workflows.o(.data.steps_urinate)
 <LI><a href="#[6f]">step_uri_13_exit</a> from app_workflows.o(.text.step_uri_13_exit) referenced 2 times from app_workflows.o(.data.steps_urinate)
 <LI><a href="#[70]">step_uri_14_enter</a> from app_workflows.o(.text.step_uri_14_enter) referenced 2 times from app_workflows.o(.data.steps_urinate)
 <LI><a href="#[71]">step_uri_14_exit</a> from app_workflows.o(.text.step_uri_14_exit) referenced 2 times from app_workflows.o(.data.steps_urinate)
 <LI><a href="#[4]">step_vac_01_enter</a> from app_workflows.o(.text.step_vac_01_enter) referenced 2 times from app_workflows.o(.data..L_MergedGlobals)
 <LI><a href="#[5]">step_vac_01_exit</a> from app_workflows.o(.text.step_vac_01_exit) referenced 2 times from app_workflows.o(.data..L_MergedGlobals)
 <LI><a href="#[6]">step_vac_02_enter</a> from app_workflows.o(.text.step_vac_02_enter) referenced 2 times from app_workflows.o(.data..L_MergedGlobals)
 <LI><a href="#[7]">step_vac_02_exit</a> from app_workflows.o(.text.step_vac_02_exit) referenced 2 times from app_workflows.o(.data..L_MergedGlobals)
</UL>
<P>
<H3>
Global Symbols
</H3>
<P><STRONG><a name="[cf]"></a>__main</STRONG> (Thumb, 0 bytes, Stack size unknown bytes, entry.o(.ARM.Collect$$$$00000000))
<BR>[Address Reference Count : 1]<UL><LI> startup_stm32f407xx.o(.text)
</UL>
<P><STRONG><a name="[17c]"></a>_main_stk</STRONG> (Thumb, 0 bytes, Stack size unknown bytes, entry2.o(.ARM.Collect$$$$00000001))

<P><STRONG><a name="[e8]"></a>_main_scatterload</STRONG> (Thumb, 0 bytes, Stack size unknown bytes, entry5.o(.ARM.Collect$$$$00000004))
<BR><BR>[Calls]<UL><LI><a href="#[e9]">&gt;&gt;</a>&nbsp;&nbsp;&nbsp;__scatterload
</UL>

<P><STRONG><a name="[f5]"></a>__main_after_scatterload</STRONG> (Thumb, 0 bytes, Stack size unknown bytes, entry5.o(.ARM.Collect$$$$00000004))
<BR><BR>[Called By]<UL><LI><a href="#[e9]">&gt;&gt;</a>&nbsp;&nbsp;&nbsp;__scatterload
</UL>

<P><STRONG><a name="[17d]"></a>_main_clock</STRONG> (Thumb, 0 bytes, Stack size unknown bytes, entry7b.o(.ARM.Collect$$$$00000008))

<P><STRONG><a name="[17e]"></a>_main_cpp_init</STRONG> (Thumb, 0 bytes, Stack size unknown bytes, entry8b.o(.ARM.Collect$$$$0000000A))

<P><STRONG><a name="[17f]"></a>_main_init</STRONG> (Thumb, 0 bytes, Stack size unknown bytes, entry9a.o(.ARM.Collect$$$$0000000B))

<P><STRONG><a name="[180]"></a>__rt_final_cpp</STRONG> (Thumb, 0 bytes, Stack size unknown bytes, entry10a.o(.ARM.Collect$$$$0000000D))

<P><STRONG><a name="[181]"></a>__rt_final_exit</STRONG> (Thumb, 0 bytes, Stack size unknown bytes, entry11a.o(.ARM.Collect$$$$0000000F))

<P><STRONG><a name="[72]"></a>Reset_Handler</STRONG> (Thumb, 8 bytes, Stack size 0 bytes, startup_stm32f407xx.o(.text))
<BR>[Address Reference Count : 1]<UL><LI> startup_stm32f407xx.o(RESET)
</UL>
<P><STRONG><a name="[8e]"></a>ADC_IRQHandler</STRONG> (Thumb, 0 bytes, Stack size 0 bytes, startup_stm32f407xx.o(.text))
<BR><BR>[Calls]<UL><LI><a href="#[8e]">&gt;&gt;</a>&nbsp;&nbsp;&nbsp;ADC_IRQHandler
</UL>
<BR>[Called By]<UL><LI><a href="#[8e]">&gt;&gt;</a>&nbsp;&nbsp;&nbsp;ADC_IRQHandler
</UL>
<BR>[Address Reference Count : 1]<UL><LI> startup_stm32f407xx.o(RESET)
</UL>
<P><STRONG><a name="[90]"></a>CAN1_RX0_IRQHandler</STRONG> (Thumb, 0 bytes, Stack size 0 bytes, startup_stm32f407xx.o(.text))
<BR>[Address Reference Count : 1]<UL><LI> startup_stm32f407xx.o(RESET)
</UL>
<P><STRONG><a name="[91]"></a>CAN1_RX1_IRQHandler</STRONG> (Thumb, 0 bytes, Stack size 0 bytes, startup_stm32f407xx.o(.text))
<BR>[Address Reference Count : 1]<UL><LI> startup_stm32f407xx.o(RESET)
</UL>
<P><STRONG><a name="[92]"></a>CAN1_SCE_IRQHandler</STRONG> (Thumb, 0 bytes, Stack size 0 bytes, startup_stm32f407xx.o(.text))
<BR>[Address Reference Count : 1]<UL><LI> startup_stm32f407xx.o(RESET)
</UL>
<P><STRONG><a name="[8f]"></a>CAN1_TX_IRQHandler</STRONG> (Thumb, 0 bytes, Stack size 0 bytes, startup_stm32f407xx.o(.text))
<BR>[Address Reference Count : 1]<UL><LI> startup_stm32f407xx.o(RESET)
</UL>
<P><STRONG><a name="[bc]"></a>CAN2_RX0_IRQHandler</STRONG> (Thumb, 0 bytes, Stack size 0 bytes, startup_stm32f407xx.o(.text))
<BR>[Address Reference Count : 1]<UL><LI> startup_stm32f407xx.o(RESET)
</UL>
<P><STRONG><a name="[bd]"></a>CAN2_RX1_IRQHandler</STRONG> (Thumb, 0 bytes, Stack size 0 bytes, startup_stm32f407xx.o(.text))
<BR>[Address Reference Count : 1]<UL><LI> startup_stm32f407xx.o(RESET)
</UL>
<P><STRONG><a name="[be]"></a>CAN2_SCE_IRQHandler</STRONG> (Thumb, 0 bytes, Stack size 0 bytes, startup_stm32f407xx.o(.text))
<BR>[Address Reference Count : 1]<UL><LI> startup_stm32f407xx.o(RESET)
</UL>
<P><STRONG><a name="[bb]"></a>CAN2_TX_IRQHandler</STRONG> (Thumb, 0 bytes, Stack size 0 bytes, startup_stm32f407xx.o(.text))
<BR>[Address Reference Count : 1]<UL><LI> startup_stm32f407xx.o(RESET)
</UL>
<P><STRONG><a name="[ca]"></a>DCMI_IRQHandler</STRONG> (Thumb, 0 bytes, Stack size 0 bytes, startup_stm32f407xx.o(.text))
<BR>[Address Reference Count : 1]<UL><LI> startup_stm32f407xx.o(RESET)
</UL>
<P><STRONG><a name="[87]"></a>DMA1_Stream0_IRQHandler</STRONG> (Thumb, 0 bytes, Stack size 0 bytes, startup_stm32f407xx.o(.text))
<BR>[Address Reference Count : 1]<UL><LI> startup_stm32f407xx.o(RESET)
</UL>
<P><STRONG><a name="[88]"></a>DMA1_Stream1_IRQHandler</STRONG> (Thumb, 0 bytes, Stack size 0 bytes, startup_stm32f407xx.o(.text))
<BR>[Address Reference Count : 1]<UL><LI> startup_stm32f407xx.o(RESET)
</UL>
<P><STRONG><a name="[89]"></a>DMA1_Stream2_IRQHandler</STRONG> (Thumb, 0 bytes, Stack size 0 bytes, startup_stm32f407xx.o(.text))
<BR>[Address Reference Count : 1]<UL><LI> startup_stm32f407xx.o(RESET)
</UL>
<P><STRONG><a name="[8a]"></a>DMA1_Stream3_IRQHandler</STRONG> (Thumb, 0 bytes, Stack size 0 bytes, startup_stm32f407xx.o(.text))
<BR>[Address Reference Count : 1]<UL><LI> startup_stm32f407xx.o(RESET)
</UL>
<P><STRONG><a name="[8b]"></a>DMA1_Stream4_IRQHandler</STRONG> (Thumb, 0 bytes, Stack size 0 bytes, startup_stm32f407xx.o(.text))
<BR>[Address Reference Count : 1]<UL><LI> startup_stm32f407xx.o(RESET)
</UL>
<P><STRONG><a name="[8c]"></a>DMA1_Stream5_IRQHandler</STRONG> (Thumb, 0 bytes, Stack size 0 bytes, startup_stm32f407xx.o(.text))
<BR>[Address Reference Count : 1]<UL><LI> startup_stm32f407xx.o(RESET)
</UL>
<P><STRONG><a name="[8d]"></a>DMA1_Stream6_IRQHandler</STRONG> (Thumb, 0 bytes, Stack size 0 bytes, startup_stm32f407xx.o(.text))
<BR>[Address Reference Count : 1]<UL><LI> startup_stm32f407xx.o(RESET)
</UL>
<P><STRONG><a name="[ab]"></a>DMA1_Stream7_IRQHandler</STRONG> (Thumb, 0 bytes, Stack size 0 bytes, startup_stm32f407xx.o(.text))
<BR>[Address Reference Count : 1]<UL><LI> startup_stm32f407xx.o(RESET)
</UL>
<P><STRONG><a name="[b4]"></a>DMA2_Stream0_IRQHandler</STRONG> (Thumb, 0 bytes, Stack size 0 bytes, startup_stm32f407xx.o(.text))
<BR>[Address Reference Count : 1]<UL><LI> startup_stm32f407xx.o(RESET)
</UL>
<P><STRONG><a name="[b5]"></a>DMA2_Stream1_IRQHandler</STRONG> (Thumb, 0 bytes, Stack size 0 bytes, startup_stm32f407xx.o(.text))
<BR>[Address Reference Count : 1]<UL><LI> startup_stm32f407xx.o(RESET)
</UL>
<P><STRONG><a name="[b6]"></a>DMA2_Stream2_IRQHandler</STRONG> (Thumb, 0 bytes, Stack size 0 bytes, startup_stm32f407xx.o(.text))
<BR>[Address Reference Count : 1]<UL><LI> startup_stm32f407xx.o(RESET)
</UL>
<P><STRONG><a name="[b7]"></a>DMA2_Stream3_IRQHandler</STRONG> (Thumb, 0 bytes, Stack size 0 bytes, startup_stm32f407xx.o(.text))
<BR>[Address Reference Count : 1]<UL><LI> startup_stm32f407xx.o(RESET)
</UL>
<P><STRONG><a name="[b8]"></a>DMA2_Stream4_IRQHandler</STRONG> (Thumb, 0 bytes, Stack size 0 bytes, startup_stm32f407xx.o(.text))
<BR>[Address Reference Count : 1]<UL><LI> startup_stm32f407xx.o(RESET)
</UL>
<P><STRONG><a name="[c0]"></a>DMA2_Stream5_IRQHandler</STRONG> (Thumb, 0 bytes, Stack size 0 bytes, startup_stm32f407xx.o(.text))
<BR>[Address Reference Count : 1]<UL><LI> startup_stm32f407xx.o(RESET)
</UL>
<P><STRONG><a name="[c1]"></a>DMA2_Stream6_IRQHandler</STRONG> (Thumb, 0 bytes, Stack size 0 bytes, startup_stm32f407xx.o(.text))
<BR>[Address Reference Count : 1]<UL><LI> startup_stm32f407xx.o(RESET)
</UL>
<P><STRONG><a name="[c2]"></a>DMA2_Stream7_IRQHandler</STRONG> (Thumb, 0 bytes, Stack size 0 bytes, startup_stm32f407xx.o(.text))
<BR>[Address Reference Count : 1]<UL><LI> startup_stm32f407xx.o(RESET)
</UL>
<P><STRONG><a name="[b9]"></a>ETH_IRQHandler</STRONG> (Thumb, 0 bytes, Stack size 0 bytes, startup_stm32f407xx.o(.text))
<BR>[Address Reference Count : 1]<UL><LI> startup_stm32f407xx.o(RESET)
</UL>
<P><STRONG><a name="[ba]"></a>ETH_WKUP_IRQHandler</STRONG> (Thumb, 0 bytes, Stack size 0 bytes, startup_stm32f407xx.o(.text))
<BR>[Address Reference Count : 1]<UL><LI> startup_stm32f407xx.o(RESET)
</UL>
<P><STRONG><a name="[82]"></a>EXTI0_IRQHandler</STRONG> (Thumb, 0 bytes, Stack size 0 bytes, startup_stm32f407xx.o(.text))
<BR>[Address Reference Count : 1]<UL><LI> startup_stm32f407xx.o(RESET)
</UL>
<P><STRONG><a name="[a4]"></a>EXTI15_10_IRQHandler</STRONG> (Thumb, 0 bytes, Stack size 0 bytes, startup_stm32f407xx.o(.text))
<BR>[Address Reference Count : 1]<UL><LI> startup_stm32f407xx.o(RESET)
</UL>
<P><STRONG><a name="[83]"></a>EXTI1_IRQHandler</STRONG> (Thumb, 0 bytes, Stack size 0 bytes, startup_stm32f407xx.o(.text))
<BR>[Address Reference Count : 1]<UL><LI> startup_stm32f407xx.o(RESET)
</UL>
<P><STRONG><a name="[84]"></a>EXTI2_IRQHandler</STRONG> (Thumb, 0 bytes, Stack size 0 bytes, startup_stm32f407xx.o(.text))
<BR>[Address Reference Count : 1]<UL><LI> startup_stm32f407xx.o(RESET)
</UL>
<P><STRONG><a name="[85]"></a>EXTI3_IRQHandler</STRONG> (Thumb, 0 bytes, Stack size 0 bytes, startup_stm32f407xx.o(.text))
<BR>[Address Reference Count : 1]<UL><LI> startup_stm32f407xx.o(RESET)
</UL>
<P><STRONG><a name="[86]"></a>EXTI4_IRQHandler</STRONG> (Thumb, 0 bytes, Stack size 0 bytes, startup_stm32f407xx.o(.text))
<BR>[Address Reference Count : 1]<UL><LI> startup_stm32f407xx.o(RESET)
</UL>
<P><STRONG><a name="[93]"></a>EXTI9_5_IRQHandler</STRONG> (Thumb, 0 bytes, Stack size 0 bytes, startup_stm32f407xx.o(.text))
<BR>[Address Reference Count : 1]<UL><LI> startup_stm32f407xx.o(RESET)
</UL>
<P><STRONG><a name="[80]"></a>FLASH_IRQHandler</STRONG> (Thumb, 0 bytes, Stack size 0 bytes, startup_stm32f407xx.o(.text))
<BR>[Address Reference Count : 1]<UL><LI> startup_stm32f407xx.o(RESET)
</UL>
<P><STRONG><a name="[ac]"></a>FMC_IRQHandler</STRONG> (Thumb, 0 bytes, Stack size 0 bytes, startup_stm32f407xx.o(.text))
<BR>[Address Reference Count : 1]<UL><LI> startup_stm32f407xx.o(RESET)
</UL>
<P><STRONG><a name="[cc]"></a>FPU_IRQHandler</STRONG> (Thumb, 0 bytes, Stack size 0 bytes, startup_stm32f407xx.o(.text))
<BR>[Address Reference Count : 1]<UL><LI> startup_stm32f407xx.o(RESET)
</UL>
<P><STRONG><a name="[cb]"></a>HASH_RNG_IRQHandler</STRONG> (Thumb, 0 bytes, Stack size 0 bytes, startup_stm32f407xx.o(.text))
<BR>[Address Reference Count : 1]<UL><LI> startup_stm32f407xx.o(RESET)
</UL>
<P><STRONG><a name="[9c]"></a>I2C1_ER_IRQHandler</STRONG> (Thumb, 0 bytes, Stack size 0 bytes, startup_stm32f407xx.o(.text))
<BR>[Address Reference Count : 1]<UL><LI> startup_stm32f407xx.o(RESET)
</UL>
<P><STRONG><a name="[9b]"></a>I2C1_EV_IRQHandler</STRONG> (Thumb, 0 bytes, Stack size 0 bytes, startup_stm32f407xx.o(.text))
<BR>[Address Reference Count : 1]<UL><LI> startup_stm32f407xx.o(RESET)
</UL>
<P><STRONG><a name="[9e]"></a>I2C2_ER_IRQHandler</STRONG> (Thumb, 0 bytes, Stack size 0 bytes, startup_stm32f407xx.o(.text))
<BR>[Address Reference Count : 1]<UL><LI> startup_stm32f407xx.o(RESET)
</UL>
<P><STRONG><a name="[9d]"></a>I2C2_EV_IRQHandler</STRONG> (Thumb, 0 bytes, Stack size 0 bytes, startup_stm32f407xx.o(.text))
<BR>[Address Reference Count : 1]<UL><LI> startup_stm32f407xx.o(RESET)
</UL>
<P><STRONG><a name="[c5]"></a>I2C3_ER_IRQHandler</STRONG> (Thumb, 0 bytes, Stack size 0 bytes, startup_stm32f407xx.o(.text))
<BR>[Address Reference Count : 1]<UL><LI> startup_stm32f407xx.o(RESET)
</UL>
<P><STRONG><a name="[c4]"></a>I2C3_EV_IRQHandler</STRONG> (Thumb, 0 bytes, Stack size 0 bytes, startup_stm32f407xx.o(.text))
<BR>[Address Reference Count : 1]<UL><LI> startup_stm32f407xx.o(RESET)
</UL>
<P><STRONG><a name="[bf]"></a>OTG_FS_IRQHandler</STRONG> (Thumb, 0 bytes, Stack size 0 bytes, startup_stm32f407xx.o(.text))
<BR>[Address Reference Count : 1]<UL><LI> startup_stm32f407xx.o(RESET)
</UL>
<P><STRONG><a name="[a6]"></a>OTG_FS_WKUP_IRQHandler</STRONG> (Thumb, 0 bytes, Stack size 0 bytes, startup_stm32f407xx.o(.text))
<BR>[Address Reference Count : 1]<UL><LI> startup_stm32f407xx.o(RESET)
</UL>
<P><STRONG><a name="[c7]"></a>OTG_HS_EP1_IN_IRQHandler</STRONG> (Thumb, 0 bytes, Stack size 0 bytes, startup_stm32f407xx.o(.text))
<BR>[Address Reference Count : 1]<UL><LI> startup_stm32f407xx.o(RESET)
</UL>
<P><STRONG><a name="[c6]"></a>OTG_HS_EP1_OUT_IRQHandler</STRONG> (Thumb, 0 bytes, Stack size 0 bytes, startup_stm32f407xx.o(.text))
<BR>[Address Reference Count : 1]<UL><LI> startup_stm32f407xx.o(RESET)
</UL>
<P><STRONG><a name="[c9]"></a>OTG_HS_IRQHandler</STRONG> (Thumb, 0 bytes, Stack size 0 bytes, startup_stm32f407xx.o(.text))
<BR>[Address Reference Count : 1]<UL><LI> startup_stm32f407xx.o(RESET)
</UL>
<P><STRONG><a name="[c8]"></a>OTG_HS_WKUP_IRQHandler</STRONG> (Thumb, 0 bytes, Stack size 0 bytes, startup_stm32f407xx.o(.text))
<BR>[Address Reference Count : 1]<UL><LI> startup_stm32f407xx.o(RESET)
</UL>
<P><STRONG><a name="[7d]"></a>PVD_IRQHandler</STRONG> (Thumb, 0 bytes, Stack size 0 bytes, startup_stm32f407xx.o(.text))
<BR>[Address Reference Count : 1]<UL><LI> startup_stm32f407xx.o(RESET)
</UL>
<P><STRONG><a name="[81]"></a>RCC_IRQHandler</STRONG> (Thumb, 0 bytes, Stack size 0 bytes, startup_stm32f407xx.o(.text))
<BR>[Address Reference Count : 1]<UL><LI> startup_stm32f407xx.o(RESET)
</UL>
<P><STRONG><a name="[a5]"></a>RTC_Alarm_IRQHandler</STRONG> (Thumb, 0 bytes, Stack size 0 bytes, startup_stm32f407xx.o(.text))
<BR>[Address Reference Count : 1]<UL><LI> startup_stm32f407xx.o(RESET)
</UL>
<P><STRONG><a name="[7f]"></a>RTC_WKUP_IRQHandler</STRONG> (Thumb, 0 bytes, Stack size 0 bytes, startup_stm32f407xx.o(.text))
<BR>[Address Reference Count : 1]<UL><LI> startup_stm32f407xx.o(RESET)
</UL>
<P><STRONG><a name="[ad]"></a>SDIO_IRQHandler</STRONG> (Thumb, 0 bytes, Stack size 0 bytes, startup_stm32f407xx.o(.text))
<BR>[Address Reference Count : 1]<UL><LI> startup_stm32f407xx.o(RESET)
</UL>
<P><STRONG><a name="[9f]"></a>SPI1_IRQHandler</STRONG> (Thumb, 0 bytes, Stack size 0 bytes, startup_stm32f407xx.o(.text))
<BR>[Address Reference Count : 1]<UL><LI> startup_stm32f407xx.o(RESET)
</UL>
<P><STRONG><a name="[a0]"></a>SPI2_IRQHandler</STRONG> (Thumb, 0 bytes, Stack size 0 bytes, startup_stm32f407xx.o(.text))
<BR>[Address Reference Count : 1]<UL><LI> startup_stm32f407xx.o(RESET)
</UL>
<P><STRONG><a name="[af]"></a>SPI3_IRQHandler</STRONG> (Thumb, 0 bytes, Stack size 0 bytes, startup_stm32f407xx.o(.text))
<BR>[Address Reference Count : 1]<UL><LI> startup_stm32f407xx.o(RESET)
</UL>
<P><STRONG><a name="[7e]"></a>TAMP_STAMP_IRQHandler</STRONG> (Thumb, 0 bytes, Stack size 0 bytes, startup_stm32f407xx.o(.text))
<BR>[Address Reference Count : 1]<UL><LI> startup_stm32f407xx.o(RESET)
</UL>
<P><STRONG><a name="[94]"></a>TIM1_BRK_TIM9_IRQHandler</STRONG> (Thumb, 0 bytes, Stack size 0 bytes, startup_stm32f407xx.o(.text))
<BR>[Address Reference Count : 1]<UL><LI> startup_stm32f407xx.o(RESET)
</UL>
<P><STRONG><a name="[97]"></a>TIM1_CC_IRQHandler</STRONG> (Thumb, 0 bytes, Stack size 0 bytes, startup_stm32f407xx.o(.text))
<BR>[Address Reference Count : 1]<UL><LI> startup_stm32f407xx.o(RESET)
</UL>
<P><STRONG><a name="[96]"></a>TIM1_TRG_COM_TIM11_IRQHandler</STRONG> (Thumb, 0 bytes, Stack size 0 bytes, startup_stm32f407xx.o(.text))
<BR>[Address Reference Count : 1]<UL><LI> startup_stm32f407xx.o(RESET)
</UL>
<P><STRONG><a name="[95]"></a>TIM1_UP_TIM10_IRQHandler</STRONG> (Thumb, 0 bytes, Stack size 0 bytes, startup_stm32f407xx.o(.text))
<BR>[Address Reference Count : 1]<UL><LI> startup_stm32f407xx.o(RESET)
</UL>
<P><STRONG><a name="[98]"></a>TIM2_IRQHandler</STRONG> (Thumb, 0 bytes, Stack size 0 bytes, startup_stm32f407xx.o(.text))
<BR>[Address Reference Count : 1]<UL><LI> startup_stm32f407xx.o(RESET)
</UL>
<P><STRONG><a name="[99]"></a>TIM3_IRQHandler</STRONG> (Thumb, 0 bytes, Stack size 0 bytes, startup_stm32f407xx.o(.text))
<BR>[Address Reference Count : 1]<UL><LI> startup_stm32f407xx.o(RESET)
</UL>
<P><STRONG><a name="[9a]"></a>TIM4_IRQHandler</STRONG> (Thumb, 0 bytes, Stack size 0 bytes, startup_stm32f407xx.o(.text))
<BR>[Address Reference Count : 1]<UL><LI> startup_stm32f407xx.o(RESET)
</UL>
<P><STRONG><a name="[ae]"></a>TIM5_IRQHandler</STRONG> (Thumb, 0 bytes, Stack size 0 bytes, startup_stm32f407xx.o(.text))
<BR>[Address Reference Count : 1]<UL><LI> startup_stm32f407xx.o(RESET)
</UL>
<P><STRONG><a name="[b2]"></a>TIM6_DAC_IRQHandler</STRONG> (Thumb, 0 bytes, Stack size 0 bytes, startup_stm32f407xx.o(.text))
<BR>[Address Reference Count : 1]<UL><LI> startup_stm32f407xx.o(RESET)
</UL>
<P><STRONG><a name="[b3]"></a>TIM7_IRQHandler</STRONG> (Thumb, 0 bytes, Stack size 0 bytes, startup_stm32f407xx.o(.text))
<BR>[Address Reference Count : 1]<UL><LI> startup_stm32f407xx.o(RESET)
</UL>
<P><STRONG><a name="[a7]"></a>TIM8_BRK_TIM12_IRQHandler</STRONG> (Thumb, 0 bytes, Stack size 0 bytes, startup_stm32f407xx.o(.text))
<BR>[Address Reference Count : 1]<UL><LI> startup_stm32f407xx.o(RESET)
</UL>
<P><STRONG><a name="[aa]"></a>TIM8_CC_IRQHandler</STRONG> (Thumb, 0 bytes, Stack size 0 bytes, startup_stm32f407xx.o(.text))
<BR>[Address Reference Count : 1]<UL><LI> startup_stm32f407xx.o(RESET)
</UL>
<P><STRONG><a name="[a9]"></a>TIM8_TRG_COM_TIM14_IRQHandler</STRONG> (Thumb, 0 bytes, Stack size 0 bytes, startup_stm32f407xx.o(.text))
<BR>[Address Reference Count : 1]<UL><LI> startup_stm32f407xx.o(RESET)
</UL>
<P><STRONG><a name="[a8]"></a>TIM8_UP_TIM13_IRQHandler</STRONG> (Thumb, 0 bytes, Stack size 0 bytes, startup_stm32f407xx.o(.text))
<BR>[Address Reference Count : 1]<UL><LI> startup_stm32f407xx.o(RESET)
</UL>
<P><STRONG><a name="[b0]"></a>UART4_IRQHandler</STRONG> (Thumb, 0 bytes, Stack size 0 bytes, startup_stm32f407xx.o(.text))
<BR>[Address Reference Count : 1]<UL><LI> startup_stm32f407xx.o(RESET)
</UL>
<P><STRONG><a name="[b1]"></a>UART5_IRQHandler</STRONG> (Thumb, 0 bytes, Stack size 0 bytes, startup_stm32f407xx.o(.text))
<BR>[Address Reference Count : 1]<UL><LI> startup_stm32f407xx.o(RESET)
</UL>
<P><STRONG><a name="[a2]"></a>USART2_IRQHandler</STRONG> (Thumb, 0 bytes, Stack size 0 bytes, startup_stm32f407xx.o(.text))
<BR>[Address Reference Count : 1]<UL><LI> startup_stm32f407xx.o(RESET)
</UL>
<P><STRONG><a name="[a3]"></a>USART3_IRQHandler</STRONG> (Thumb, 0 bytes, Stack size 0 bytes, startup_stm32f407xx.o(.text))
<BR>[Address Reference Count : 1]<UL><LI> startup_stm32f407xx.o(RESET)
</UL>
<P><STRONG><a name="[c3]"></a>USART6_IRQHandler</STRONG> (Thumb, 0 bytes, Stack size 0 bytes, startup_stm32f407xx.o(.text))
<BR>[Address Reference Count : 1]<UL><LI> startup_stm32f407xx.o(RESET)
</UL>
<P><STRONG><a name="[7c]"></a>WWDG_IRQHandler</STRONG> (Thumb, 0 bytes, Stack size 0 bytes, startup_stm32f407xx.o(.text))
<BR>[Address Reference Count : 1]<UL><LI> startup_stm32f407xx.o(RESET)
</UL>
<P><STRONG><a name="[ea]"></a>__aeabi_uldivmod</STRONG> (Thumb, 98 bytes, Stack size 40 bytes, uldiv.o(.text))
<BR><BR>[Stack]<UL><LI>Max Depth = 40<LI>Call Chain = __aeabi_uldivmod
</UL>
<BR>[Calls]<UL><LI><a href="#[eb]">&gt;&gt;</a>&nbsp;&nbsp;&nbsp;__aeabi_llsr
<LI><a href="#[ec]">&gt;&gt;</a>&nbsp;&nbsp;&nbsp;__aeabi_llsl
</UL>
<BR>[Called By]<UL><LI><a href="#[12d]">&gt;&gt;</a>&nbsp;&nbsp;&nbsp;HAL_RCC_GetSysClockFreq
<LI><a href="#[149]">&gt;&gt;</a>&nbsp;&nbsp;&nbsp;UART_SetConfig
<LI><a href="#[177]">&gt;&gt;</a>&nbsp;&nbsp;&nbsp;_printf_core
</UL>

<P><STRONG><a name="[ee]"></a>__aeabi_memset</STRONG> (Thumb, 14 bytes, Stack size 0 bytes, memseta.o(.text), UNUSED)
<BR><BR>[Called By]<UL><LI><a href="#[ef]">&gt;&gt;</a>&nbsp;&nbsp;&nbsp;_memset$wrapper
<LI><a href="#[ed]">&gt;&gt;</a>&nbsp;&nbsp;&nbsp;__aeabi_memclr
</UL>

<P><STRONG><a name="[182]"></a>__aeabi_memset4</STRONG> (Thumb, 0 bytes, Stack size 0 bytes, memseta.o(.text), UNUSED)

<P><STRONG><a name="[183]"></a>__aeabi_memset8</STRONG> (Thumb, 0 bytes, Stack size 0 bytes, memseta.o(.text), UNUSED)

<P><STRONG><a name="[ed]"></a>__aeabi_memclr</STRONG> (Thumb, 4 bytes, Stack size 0 bytes, memseta.o(.text), UNUSED)
<BR><BR>[Calls]<UL><LI><a href="#[ee]">&gt;&gt;</a>&nbsp;&nbsp;&nbsp;__aeabi_memset
</UL>

<P><STRONG><a name="[138]"></a>__aeabi_memclr4</STRONG> (Thumb, 0 bytes, Stack size 0 bytes, memseta.o(.text))
<BR><BR>[Called By]<UL><LI><a href="#[148]">&gt;&gt;</a>&nbsp;&nbsp;&nbsp;HAL_UART_MspInit
<LI><a href="#[137]">&gt;&gt;</a>&nbsp;&nbsp;&nbsp;HAL_TIM_MspPostInit
<LI><a href="#[165]">&gt;&gt;</a>&nbsp;&nbsp;&nbsp;SystemClock_Config
<LI><a href="#[156]">&gt;&gt;</a>&nbsp;&nbsp;&nbsp;MX_TIM3_Init
</UL>

<P><STRONG><a name="[184]"></a>__aeabi_memclr8</STRONG> (Thumb, 0 bytes, Stack size 0 bytes, memseta.o(.text), UNUSED)

<P><STRONG><a name="[ef]"></a>_memset$wrapper</STRONG> (Thumb, 18 bytes, Stack size 8 bytes, memseta.o(.text), UNUSED)
<BR><BR>[Calls]<UL><LI><a href="#[ee]">&gt;&gt;</a>&nbsp;&nbsp;&nbsp;__aeabi_memset
</UL>

<P><STRONG><a name="[f0]"></a>__0sscanf</STRONG> (Thumb, 48 bytes, Stack size 72 bytes, __0sscanf.o(.text))
<BR><BR>[Stack]<UL><LI>Max Depth = 216<LI>Call Chain = __0sscanf &rArr; __vfscanf_char &rArr; __vfscanf &rArr; _scanf_int
</UL>
<BR>[Calls]<UL><LI><a href="#[f1]">&gt;&gt;</a>&nbsp;&nbsp;&nbsp;__vfscanf_char
</UL>
<BR>[Called By]<UL><LI><a href="#[153]">&gt;&gt;</a>&nbsp;&nbsp;&nbsp;HandleStepDuration
</UL>

<P><STRONG><a name="[f2]"></a>_scanf_int</STRONG> (Thumb, 332 bytes, Stack size 56 bytes, _scanf_int.o(.text))
<BR><BR>[Stack]<UL><LI>Max Depth = 56<LI>Call Chain = _scanf_int
</UL>
<BR>[Calls]<UL><LI><a href="#[f3]">&gt;&gt;</a>&nbsp;&nbsp;&nbsp;_chval
</UL>
<BR>[Called By]<UL><LI><a href="#[f4]">&gt;&gt;</a>&nbsp;&nbsp;&nbsp;__vfscanf
</UL>

<P><STRONG><a name="[ec]"></a>__aeabi_llsl</STRONG> (Thumb, 30 bytes, Stack size 0 bytes, llshl.o(.text))
<BR><BR>[Called By]<UL><LI><a href="#[ea]">&gt;&gt;</a>&nbsp;&nbsp;&nbsp;__aeabi_uldivmod
</UL>

<P><STRONG><a name="[185]"></a>_ll_shift_l</STRONG> (Thumb, 0 bytes, Stack size 0 bytes, llshl.o(.text), UNUSED)

<P><STRONG><a name="[eb]"></a>__aeabi_llsr</STRONG> (Thumb, 32 bytes, Stack size 0 bytes, llushr.o(.text))
<BR><BR>[Called By]<UL><LI><a href="#[ea]">&gt;&gt;</a>&nbsp;&nbsp;&nbsp;__aeabi_uldivmod
</UL>

<P><STRONG><a name="[186]"></a>_ll_ushift_r</STRONG> (Thumb, 0 bytes, Stack size 0 bytes, llushr.o(.text), UNUSED)

<P><STRONG><a name="[f3]"></a>_chval</STRONG> (Thumb, 28 bytes, Stack size 0 bytes, _chval.o(.text))
<BR><BR>[Called By]<UL><LI><a href="#[f2]">&gt;&gt;</a>&nbsp;&nbsp;&nbsp;_scanf_int
</UL>

<P><STRONG><a name="[f1]"></a>__vfscanf_char</STRONG> (Thumb, 20 bytes, Stack size 0 bytes, scanf_char.o(.text))
<BR><BR>[Stack]<UL><LI>Max Depth = 144<LI>Call Chain = __vfscanf_char &rArr; __vfscanf &rArr; _scanf_int
</UL>
<BR>[Calls]<UL><LI><a href="#[f4]">&gt;&gt;</a>&nbsp;&nbsp;&nbsp;__vfscanf
</UL>
<BR>[Called By]<UL><LI><a href="#[f0]">&gt;&gt;</a>&nbsp;&nbsp;&nbsp;__0sscanf
</UL>

<P><STRONG><a name="[d0]"></a>_sgetc</STRONG> (Thumb, 30 bytes, Stack size 0 bytes, _sgetc.o(.text))
<BR>[Address Reference Count : 1]<UL><LI> __0sscanf.o(.text)
</UL>
<P><STRONG><a name="[d1]"></a>_sbackspace</STRONG> (Thumb, 34 bytes, Stack size 0 bytes, _sgetc.o(.text))
<BR>[Address Reference Count : 1]<UL><LI> __0sscanf.o(.text)
</UL>
<P><STRONG><a name="[e9]"></a>__scatterload</STRONG> (Thumb, 28 bytes, Stack size 0 bytes, init.o(.text))
<BR><BR>[Calls]<UL><LI><a href="#[f5]">&gt;&gt;</a>&nbsp;&nbsp;&nbsp;__main_after_scatterload
</UL>
<BR>[Called By]<UL><LI><a href="#[e8]">&gt;&gt;</a>&nbsp;&nbsp;&nbsp;_main_scatterload
</UL>

<P><STRONG><a name="[187]"></a>__scatterload_rt2</STRONG> (Thumb, 0 bytes, Stack size 0 bytes, init.o(.text), UNUSED)

<P><STRONG><a name="[d3]"></a>isspace</STRONG> (Thumb, 10 bytes, Stack size 0 bytes, isspace_c.o(.text))
<BR><BR>[Calls]<UL><LI><a href="#[f6]">&gt;&gt;</a>&nbsp;&nbsp;&nbsp;__ctype_lookup
</UL>
<BR>[Address Reference Count : 1]<UL><LI> scanf_char.o(.text)
</UL>
<P><STRONG><a name="[f4]"></a>__vfscanf</STRONG> (Thumb, 808 bytes, Stack size 88 bytes, _scanf.o(.text))
<BR><BR>[Stack]<UL><LI>Max Depth = 144<LI>Call Chain = __vfscanf &rArr; _scanf_int
</UL>
<BR>[Calls]<UL><LI><a href="#[f2]">&gt;&gt;</a>&nbsp;&nbsp;&nbsp;_scanf_int
</UL>
<BR>[Called By]<UL><LI><a href="#[f1]">&gt;&gt;</a>&nbsp;&nbsp;&nbsp;__vfscanf_char
</UL>

<P><STRONG><a name="[f6]"></a>__ctype_lookup</STRONG> (Thumb, 34 bytes, Stack size 0 bytes, ctype_c.o(.text))
<BR><BR>[Called By]<UL><LI><a href="#[d3]">&gt;&gt;</a>&nbsp;&nbsp;&nbsp;isspace
</UL>

<P><STRONG><a name="[188]"></a>__decompress</STRONG> (Thumb, 0 bytes, Stack size unknown bytes, __dczerorl2.o(.text), UNUSED)

<P><STRONG><a name="[189]"></a>__decompress1</STRONG> (Thumb, 86 bytes, Stack size unknown bytes, __dczerorl2.o(.text), UNUSED)

<P><STRONG><a name="[f7]"></a>Actuator_AirFan_Off</STRONG> (Thumb, 16 bytes, Stack size 0 bytes, bsp_actuator.o(.text.Actuator_AirFan_Off))
<BR><BR>[Calls]<UL><LI><a href="#[d5]">&gt;&gt;</a>&nbsp;&nbsp;&nbsp;HAL_GPIO_WritePin
</UL>
<BR>[Called By]<UL><LI><a href="#[3]">&gt;&gt;</a>&nbsp;&nbsp;&nbsp;step_air_02_exit
<LI><a href="#[f9]">&gt;&gt;</a>&nbsp;&nbsp;&nbsp;Actuator_AllOff
<LI><a href="#[15c]">&gt;&gt;</a>&nbsp;&nbsp;&nbsp;NotifyButton
</UL>

<P><STRONG><a name="[f8]"></a>Actuator_AirFan_On</STRONG> (Thumb, 16 bytes, Stack size 0 bytes, bsp_actuator.o(.text.Actuator_AirFan_On))
<BR><BR>[Calls]<UL><LI><a href="#[d5]">&gt;&gt;</a>&nbsp;&nbsp;&nbsp;HAL_GPIO_WritePin
</UL>
<BR>[Called By]<UL><LI><a href="#[2]">&gt;&gt;</a>&nbsp;&nbsp;&nbsp;step_air_02_enter
<LI><a href="#[15c]">&gt;&gt;</a>&nbsp;&nbsp;&nbsp;NotifyButton
</UL>

<P><STRONG><a name="[f9]"></a>Actuator_AllOff</STRONG> (Thumb, 78 bytes, Stack size 8 bytes, bsp_actuator.o(.text.Actuator_AllOff))
<BR><BR>[Stack]<UL><LI>Max Depth = 8<LI>Call Chain = Actuator_AllOff
</UL>
<BR>[Calls]<UL><LI><a href="#[109]">&gt;&gt;</a>&nbsp;&nbsp;&nbsp;Actuator_WaterHot_Off
<LI><a href="#[101]">&gt;&gt;</a>&nbsp;&nbsp;&nbsp;Actuator_Valve9_Off
<LI><a href="#[100]">&gt;&gt;</a>&nbsp;&nbsp;&nbsp;Actuator_Valve8_Off
<LI><a href="#[ff]">&gt;&gt;</a>&nbsp;&nbsp;&nbsp;Actuator_Valve7_Off
<LI><a href="#[fe]">&gt;&gt;</a>&nbsp;&nbsp;&nbsp;Actuator_Valve6_Off
<LI><a href="#[fd]">&gt;&gt;</a>&nbsp;&nbsp;&nbsp;Actuator_Valve4_5_Off
<LI><a href="#[fc]">&gt;&gt;</a>&nbsp;&nbsp;&nbsp;Actuator_Valve3_Off
<LI><a href="#[fb]">&gt;&gt;</a>&nbsp;&nbsp;&nbsp;Actuator_Valve2_Off
<LI><a href="#[fa]">&gt;&gt;</a>&nbsp;&nbsp;&nbsp;Actuator_Valve1_Off
<LI><a href="#[102]">&gt;&gt;</a>&nbsp;&nbsp;&nbsp;Actuator_Valve10_Off
<LI><a href="#[106]">&gt;&gt;</a>&nbsp;&nbsp;&nbsp;Actuator_VacuumFan_Off
<LI><a href="#[104]">&gt;&gt;</a>&nbsp;&nbsp;&nbsp;Actuator_S_RO_Pump_Off
<LI><a href="#[103]">&gt;&gt;</a>&nbsp;&nbsp;&nbsp;Actuator_RO_Pump_Off
<LI><a href="#[107]">&gt;&gt;</a>&nbsp;&nbsp;&nbsp;Actuator_HotFan_Off
<LI><a href="#[105]">&gt;&gt;</a>&nbsp;&nbsp;&nbsp;Actuator_H_VacuumFan_Off
<LI><a href="#[108]">&gt;&gt;</a>&nbsp;&nbsp;&nbsp;Actuator_FanHot_Off
<LI><a href="#[10a]">&gt;&gt;</a>&nbsp;&nbsp;&nbsp;Actuator_Anion_Off
<LI><a href="#[f7]">&gt;&gt;</a>&nbsp;&nbsp;&nbsp;Actuator_AirFan_Off
</UL>
<BR>[Called By]<UL><LI><a href="#[11c]">&gt;&gt;</a>&nbsp;&nbsp;&nbsp;FlowManager_Init
<LI><a href="#[120]">&gt;&gt;</a>&nbsp;&nbsp;&nbsp;finish_flow
</UL>

<P><STRONG><a name="[10a]"></a>Actuator_Anion_Off</STRONG> (Thumb, 16 bytes, Stack size 0 bytes, bsp_actuator.o(.text.Actuator_Anion_Off))
<BR><BR>[Calls]<UL><LI><a href="#[d5]">&gt;&gt;</a>&nbsp;&nbsp;&nbsp;HAL_GPIO_WritePin
</UL>
<BR>[Called By]<UL><LI><a href="#[3b]">&gt;&gt;</a>&nbsp;&nbsp;&nbsp;step_def_09_exit
<LI><a href="#[37]">&gt;&gt;</a>&nbsp;&nbsp;&nbsp;step_def_07_exit
<LI><a href="#[29]">&gt;&gt;</a>&nbsp;&nbsp;&nbsp;step_cln_14_exit
<LI><a href="#[23]">&gt;&gt;</a>&nbsp;&nbsp;&nbsp;step_cln_11_exit
<LI><a href="#[3]">&gt;&gt;</a>&nbsp;&nbsp;&nbsp;step_air_02_exit
<LI><a href="#[f9]">&gt;&gt;</a>&nbsp;&nbsp;&nbsp;Actuator_AllOff
<LI><a href="#[15c]">&gt;&gt;</a>&nbsp;&nbsp;&nbsp;NotifyButton
<LI><a href="#[71]">&gt;&gt;</a>&nbsp;&nbsp;&nbsp;step_uri_14_exit
<LI><a href="#[6b]">&gt;&gt;</a>&nbsp;&nbsp;&nbsp;step_uri_11_exit
<LI><a href="#[d]">&gt;&gt;</a>&nbsp;&nbsp;&nbsp;step_dry_03_exit
<LI><a href="#[55]">&gt;&gt;</a>&nbsp;&nbsp;&nbsp;step_def_22_exit
<LI><a href="#[4f]">&gt;&gt;</a>&nbsp;&nbsp;&nbsp;step_def_19_exit
</UL>

<P><STRONG><a name="[10b]"></a>Actuator_Anion_On</STRONG> (Thumb, 16 bytes, Stack size 0 bytes, bsp_actuator.o(.text.Actuator_Anion_On))
<BR><BR>[Calls]<UL><LI><a href="#[d5]">&gt;&gt;</a>&nbsp;&nbsp;&nbsp;HAL_GPIO_WritePin
</UL>
<BR>[Called By]<UL><LI><a href="#[3e]">&gt;&gt;</a>&nbsp;&nbsp;&nbsp;step_def_11_enter
<LI><a href="#[3a]">&gt;&gt;</a>&nbsp;&nbsp;&nbsp;step_def_09_enter
<LI><a href="#[2e]">&gt;&gt;</a>&nbsp;&nbsp;&nbsp;step_def_03_enter
<LI><a href="#[28]">&gt;&gt;</a>&nbsp;&nbsp;&nbsp;step_cln_14_enter
<LI><a href="#[12]">&gt;&gt;</a>&nbsp;&nbsp;&nbsp;step_cln_03_enter
<LI><a href="#[2]">&gt;&gt;</a>&nbsp;&nbsp;&nbsp;step_air_02_enter
<LI><a href="#[15c]">&gt;&gt;</a>&nbsp;&nbsp;&nbsp;NotifyButton
<LI><a href="#[70]">&gt;&gt;</a>&nbsp;&nbsp;&nbsp;step_uri_14_enter
<LI><a href="#[5a]">&gt;&gt;</a>&nbsp;&nbsp;&nbsp;step_uri_03_enter
<LI><a href="#[c]">&gt;&gt;</a>&nbsp;&nbsp;&nbsp;step_dry_03_enter
<LI><a href="#[54]">&gt;&gt;</a>&nbsp;&nbsp;&nbsp;step_def_22_enter
</UL>

<P><STRONG><a name="[108]"></a>Actuator_FanHot_Off</STRONG> (Thumb, 16 bytes, Stack size 0 bytes, bsp_actuator.o(.text.Actuator_FanHot_Off))
<BR><BR>[Calls]<UL><LI><a href="#[d5]">&gt;&gt;</a>&nbsp;&nbsp;&nbsp;HAL_GPIO_WritePin
</UL>
<BR>[Called By]<UL><LI><a href="#[27]">&gt;&gt;</a>&nbsp;&nbsp;&nbsp;step_cln_13_exit
<LI><a href="#[f9]">&gt;&gt;</a>&nbsp;&nbsp;&nbsp;Actuator_AllOff
<LI><a href="#[15c]">&gt;&gt;</a>&nbsp;&nbsp;&nbsp;NotifyButton
<LI><a href="#[6f]">&gt;&gt;</a>&nbsp;&nbsp;&nbsp;step_uri_13_exit
<LI><a href="#[b]">&gt;&gt;</a>&nbsp;&nbsp;&nbsp;step_dry_02_exit
<LI><a href="#[53]">&gt;&gt;</a>&nbsp;&nbsp;&nbsp;step_def_21_exit
</UL>

<P><STRONG><a name="[10c]"></a>Actuator_FanHot_On</STRONG> (Thumb, 16 bytes, Stack size 0 bytes, bsp_actuator.o(.text.Actuator_FanHot_On))
<BR><BR>[Calls]<UL><LI><a href="#[d5]">&gt;&gt;</a>&nbsp;&nbsp;&nbsp;HAL_GPIO_WritePin
</UL>
<BR>[Called By]<UL><LI><a href="#[26]">&gt;&gt;</a>&nbsp;&nbsp;&nbsp;step_cln_13_enter
<LI><a href="#[15c]">&gt;&gt;</a>&nbsp;&nbsp;&nbsp;NotifyButton
<LI><a href="#[6e]">&gt;&gt;</a>&nbsp;&nbsp;&nbsp;step_uri_13_enter
<LI><a href="#[a]">&gt;&gt;</a>&nbsp;&nbsp;&nbsp;step_dry_02_enter
<LI><a href="#[52]">&gt;&gt;</a>&nbsp;&nbsp;&nbsp;step_def_21_enter
</UL>

<P><STRONG><a name="[105]"></a>Actuator_H_VacuumFan_Off</STRONG> (Thumb, 16 bytes, Stack size 0 bytes, bsp_actuator.o(.text.Actuator_H_VacuumFan_Off))
<BR><BR>[Calls]<UL><LI><a href="#[d5]">&gt;&gt;</a>&nbsp;&nbsp;&nbsp;HAL_GPIO_WritePin
</UL>
<BR>[Called By]<UL><LI><a href="#[f9]">&gt;&gt;</a>&nbsp;&nbsp;&nbsp;Actuator_AllOff
<LI><a href="#[15c]">&gt;&gt;</a>&nbsp;&nbsp;&nbsp;NotifyButton
</UL>

<P><STRONG><a name="[10d]"></a>Actuator_H_VacuumFan_On</STRONG> (Thumb, 16 bytes, Stack size 0 bytes, bsp_actuator.o(.text.Actuator_H_VacuumFan_On))
<BR><BR>[Calls]<UL><LI><a href="#[d5]">&gt;&gt;</a>&nbsp;&nbsp;&nbsp;HAL_GPIO_WritePin
</UL>
<BR>[Called By]<UL><LI><a href="#[15c]">&gt;&gt;</a>&nbsp;&nbsp;&nbsp;NotifyButton
</UL>

<P><STRONG><a name="[107]"></a>Actuator_HotFan_Off</STRONG> (Thumb, 16 bytes, Stack size 0 bytes, bsp_actuator.o(.text.Actuator_HotFan_Off))
<BR><BR>[Calls]<UL><LI><a href="#[d5]">&gt;&gt;</a>&nbsp;&nbsp;&nbsp;HAL_GPIO_WritePin
</UL>
<BR>[Called By]<UL><LI><a href="#[27]">&gt;&gt;</a>&nbsp;&nbsp;&nbsp;step_cln_13_exit
<LI><a href="#[f9]">&gt;&gt;</a>&nbsp;&nbsp;&nbsp;Actuator_AllOff
<LI><a href="#[15c]">&gt;&gt;</a>&nbsp;&nbsp;&nbsp;NotifyButton
<LI><a href="#[6f]">&gt;&gt;</a>&nbsp;&nbsp;&nbsp;step_uri_13_exit
<LI><a href="#[b]">&gt;&gt;</a>&nbsp;&nbsp;&nbsp;step_dry_02_exit
<LI><a href="#[53]">&gt;&gt;</a>&nbsp;&nbsp;&nbsp;step_def_21_exit
</UL>

<P><STRONG><a name="[10e]"></a>Actuator_HotFan_On</STRONG> (Thumb, 16 bytes, Stack size 0 bytes, bsp_actuator.o(.text.Actuator_HotFan_On))
<BR><BR>[Calls]<UL><LI><a href="#[d5]">&gt;&gt;</a>&nbsp;&nbsp;&nbsp;HAL_GPIO_WritePin
</UL>
<BR>[Called By]<UL><LI><a href="#[26]">&gt;&gt;</a>&nbsp;&nbsp;&nbsp;step_cln_13_enter
<LI><a href="#[15c]">&gt;&gt;</a>&nbsp;&nbsp;&nbsp;NotifyButton
<LI><a href="#[6e]">&gt;&gt;</a>&nbsp;&nbsp;&nbsp;step_uri_13_enter
<LI><a href="#[a]">&gt;&gt;</a>&nbsp;&nbsp;&nbsp;step_dry_02_enter
<LI><a href="#[52]">&gt;&gt;</a>&nbsp;&nbsp;&nbsp;step_def_21_enter
</UL>

<P><STRONG><a name="[103]"></a>Actuator_RO_Pump_Off</STRONG> (Thumb, 16 bytes, Stack size 0 bytes, bsp_actuator.o(.text.Actuator_RO_Pump_Off))
<BR><BR>[Calls]<UL><LI><a href="#[d5]">&gt;&gt;</a>&nbsp;&nbsp;&nbsp;HAL_GPIO_WritePin
</UL>
<BR>[Called By]<UL><LI><a href="#[41]">&gt;&gt;</a>&nbsp;&nbsp;&nbsp;step_def_12_exit
<LI><a href="#[35]">&gt;&gt;</a>&nbsp;&nbsp;&nbsp;step_def_06_exit
<LI><a href="#[31]">&gt;&gt;</a>&nbsp;&nbsp;&nbsp;step_def_04_exit
<LI><a href="#[21]">&gt;&gt;</a>&nbsp;&nbsp;&nbsp;step_cln_10_exit
<LI><a href="#[1d]">&gt;&gt;</a>&nbsp;&nbsp;&nbsp;step_cln_08_exit
<LI><a href="#[19]">&gt;&gt;</a>&nbsp;&nbsp;&nbsp;step_cln_06_exit
<LI><a href="#[15]">&gt;&gt;</a>&nbsp;&nbsp;&nbsp;step_cln_04_exit
<LI><a href="#[f9]">&gt;&gt;</a>&nbsp;&nbsp;&nbsp;Actuator_AllOff
<LI><a href="#[15c]">&gt;&gt;</a>&nbsp;&nbsp;&nbsp;NotifyButton
<LI><a href="#[7]">&gt;&gt;</a>&nbsp;&nbsp;&nbsp;step_vac_02_exit
<LI><a href="#[69]">&gt;&gt;</a>&nbsp;&nbsp;&nbsp;step_uri_10_exit
<LI><a href="#[65]">&gt;&gt;</a>&nbsp;&nbsp;&nbsp;step_uri_08_exit
<LI><a href="#[61]">&gt;&gt;</a>&nbsp;&nbsp;&nbsp;step_uri_06_exit
<LI><a href="#[5d]">&gt;&gt;</a>&nbsp;&nbsp;&nbsp;step_uri_04_exit
<LI><a href="#[4d]">&gt;&gt;</a>&nbsp;&nbsp;&nbsp;step_def_18_exit
<LI><a href="#[49]">&gt;&gt;</a>&nbsp;&nbsp;&nbsp;step_def_16_exit
<LI><a href="#[45]">&gt;&gt;</a>&nbsp;&nbsp;&nbsp;step_def_14_exit
</UL>

<P><STRONG><a name="[10f]"></a>Actuator_RO_Pump_On</STRONG> (Thumb, 16 bytes, Stack size 0 bytes, bsp_actuator.o(.text.Actuator_RO_Pump_On))
<BR><BR>[Calls]<UL><LI><a href="#[d5]">&gt;&gt;</a>&nbsp;&nbsp;&nbsp;HAL_GPIO_WritePin
</UL>
<BR>[Called By]<UL><LI><a href="#[40]">&gt;&gt;</a>&nbsp;&nbsp;&nbsp;step_def_12_enter
<LI><a href="#[34]">&gt;&gt;</a>&nbsp;&nbsp;&nbsp;step_def_06_enter
<LI><a href="#[30]">&gt;&gt;</a>&nbsp;&nbsp;&nbsp;step_def_04_enter
<LI><a href="#[20]">&gt;&gt;</a>&nbsp;&nbsp;&nbsp;step_cln_10_enter
<LI><a href="#[1c]">&gt;&gt;</a>&nbsp;&nbsp;&nbsp;step_cln_08_enter
<LI><a href="#[18]">&gt;&gt;</a>&nbsp;&nbsp;&nbsp;step_cln_06_enter
<LI><a href="#[14]">&gt;&gt;</a>&nbsp;&nbsp;&nbsp;step_cln_04_enter
<LI><a href="#[15c]">&gt;&gt;</a>&nbsp;&nbsp;&nbsp;NotifyButton
<LI><a href="#[6]">&gt;&gt;</a>&nbsp;&nbsp;&nbsp;step_vac_02_enter
<LI><a href="#[68]">&gt;&gt;</a>&nbsp;&nbsp;&nbsp;step_uri_10_enter
<LI><a href="#[64]">&gt;&gt;</a>&nbsp;&nbsp;&nbsp;step_uri_08_enter
<LI><a href="#[60]">&gt;&gt;</a>&nbsp;&nbsp;&nbsp;step_uri_06_enter
<LI><a href="#[5c]">&gt;&gt;</a>&nbsp;&nbsp;&nbsp;step_uri_04_enter
<LI><a href="#[4c]">&gt;&gt;</a>&nbsp;&nbsp;&nbsp;step_def_18_enter
<LI><a href="#[48]">&gt;&gt;</a>&nbsp;&nbsp;&nbsp;step_def_16_enter
<LI><a href="#[44]">&gt;&gt;</a>&nbsp;&nbsp;&nbsp;step_def_14_enter
</UL>

<P><STRONG><a name="[15e]"></a>Actuator_RO_Pump_pwm_SetSpeed</STRONG> (Thumb, 32 bytes, Stack size 0 bytes, bsp_actuator.o(.text.Actuator_RO_Pump_pwm_SetSpeed))
<BR><BR>[Called By]<UL><LI><a href="#[15c]">&gt;&gt;</a>&nbsp;&nbsp;&nbsp;NotifyButton
</UL>

<P><STRONG><a name="[104]"></a>Actuator_S_RO_Pump_Off</STRONG> (Thumb, 16 bytes, Stack size 0 bytes, bsp_actuator.o(.text.Actuator_S_RO_Pump_Off))
<BR><BR>[Calls]<UL><LI><a href="#[d5]">&gt;&gt;</a>&nbsp;&nbsp;&nbsp;HAL_GPIO_WritePin
</UL>
<BR>[Called By]<UL><LI><a href="#[f9]">&gt;&gt;</a>&nbsp;&nbsp;&nbsp;Actuator_AllOff
<LI><a href="#[15c]">&gt;&gt;</a>&nbsp;&nbsp;&nbsp;NotifyButton
</UL>

<P><STRONG><a name="[110]"></a>Actuator_S_RO_Pump_On</STRONG> (Thumb, 16 bytes, Stack size 0 bytes, bsp_actuator.o(.text.Actuator_S_RO_Pump_On))
<BR><BR>[Calls]<UL><LI><a href="#[d5]">&gt;&gt;</a>&nbsp;&nbsp;&nbsp;HAL_GPIO_WritePin
</UL>
<BR>[Called By]<UL><LI><a href="#[15c]">&gt;&gt;</a>&nbsp;&nbsp;&nbsp;NotifyButton
</UL>

<P><STRONG><a name="[106]"></a>Actuator_VacuumFan_Off</STRONG> (Thumb, 16 bytes, Stack size 0 bytes, bsp_actuator.o(.text.Actuator_VacuumFan_Off))
<BR><BR>[Calls]<UL><LI><a href="#[d5]">&gt;&gt;</a>&nbsp;&nbsp;&nbsp;HAL_GPIO_WritePin
</UL>
<BR>[Called By]<UL><LI><a href="#[3b]">&gt;&gt;</a>&nbsp;&nbsp;&nbsp;step_def_09_exit
<LI><a href="#[37]">&gt;&gt;</a>&nbsp;&nbsp;&nbsp;step_def_07_exit
<LI><a href="#[29]">&gt;&gt;</a>&nbsp;&nbsp;&nbsp;step_cln_14_exit
<LI><a href="#[23]">&gt;&gt;</a>&nbsp;&nbsp;&nbsp;step_cln_11_exit
<LI><a href="#[f9]">&gt;&gt;</a>&nbsp;&nbsp;&nbsp;Actuator_AllOff
<LI><a href="#[15c]">&gt;&gt;</a>&nbsp;&nbsp;&nbsp;NotifyButton
<LI><a href="#[7]">&gt;&gt;</a>&nbsp;&nbsp;&nbsp;step_vac_02_exit
<LI><a href="#[71]">&gt;&gt;</a>&nbsp;&nbsp;&nbsp;step_uri_14_exit
<LI><a href="#[6b]">&gt;&gt;</a>&nbsp;&nbsp;&nbsp;step_uri_11_exit
<LI><a href="#[d]">&gt;&gt;</a>&nbsp;&nbsp;&nbsp;step_dry_03_exit
<LI><a href="#[55]">&gt;&gt;</a>&nbsp;&nbsp;&nbsp;step_def_22_exit
<LI><a href="#[4f]">&gt;&gt;</a>&nbsp;&nbsp;&nbsp;step_def_19_exit
</UL>

<P><STRONG><a name="[111]"></a>Actuator_VacuumFan_On</STRONG> (Thumb, 16 bytes, Stack size 0 bytes, bsp_actuator.o(.text.Actuator_VacuumFan_On))
<BR><BR>[Calls]<UL><LI><a href="#[d5]">&gt;&gt;</a>&nbsp;&nbsp;&nbsp;HAL_GPIO_WritePin
</UL>
<BR>[Called By]<UL><LI><a href="#[3e]">&gt;&gt;</a>&nbsp;&nbsp;&nbsp;step_def_11_enter
<LI><a href="#[3a]">&gt;&gt;</a>&nbsp;&nbsp;&nbsp;step_def_09_enter
<LI><a href="#[2e]">&gt;&gt;</a>&nbsp;&nbsp;&nbsp;step_def_03_enter
<LI><a href="#[28]">&gt;&gt;</a>&nbsp;&nbsp;&nbsp;step_cln_14_enter
<LI><a href="#[12]">&gt;&gt;</a>&nbsp;&nbsp;&nbsp;step_cln_03_enter
<LI><a href="#[15c]">&gt;&gt;</a>&nbsp;&nbsp;&nbsp;NotifyButton
<LI><a href="#[6]">&gt;&gt;</a>&nbsp;&nbsp;&nbsp;step_vac_02_enter
<LI><a href="#[70]">&gt;&gt;</a>&nbsp;&nbsp;&nbsp;step_uri_14_enter
<LI><a href="#[5a]">&gt;&gt;</a>&nbsp;&nbsp;&nbsp;step_uri_03_enter
<LI><a href="#[c]">&gt;&gt;</a>&nbsp;&nbsp;&nbsp;step_dry_03_enter
<LI><a href="#[54]">&gt;&gt;</a>&nbsp;&nbsp;&nbsp;step_def_22_enter
</UL>

<P><STRONG><a name="[102]"></a>Actuator_Valve10_Off</STRONG> (Thumb, 16 bytes, Stack size 0 bytes, bsp_actuator.o(.text.Actuator_Valve10_Off))
<BR><BR>[Calls]<UL><LI><a href="#[d5]">&gt;&gt;</a>&nbsp;&nbsp;&nbsp;HAL_GPIO_WritePin
</UL>
<BR>[Called By]<UL><LI><a href="#[f9]">&gt;&gt;</a>&nbsp;&nbsp;&nbsp;Actuator_AllOff
<LI><a href="#[15c]">&gt;&gt;</a>&nbsp;&nbsp;&nbsp;NotifyButton
</UL>

<P><STRONG><a name="[112]"></a>Actuator_Valve10_On</STRONG> (Thumb, 16 bytes, Stack size 0 bytes, bsp_actuator.o(.text.Actuator_Valve10_On))
<BR><BR>[Calls]<UL><LI><a href="#[d5]">&gt;&gt;</a>&nbsp;&nbsp;&nbsp;HAL_GPIO_WritePin
</UL>
<BR>[Called By]<UL><LI><a href="#[15c]">&gt;&gt;</a>&nbsp;&nbsp;&nbsp;NotifyButton
</UL>

<P><STRONG><a name="[fa]"></a>Actuator_Valve1_Off</STRONG> (Thumb, 16 bytes, Stack size 0 bytes, bsp_actuator.o(.text.Actuator_Valve1_Off))
<BR><BR>[Calls]<UL><LI><a href="#[d5]">&gt;&gt;</a>&nbsp;&nbsp;&nbsp;HAL_GPIO_WritePin
</UL>
<BR>[Called By]<UL><LI><a href="#[41]">&gt;&gt;</a>&nbsp;&nbsp;&nbsp;step_def_12_exit
<LI><a href="#[19]">&gt;&gt;</a>&nbsp;&nbsp;&nbsp;step_cln_06_exit
<LI><a href="#[15]">&gt;&gt;</a>&nbsp;&nbsp;&nbsp;step_cln_04_exit
<LI><a href="#[f9]">&gt;&gt;</a>&nbsp;&nbsp;&nbsp;Actuator_AllOff
<LI><a href="#[15c]">&gt;&gt;</a>&nbsp;&nbsp;&nbsp;NotifyButton
<LI><a href="#[61]">&gt;&gt;</a>&nbsp;&nbsp;&nbsp;step_uri_06_exit
<LI><a href="#[5d]">&gt;&gt;</a>&nbsp;&nbsp;&nbsp;step_uri_04_exit
<LI><a href="#[45]">&gt;&gt;</a>&nbsp;&nbsp;&nbsp;step_def_14_exit
</UL>

<P><STRONG><a name="[113]"></a>Actuator_Valve1_On</STRONG> (Thumb, 16 bytes, Stack size 0 bytes, bsp_actuator.o(.text.Actuator_Valve1_On))
<BR><BR>[Calls]<UL><LI><a href="#[d5]">&gt;&gt;</a>&nbsp;&nbsp;&nbsp;HAL_GPIO_WritePin
</UL>
<BR>[Called By]<UL><LI><a href="#[40]">&gt;&gt;</a>&nbsp;&nbsp;&nbsp;step_def_12_enter
<LI><a href="#[18]">&gt;&gt;</a>&nbsp;&nbsp;&nbsp;step_cln_06_enter
<LI><a href="#[14]">&gt;&gt;</a>&nbsp;&nbsp;&nbsp;step_cln_04_enter
<LI><a href="#[15c]">&gt;&gt;</a>&nbsp;&nbsp;&nbsp;NotifyButton
<LI><a href="#[60]">&gt;&gt;</a>&nbsp;&nbsp;&nbsp;step_uri_06_enter
<LI><a href="#[5c]">&gt;&gt;</a>&nbsp;&nbsp;&nbsp;step_uri_04_enter
<LI><a href="#[44]">&gt;&gt;</a>&nbsp;&nbsp;&nbsp;step_def_14_enter
</UL>

<P><STRONG><a name="[fb]"></a>Actuator_Valve2_Off</STRONG> (Thumb, 16 bytes, Stack size 0 bytes, bsp_actuator.o(.text.Actuator_Valve2_Off))
<BR><BR>[Calls]<UL><LI><a href="#[d5]">&gt;&gt;</a>&nbsp;&nbsp;&nbsp;HAL_GPIO_WritePin
</UL>
<BR>[Called By]<UL><LI><a href="#[35]">&gt;&gt;</a>&nbsp;&nbsp;&nbsp;step_def_06_exit
<LI><a href="#[31]">&gt;&gt;</a>&nbsp;&nbsp;&nbsp;step_def_04_exit
<LI><a href="#[21]">&gt;&gt;</a>&nbsp;&nbsp;&nbsp;step_cln_10_exit
<LI><a href="#[1d]">&gt;&gt;</a>&nbsp;&nbsp;&nbsp;step_cln_08_exit
<LI><a href="#[f9]">&gt;&gt;</a>&nbsp;&nbsp;&nbsp;Actuator_AllOff
<LI><a href="#[15c]">&gt;&gt;</a>&nbsp;&nbsp;&nbsp;NotifyButton
<LI><a href="#[69]">&gt;&gt;</a>&nbsp;&nbsp;&nbsp;step_uri_10_exit
<LI><a href="#[65]">&gt;&gt;</a>&nbsp;&nbsp;&nbsp;step_uri_08_exit
<LI><a href="#[4d]">&gt;&gt;</a>&nbsp;&nbsp;&nbsp;step_def_18_exit
<LI><a href="#[49]">&gt;&gt;</a>&nbsp;&nbsp;&nbsp;step_def_16_exit
</UL>

<P><STRONG><a name="[114]"></a>Actuator_Valve2_On</STRONG> (Thumb, 16 bytes, Stack size 0 bytes, bsp_actuator.o(.text.Actuator_Valve2_On))
<BR><BR>[Calls]<UL><LI><a href="#[d5]">&gt;&gt;</a>&nbsp;&nbsp;&nbsp;HAL_GPIO_WritePin
</UL>
<BR>[Called By]<UL><LI><a href="#[34]">&gt;&gt;</a>&nbsp;&nbsp;&nbsp;step_def_06_enter
<LI><a href="#[30]">&gt;&gt;</a>&nbsp;&nbsp;&nbsp;step_def_04_enter
<LI><a href="#[20]">&gt;&gt;</a>&nbsp;&nbsp;&nbsp;step_cln_10_enter
<LI><a href="#[1c]">&gt;&gt;</a>&nbsp;&nbsp;&nbsp;step_cln_08_enter
<LI><a href="#[15c]">&gt;&gt;</a>&nbsp;&nbsp;&nbsp;NotifyButton
<LI><a href="#[68]">&gt;&gt;</a>&nbsp;&nbsp;&nbsp;step_uri_10_enter
<LI><a href="#[64]">&gt;&gt;</a>&nbsp;&nbsp;&nbsp;step_uri_08_enter
<LI><a href="#[4c]">&gt;&gt;</a>&nbsp;&nbsp;&nbsp;step_def_18_enter
<LI><a href="#[48]">&gt;&gt;</a>&nbsp;&nbsp;&nbsp;step_def_16_enter
</UL>

<P><STRONG><a name="[fc]"></a>Actuator_Valve3_Off</STRONG> (Thumb, 16 bytes, Stack size 0 bytes, bsp_actuator.o(.text.Actuator_Valve3_Off))
<BR><BR>[Calls]<UL><LI><a href="#[d5]">&gt;&gt;</a>&nbsp;&nbsp;&nbsp;HAL_GPIO_WritePin
</UL>
<BR>[Called By]<UL><LI><a href="#[41]">&gt;&gt;</a>&nbsp;&nbsp;&nbsp;step_def_12_exit
<LI><a href="#[35]">&gt;&gt;</a>&nbsp;&nbsp;&nbsp;step_def_06_exit
<LI><a href="#[31]">&gt;&gt;</a>&nbsp;&nbsp;&nbsp;step_def_04_exit
<LI><a href="#[21]">&gt;&gt;</a>&nbsp;&nbsp;&nbsp;step_cln_10_exit
<LI><a href="#[1d]">&gt;&gt;</a>&nbsp;&nbsp;&nbsp;step_cln_08_exit
<LI><a href="#[19]">&gt;&gt;</a>&nbsp;&nbsp;&nbsp;step_cln_06_exit
<LI><a href="#[15]">&gt;&gt;</a>&nbsp;&nbsp;&nbsp;step_cln_04_exit
<LI><a href="#[f9]">&gt;&gt;</a>&nbsp;&nbsp;&nbsp;Actuator_AllOff
<LI><a href="#[15c]">&gt;&gt;</a>&nbsp;&nbsp;&nbsp;NotifyButton
<LI><a href="#[7]">&gt;&gt;</a>&nbsp;&nbsp;&nbsp;step_vac_02_exit
<LI><a href="#[69]">&gt;&gt;</a>&nbsp;&nbsp;&nbsp;step_uri_10_exit
<LI><a href="#[65]">&gt;&gt;</a>&nbsp;&nbsp;&nbsp;step_uri_08_exit
<LI><a href="#[61]">&gt;&gt;</a>&nbsp;&nbsp;&nbsp;step_uri_06_exit
<LI><a href="#[5d]">&gt;&gt;</a>&nbsp;&nbsp;&nbsp;step_uri_04_exit
<LI><a href="#[4d]">&gt;&gt;</a>&nbsp;&nbsp;&nbsp;step_def_18_exit
<LI><a href="#[49]">&gt;&gt;</a>&nbsp;&nbsp;&nbsp;step_def_16_exit
<LI><a href="#[45]">&gt;&gt;</a>&nbsp;&nbsp;&nbsp;step_def_14_exit
</UL>

<P><STRONG><a name="[115]"></a>Actuator_Valve3_On</STRONG> (Thumb, 16 bytes, Stack size 0 bytes, bsp_actuator.o(.text.Actuator_Valve3_On))
<BR><BR>[Calls]<UL><LI><a href="#[d5]">&gt;&gt;</a>&nbsp;&nbsp;&nbsp;HAL_GPIO_WritePin
</UL>
<BR>[Called By]<UL><LI><a href="#[40]">&gt;&gt;</a>&nbsp;&nbsp;&nbsp;step_def_12_enter
<LI><a href="#[34]">&gt;&gt;</a>&nbsp;&nbsp;&nbsp;step_def_06_enter
<LI><a href="#[30]">&gt;&gt;</a>&nbsp;&nbsp;&nbsp;step_def_04_enter
<LI><a href="#[20]">&gt;&gt;</a>&nbsp;&nbsp;&nbsp;step_cln_10_enter
<LI><a href="#[1c]">&gt;&gt;</a>&nbsp;&nbsp;&nbsp;step_cln_08_enter
<LI><a href="#[18]">&gt;&gt;</a>&nbsp;&nbsp;&nbsp;step_cln_06_enter
<LI><a href="#[14]">&gt;&gt;</a>&nbsp;&nbsp;&nbsp;step_cln_04_enter
<LI><a href="#[15c]">&gt;&gt;</a>&nbsp;&nbsp;&nbsp;NotifyButton
<LI><a href="#[6]">&gt;&gt;</a>&nbsp;&nbsp;&nbsp;step_vac_02_enter
<LI><a href="#[68]">&gt;&gt;</a>&nbsp;&nbsp;&nbsp;step_uri_10_enter
<LI><a href="#[64]">&gt;&gt;</a>&nbsp;&nbsp;&nbsp;step_uri_08_enter
<LI><a href="#[60]">&gt;&gt;</a>&nbsp;&nbsp;&nbsp;step_uri_06_enter
<LI><a href="#[5c]">&gt;&gt;</a>&nbsp;&nbsp;&nbsp;step_uri_04_enter
<LI><a href="#[4c]">&gt;&gt;</a>&nbsp;&nbsp;&nbsp;step_def_18_enter
<LI><a href="#[48]">&gt;&gt;</a>&nbsp;&nbsp;&nbsp;step_def_16_enter
<LI><a href="#[44]">&gt;&gt;</a>&nbsp;&nbsp;&nbsp;step_def_14_enter
</UL>

<P><STRONG><a name="[fd]"></a>Actuator_Valve4_5_Off</STRONG> (Thumb, 16 bytes, Stack size 0 bytes, bsp_actuator.o(.text.Actuator_Valve4_5_Off))
<BR><BR>[Calls]<UL><LI><a href="#[d5]">&gt;&gt;</a>&nbsp;&nbsp;&nbsp;HAL_GPIO_WritePin
</UL>
<BR>[Called By]<UL><LI><a href="#[f9]">&gt;&gt;</a>&nbsp;&nbsp;&nbsp;Actuator_AllOff
<LI><a href="#[15c]">&gt;&gt;</a>&nbsp;&nbsp;&nbsp;NotifyButton
<LI><a href="#[7]">&gt;&gt;</a>&nbsp;&nbsp;&nbsp;step_vac_02_exit
</UL>

<P><STRONG><a name="[116]"></a>Actuator_Valve4_5_On</STRONG> (Thumb, 16 bytes, Stack size 0 bytes, bsp_actuator.o(.text.Actuator_Valve4_5_On))
<BR><BR>[Calls]<UL><LI><a href="#[d5]">&gt;&gt;</a>&nbsp;&nbsp;&nbsp;HAL_GPIO_WritePin
</UL>
<BR>[Called By]<UL><LI><a href="#[15c]">&gt;&gt;</a>&nbsp;&nbsp;&nbsp;NotifyButton
<LI><a href="#[6]">&gt;&gt;</a>&nbsp;&nbsp;&nbsp;step_vac_02_enter
</UL>

<P><STRONG><a name="[fe]"></a>Actuator_Valve6_Off</STRONG> (Thumb, 16 bytes, Stack size 0 bytes, bsp_actuator.o(.text.Actuator_Valve6_Off))
<BR><BR>[Calls]<UL><LI><a href="#[d5]">&gt;&gt;</a>&nbsp;&nbsp;&nbsp;HAL_GPIO_WritePin
</UL>
<BR>[Called By]<UL><LI><a href="#[f9]">&gt;&gt;</a>&nbsp;&nbsp;&nbsp;Actuator_AllOff
<LI><a href="#[15c]">&gt;&gt;</a>&nbsp;&nbsp;&nbsp;NotifyButton
</UL>

<P><STRONG><a name="[117]"></a>Actuator_Valve6_On</STRONG> (Thumb, 16 bytes, Stack size 0 bytes, bsp_actuator.o(.text.Actuator_Valve6_On))
<BR><BR>[Calls]<UL><LI><a href="#[d5]">&gt;&gt;</a>&nbsp;&nbsp;&nbsp;HAL_GPIO_WritePin
</UL>
<BR>[Called By]<UL><LI><a href="#[15c]">&gt;&gt;</a>&nbsp;&nbsp;&nbsp;NotifyButton
</UL>

<P><STRONG><a name="[ff]"></a>Actuator_Valve7_Off</STRONG> (Thumb, 16 bytes, Stack size 0 bytes, bsp_actuator.o(.text.Actuator_Valve7_Off))
<BR><BR>[Calls]<UL><LI><a href="#[d5]">&gt;&gt;</a>&nbsp;&nbsp;&nbsp;HAL_GPIO_WritePin
</UL>
<BR>[Called By]<UL><LI><a href="#[2d]">&gt;&gt;</a>&nbsp;&nbsp;&nbsp;step_def_02_exit
<LI><a href="#[11]">&gt;&gt;</a>&nbsp;&nbsp;&nbsp;step_cln_02_exit
<LI><a href="#[f9]">&gt;&gt;</a>&nbsp;&nbsp;&nbsp;Actuator_AllOff
<LI><a href="#[15c]">&gt;&gt;</a>&nbsp;&nbsp;&nbsp;NotifyButton
<LI><a href="#[59]">&gt;&gt;</a>&nbsp;&nbsp;&nbsp;step_uri_02_exit
</UL>

[...]
</UL>
<BR>[Calls]<UL><LI><a href="#[115]">&gt;&gt;</a>&nbsp;&nbsp;&nbsp;Actuator_Valve3_On
<LI><a href="#[114]">&gt;&gt;</a>&nbsp;&nbsp;&nbsp;Actuator_Valve2_On
<LI><a href="#[10f]">&gt;&gt;</a>&nbsp;&nbsp;&nbsp;Actuator_RO_Pump_On
</UL>
<BR>[Address Reference Count : 1]<UL><LI> app_workflows.o(.data.steps_defecate)
</UL>
<P><STRONG><a name="[4d]"></a>step_def_18_exit</STRONG> (Thumb, 18 bytes, Stack size 8 bytes, app_workflows.o(.text.step_def_18_exit))
<BR><BR>[Stack]<UL><LI>Max Depth = 8<LI>Call Chain = step_def_18_exit
</UL>
<BR>[Calls]<UL><LI><a href="#[fc]">&gt;&gt;</a>&nbsp;&nbsp;&nbsp;Actuator_Valve3_Off
<LI><a href="#[fb]">&gt;&gt;</a>&nbsp;&nbsp;&nbsp;Actuator_Valve2_Off
<LI><a href="#[103]">&gt;&gt;</a>&nbsp;&nbsp;&nbsp;Actuator_RO_Pump_Off
</UL>
<BR>[Address Reference Count : 1]<UL><LI> app_workflows.o(.data.steps_defecate)
</UL>
<P><STRONG><a name="[4e]"></a>step_def_19_enter</STRONG> (Thumb, 2 bytes, Stack size 0 bytes, app_workflows.o(.text.step_def_19_enter))
<BR>[Address Reference Count : 1]<UL><LI> app_workflows.o(.data.steps_defecate)
</UL>
<P><STRONG><a name="[4f]"></a>step_def_19_exit</STRONG> (Thumb, 14 bytes, Stack size 8 bytes, app_workflows.o(.text.step_def_19_exit))
<BR><BR>[Stack]<UL><LI>Max Depth = 8<LI>Call Chain = step_def_19_exit
</UL>
<BR>[Calls]<UL><LI><a href="#[106]">&gt;&gt;</a>&nbsp;&nbsp;&nbsp;Actuator_VacuumFan_Off
<LI><a href="#[10a]">&gt;&gt;</a>&nbsp;&nbsp;&nbsp;Actuator_Anion_Off
</UL>
<BR>[Address Reference Count : 1]<UL><LI> app_workflows.o(.data.steps_defecate)
</UL>
<P><STRONG><a name="[50]"></a>step_def_20_enter</STRONG> (Thumb, 2 bytes, Stack size 0 bytes, app_workflows.o(.text.step_def_20_enter))
<BR>[Address Reference Count : 1]<UL><LI> app_workflows.o(.data.steps_defecate)
</UL>
<P><STRONG><a name="[51]"></a>step_def_20_exit</STRONG> (Thumb, 2 bytes, Stack size 0 bytes, app_workflows.o(.text.step_def_20_exit))
<BR>[Address Reference Count : 1]<UL><LI> app_workflows.o(.data.steps_defecate)
</UL>
<P><STRONG><a name="[52]"></a>step_def_21_enter</STRONG> (Thumb, 14 bytes, Stack size 8 bytes, app_workflows.o(.text.step_def_21_enter))
<BR><BR>[Stack]<UL><LI>Max Depth = 8<LI>Call Chain = step_def_21_enter
</UL>
<BR>[Calls]<UL><LI><a href="#[10e]">&gt;&gt;</a>&nbsp;&nbsp;&nbsp;Actuator_HotFan_On
<LI><a href="#[10c]">&gt;&gt;</a>&nbsp;&nbsp;&nbsp;Actuator_FanHot_On
</UL>
<BR>[Address Reference Count : 1]<UL><LI> app_workflows.o(.data.steps_defecate)
</UL>
<P><STRONG><a name="[53]"></a>step_def_21_exit</STRONG> (Thumb, 14 bytes, Stack size 8 bytes, app_workflows.o(.text.step_def_21_exit))
<BR><BR>[Stack]<UL><LI>Max Depth = 8<LI>Call Chain = step_def_21_exit
</UL>
<BR>[Calls]<UL><LI><a href="#[107]">&gt;&gt;</a>&nbsp;&nbsp;&nbsp;Actuator_HotFan_Off
<LI><a href="#[108]">&gt;&gt;</a>&nbsp;&nbsp;&nbsp;Actuator_FanHot_Off
</UL>
<BR>[Address Reference Count : 1]<UL><LI> app_workflows.o(.data.steps_defecate)
</UL>
<P><STRONG><a name="[54]"></a>step_def_22_enter</STRONG> (Thumb, 14 bytes, Stack size 8 bytes, app_workflows.o(.text.step_def_22_enter))
<BR><BR>[Stack]<UL><LI>Max Depth = 8<LI>Call Chain = step_def_22_enter
</UL>
<BR>[Calls]<UL><LI><a href="#[111]">&gt;&gt;</a>&nbsp;&nbsp;&nbsp;Actuator_VacuumFan_On
<LI><a href="#[10b]">&gt;&gt;</a>&nbsp;&nbsp;&nbsp;Actuator_Anion_On
</UL>
<BR>[Address Reference Count : 1]<UL><LI> app_workflows.o(.data.steps_defecate)
</UL>
<P><STRONG><a name="[55]"></a>step_def_22_exit</STRONG> (Thumb, 14 bytes, Stack size 8 bytes, app_workflows.o(.text.step_def_22_exit))
<BR><BR>[Stack]<UL><LI>Max Depth = 8<LI>Call Chain = step_def_22_exit
</UL>
<BR>[Calls]<UL><LI><a href="#[106]">&gt;&gt;</a>&nbsp;&nbsp;&nbsp;Actuator_VacuumFan_Off
<LI><a href="#[10a]">&gt;&gt;</a>&nbsp;&nbsp;&nbsp;Actuator_Anion_Off
</UL>
<BR>[Address Reference Count : 1]<UL><LI> app_workflows.o(.data.steps_defecate)
</UL>
<P><STRONG><a name="[8]"></a>step_dry_01_enter</STRONG> (Thumb, 2 bytes, Stack size 0 bytes, app_workflows.o(.text.step_dry_01_enter))
<BR>[Address Reference Count : 1]<UL><LI> app_workflows.o(.data..L_MergedGlobals.12)
</UL>
<P><STRONG><a name="[9]"></a>step_dry_01_exit</STRONG> (Thumb, 2 bytes, Stack size 0 bytes, app_workflows.o(.text.step_dry_01_exit))
<BR>[Address Reference Count : 1]<UL><LI> app_workflows.o(.data..L_MergedGlobals.12)
</UL>
<P><STRONG><a name="[a]"></a>step_dry_02_enter</STRONG> (Thumb, 14 bytes, Stack size 8 bytes, app_workflows.o(.text.step_dry_02_enter))
<BR><BR>[Stack]<UL><LI>Max Depth = 8<LI>Call Chain = step_dry_02_enter
</UL>
<BR>[Calls]<UL><LI><a href="#[10e]">&gt;&gt;</a>&nbsp;&nbsp;&nbsp;Actuator_HotFan_On
<LI><a href="#[10c]">&gt;&gt;</a>&nbsp;&nbsp;&nbsp;Actuator_FanHot_On
</UL>
<BR>[Address Reference Count : 1]<UL><LI> app_workflows.o(.data..L_MergedGlobals.12)
</UL>
<P><STRONG><a name="[b]"></a>step_dry_02_exit</STRONG> (Thumb, 14 bytes, Stack size 8 bytes, app_workflows.o(.text.step_dry_02_exit))
<BR><BR>[Stack]<UL><LI>Max Depth = 8<LI>Call Chain = step_dry_02_exit
</UL>
<BR>[Calls]<UL><LI><a href="#[107]">&gt;&gt;</a>&nbsp;&nbsp;&nbsp;Actuator_HotFan_Off
<LI><a href="#[108]">&gt;&gt;</a>&nbsp;&nbsp;&nbsp;Actuator_FanHot_Off
</UL>
<BR>[Address Reference Count : 1]<UL><LI> app_workflows.o(.data..L_MergedGlobals.12)
</UL>
<P><STRONG><a name="[c]"></a>step_dry_03_enter</STRONG> (Thumb, 14 bytes, Stack size 8 bytes, app_workflows.o(.text.step_dry_03_enter))
<BR><BR>[Stack]<UL><LI>Max Depth = 8<LI>Call Chain = step_dry_03_enter
</UL>
<BR>[Calls]<UL><LI><a href="#[111]">&gt;&gt;</a>&nbsp;&nbsp;&nbsp;Actuator_VacuumFan_On
<LI><a href="#[10b]">&gt;&gt;</a>&nbsp;&nbsp;&nbsp;Actuator_Anion_On
</UL>
<BR>[Address Reference Count : 1]<UL><LI> app_workflows.o(.data..L_MergedGlobals.12)
</UL>
<P><STRONG><a name="[d]"></a>step_dry_03_exit</STRONG> (Thumb, 14 bytes, Stack size 8 bytes, app_workflows.o(.text.step_dry_03_exit))
<BR><BR>[Stack]<UL><LI>Max Depth = 8<LI>Call Chain = step_dry_03_exit
</UL>
<BR>[Calls]<UL><LI><a href="#[106]">&gt;&gt;</a>&nbsp;&nbsp;&nbsp;Actuator_VacuumFan_Off
<LI><a href="#[10a]">&gt;&gt;</a>&nbsp;&nbsp;&nbsp;Actuator_Anion_Off
</UL>
<BR>[Address Reference Count : 1]<UL><LI> app_workflows.o(.data..L_MergedGlobals.12)
</UL>
<P><STRONG><a name="[56]"></a>step_uri_01_enter</STRONG> (Thumb, 2 bytes, Stack size 0 bytes, app_workflows.o(.text.step_uri_01_enter))
<BR>[Address Reference Count : 1]<UL><LI> app_workflows.o(.data.steps_urinate)
</UL>
<P><STRONG><a name="[57]"></a>step_uri_01_exit</STRONG> (Thumb, 2 bytes, Stack size 0 bytes, app_workflows.o(.text.step_uri_01_exit))
<BR>[Address Reference Count : 1]<UL><LI> app_workflows.o(.data.steps_urinate)
</UL>
<P><STRONG><a name="[58]"></a>step_uri_02_enter</STRONG> (Thumb, 4 bytes, Stack size 0 bytes, app_workflows.o(.text.step_uri_02_enter))
<BR><BR>[Calls]<UL><LI><a href="#[118]">&gt;&gt;</a>&nbsp;&nbsp;&nbsp;Actuator_Valve7_On
</UL>
<BR>[Address Reference Count : 1]<UL><LI> app_workflows.o(.data.steps_urinate)
</UL>
<P><STRONG><a name="[59]"></a>step_uri_02_exit</STRONG> (Thumb, 4 bytes, Stack size 0 bytes, app_workflows.o(.text.step_uri_02_exit))
<BR><BR>[Calls]<UL><LI><a href="#[ff]">&gt;&gt;</a>&nbsp;&nbsp;&nbsp;Actuator_Valve7_Off
</UL>
<BR>[Address Reference Count : 1]<UL><LI> app_workflows.o(.data.steps_urinate)
</UL>
<P><STRONG><a name="[5a]"></a>step_uri_03_enter</STRONG> (Thumb, 14 bytes, Stack size 8 bytes, app_workflows.o(.text.step_uri_03_enter))
<BR><BR>[Stack]<UL><LI>Max Depth = 8<LI>Call Chain = step_uri_03_enter
</UL>
<BR>[Calls]<UL><LI><a href="#[111]">&gt;&gt;</a>&nbsp;&nbsp;&nbsp;Actuator_VacuumFan_On
<LI><a href="#[10b]">&gt;&gt;</a>&nbsp;&nbsp;&nbsp;Actuator_Anion_On
</UL>
<BR>[Address Reference Count : 1]<UL><LI> app_workflows.o(.data.steps_urinate)
</UL>
<P><STRONG><a name="[5b]"></a>step_uri_03_exit</STRONG> (Thumb, 2 bytes, Stack size 0 bytes, app_workflows.o(.text.step_uri_03_exit))
<BR>[Address Reference Count : 1]<UL><LI> app_workflows.o(.data.steps_urinate)
</UL>
<P><STRONG><a name="[5c]"></a>step_uri_04_enter</STRONG> (Thumb, 18 bytes, Stack size 8 bytes, app_workflows.o(.text.step_uri_04_enter))
<BR><BR>[Stack]<UL><LI>Max Depth = 8<LI>Call Chain = step_uri_04_enter
</UL>
<BR>[Calls]<UL><LI><a href="#[115]">&gt;&gt;</a>&nbsp;&nbsp;&nbsp;Actuator_Valve3_On
<LI><a href="#[113]">&gt;&gt;</a>&nbsp;&nbsp;&nbsp;Actuator_Valve1_On
<LI><a href="#[10f]">&gt;&gt;</a>&nbsp;&nbsp;&nbsp;Actuator_RO_Pump_On
</UL>
<BR>[Address Reference Count : 1]<UL><LI> app_workflows.o(.data.steps_urinate)
</UL>
<P><STRONG><a name="[5d]"></a>step_uri_04_exit</STRONG> (Thumb, 18 bytes, Stack size 8 bytes, app_workflows.o(.text.step_uri_04_exit))
<BR><BR>[Stack]<UL><LI>Max Depth = 8<LI>Call Chain = step_uri_04_exit
</UL>
<BR>[Calls]<UL><LI><a href="#[fc]">&gt;&gt;</a>&nbsp;&nbsp;&nbsp;Actuator_Valve3_Off
<LI><a href="#[fa]">&gt;&gt;</a>&nbsp;&nbsp;&nbsp;Actuator_Valve1_Off
<LI><a href="#[103]">&gt;&gt;</a>&nbsp;&nbsp;&nbsp;Actuator_RO_Pump_Off
</UL>
<BR>[Address Reference Count : 1]<UL><LI> app_workflows.o(.data.steps_urinate)
</UL>
<P><STRONG><a name="[5e]"></a>step_uri_05_enter</STRONG> (Thumb, 2 bytes, Stack size 0 bytes, app_workflows.o(.text.step_uri_05_enter))
<BR>[Address Reference Count : 1]<UL><LI> app_workflows.o(.data.steps_urinate)
</UL>
<P><STRONG><a name="[5f]"></a>step_uri_05_exit</STRONG> (Thumb, 2 bytes, Stack size 0 bytes, app_workflows.o(.text.step_uri_05_exit))
<BR>[Address Reference Count : 1]<UL><LI> app_workflows.o(.data.steps_urinate)
</UL>
<P><STRONG><a name="[60]"></a>step_uri_06_enter</STRONG> (Thumb, 18 bytes, Stack size 8 bytes, app_workflows.o(.text.step_uri_06_enter))
<BR><BR>[Stack]<UL><LI>Max Depth = 8<LI>Call Chain = step_uri_06_enter
</UL>
<BR>[Calls]<UL><LI><a href="#[115]">&gt;&gt;</a>&nbsp;&nbsp;&nbsp;Actuator_Valve3_On
<LI><a href="#[113]">&gt;&gt;</a>&nbsp;&nbsp;&nbsp;Actuator_Valve1_On
<LI><a href="#[10f]">&gt;&gt;</a>&nbsp;&nbsp;&nbsp;Actuator_RO_Pump_On
</UL>
<BR>[Address Reference Count : 1]<UL><LI> app_workflows.o(.data.steps_urinate)
</UL>
<P><STRONG><a name="[61]"></a>step_uri_06_exit</STRONG> (Thumb, 18 bytes, Stack size 8 bytes, app_workflows.o(.text.step_uri_06_exit))
<BR><BR>[Stack]<UL><LI>Max Depth = 8<LI>Call Chain = step_uri_06_exit
</UL>
<BR>[Calls]<UL><LI><a href="#[fc]">&gt;&gt;</a>&nbsp;&nbsp;&nbsp;Actuator_Valve3_Off
<LI><a href="#[fa]">&gt;&gt;</a>&nbsp;&nbsp;&nbsp;Actuator_Valve1_Off
<LI><a href="#[103]">&gt;&gt;</a>&nbsp;&nbsp;&nbsp;Actuator_RO_Pump_Off
</UL>
<BR>[Address Reference Count : 1]<UL><LI> app_workflows.o(.data.steps_urinate)
</UL>
<P><STRONG><a name="[62]"></a>step_uri_07_enter</STRONG> (Thumb, 2 bytes, Stack size 0 bytes, app_workflows.o(.text.step_uri_07_enter))
<BR>[Address Reference Count : 1]<UL><LI> app_workflows.o(.data.steps_urinate)
</UL>
<P><STRONG><a name="[63]"></a>step_uri_07_exit</STRONG> (Thumb, 2 bytes, Stack size 0 bytes, app_workflows.o(.text.step_uri_07_exit))
<BR>[Address Reference Count : 1]<UL><LI> app_workflows.o(.data.steps_urinate)
</UL>
<P><STRONG><a name="[64]"></a>step_uri_08_enter</STRONG> (Thumb, 18 bytes, Stack size 8 bytes, app_workflows.o(.text.step_uri_08_enter))
<BR><BR>[Stack]<UL><LI>Max Depth = 8<LI>Call Chain = step_uri_08_enter
</UL>
<BR>[Calls]<UL><LI><a href="#[115]">&gt;&gt;</a>&nbsp;&nbsp;&nbsp;Actuator_Valve3_On
<LI><a href="#[114]">&gt;&gt;</a>&nbsp;&nbsp;&nbsp;Actuator_Valve2_On
<LI><a href="#[10f]">&gt;&gt;</a>&nbsp;&nbsp;&nbsp;Actuator_RO_Pump_On
</UL>
<BR>[Address Reference Count : 1]<UL><LI> app_workflows.o(.data.steps_urinate)
</UL>
<P><STRONG><a name="[65]"></a>step_uri_08_exit</STRONG> (Thumb, 18 bytes, Stack size 8 bytes, app_workflows.o(.text.step_uri_08_exit))
<BR><BR>[Stack]<UL><LI>Max Depth = 8<LI>Call Chain = step_uri_08_exit
</UL>
<BR>[Calls]<UL><LI><a href="#[fc]">&gt;&gt;</a>&nbsp;&nbsp;&nbsp;Actuator_Valve3_Off
<LI><a href="#[fb]">&gt;&gt;</a>&nbsp;&nbsp;&nbsp;Actuator_Valve2_Off
<LI><a href="#[103]">&gt;&gt;</a>&nbsp;&nbsp;&nbsp;Actuator_RO_Pump_Off
</UL>
<BR>[Address Reference Count : 1]<UL><LI> app_workflows.o(.data.steps_urinate)
</UL>
<P><STRONG><a name="[66]"></a>step_uri_09_enter</STRONG> (Thumb, 2 bytes, Stack size 0 bytes, app_workflows.o(.text.step_uri_09_enter))
<BR>[Address Reference Count : 1]<UL><LI> app_workflows.o(.data.steps_urinate)
</UL>
<P><STRONG><a name="[67]"></a>step_uri_09_exit</STRONG> (Thumb, 2 bytes, Stack size 0 bytes, app_workflows.o(.text.step_uri_09_exit))
<BR>[Address Reference Count : 1]<UL><LI> app_workflows.o(.data.steps_urinate)
</UL>
<P><STRONG><a name="[68]"></a>step_uri_10_enter</STRONG> (Thumb, 18 bytes, Stack size 8 bytes, app_workflows.o(.text.step_uri_10_enter))
<BR><BR>[Stack]<UL><LI>Max Depth = 8<LI>Call Chain = step_uri_10_enter
</UL>
<BR>[Calls]<UL><LI><a href="#[115]">&gt;&gt;</a>&nbsp;&nbsp;&nbsp;Actuator_Valve3_On
<LI><a href="#[114]">&gt;&gt;</a>&nbsp;&nbsp;&nbsp;Actuator_Valve2_On
<LI><a href="#[10f]">&gt;&gt;</a>&nbsp;&nbsp;&nbsp;Actuator_RO_Pump_On
</UL>
<BR>[Address Reference Count : 1]<UL><LI> app_workflows.o(.data.steps_urinate)
</UL>
<P><STRONG><a name="[69]"></a>step_uri_10_exit</STRONG> (Thumb, 18 bytes, Stack size 8 bytes, app_workflows.o(.text.step_uri_10_exit))
<BR><BR>[Stack]<UL><LI>Max Depth = 8<LI>Call Chain = step_uri_10_exit
</UL>
<BR>[Calls]<UL><LI><a href="#[fc]">&gt;&gt;</a>&nbsp;&nbsp;&nbsp;Actuator_Valve3_Off
<LI><a href="#[fb]">&gt;&gt;</a>&nbsp;&nbsp;&nbsp;Actuator_Valve2_Off
<LI><a href="#[103]">&gt;&gt;</a>&nbsp;&nbsp;&nbsp;Actuator_RO_Pump_Off
</UL>
<BR>[Address Reference Count : 1]<UL><LI> app_workflows.o(.data.steps_urinate)
</UL>
<P><STRONG><a name="[6a]"></a>step_uri_11_enter</STRONG> (Thumb, 2 bytes, Stack size 0 bytes, app_workflows.o(.text.step_uri_11_enter))
<BR>[Address Reference Count : 1]<UL><LI> app_workflows.o(.data.steps_urinate)
</UL>
<P><STRONG><a name="[6b]"></a>step_uri_11_exit</STRONG> (Thumb, 14 bytes, Stack size 8 bytes, app_workflows.o(.text.step_uri_11_exit))
<BR><BR>[Stack]<UL><LI>Max Depth = 8<LI>Call Chain = step_uri_11_exit
</UL>
<BR>[Calls]<UL><LI><a href="#[106]">&gt;&gt;</a>&nbsp;&nbsp;&nbsp;Actuator_VacuumFan_Off
<LI><a href="#[10a]">&gt;&gt;</a>&nbsp;&nbsp;&nbsp;Actuator_Anion_Off
</UL>
<BR>[Address Reference Count : 1]<UL><LI> app_workflows.o(.data.steps_urinate)
</UL>
<P><STRONG><a name="[6c]"></a>step_uri_12_enter</STRONG> (Thumb, 2 bytes, Stack size 0 bytes, app_workflows.o(.text.step_uri_12_enter))
<BR>[Address Reference Count : 1]<UL><LI> app_workflows.o(.data.steps_urinate)
</UL>
<P><STRONG><a name="[6d]"></a>step_uri_12_exit</STRONG> (Thumb, 2 bytes, Stack size 0 bytes, app_workflows.o(.text.step_uri_12_exit))
<BR>[Address Reference Count : 1]<UL><LI> app_workflows.o(.data.steps_urinate)
</UL>
<P><STRONG><a name="[6e]"></a>step_uri_13_enter</STRONG> (Thumb, 14 bytes, Stack size 8 bytes, app_workflows.o(.text.step_uri_13_enter))
<BR><BR>[Stack]<UL><LI>Max Depth = 8<LI>Call Chain = step_uri_13_enter
</UL>
<BR>[Calls]<UL><LI><a href="#[10e]">&gt;&gt;</a>&nbsp;&nbsp;&nbsp;Actuator_HotFan_On
<LI><a href="#[10c]">&gt;&gt;</a>&nbsp;&nbsp;&nbsp;Actuator_FanHot_On
</UL>
<BR>[Address Reference Count : 1]<UL><LI> app_workflows.o(.data.steps_urinate)
</UL>
<P><STRONG><a name="[6f]"></a>step_uri_13_exit</STRONG> (Thumb, 14 bytes, Stack size 8 bytes, app_workflows.o(.text.step_uri_13_exit))
<BR><BR>[Stack]<UL><LI>Max Depth = 8<LI>Call Chain = step_uri_13_exit
</UL>
<BR>[Calls]<UL><LI><a href="#[107]">&gt;&gt;</a>&nbsp;&nbsp;&nbsp;Actuator_HotFan_Off
<LI><a href="#[108]">&gt;&gt;</a>&nbsp;&nbsp;&nbsp;Actuator_FanHot_Off
</UL>
<BR>[Address Reference Count : 1]<UL><LI> app_workflows.o(.data.steps_urinate)
</UL>
<P><STRONG><a name="[70]"></a>step_uri_14_enter</STRONG> (Thumb, 14 bytes, Stack size 8 bytes, app_workflows.o(.text.step_uri_14_enter))
<BR><BR>[Stack]<UL><LI>Max Depth = 8<LI>Call Chain = step_uri_14_enter
</UL>
<BR>[Calls]<UL><LI><a href="#[111]">&gt;&gt;</a>&nbsp;&nbsp;&nbsp;Actuator_VacuumFan_On
<LI><a href="#[10b]">&gt;&gt;</a>&nbsp;&nbsp;&nbsp;Actuator_Anion_On
</UL>
<BR>[Address Reference Count : 1]<UL><LI> app_workflows.o(.data.steps_urinate)
</UL>
<P><STRONG><a name="[71]"></a>step_uri_14_exit</STRONG> (Thumb, 14 bytes, Stack size 8 bytes, app_workflows.o(.text.step_uri_14_exit))
<BR><BR>[Stack]<UL><LI>Max Depth = 8<LI>Call Chain = step_uri_14_exit
</UL>
<BR>[Calls]<UL><LI><a href="#[106]">&gt;&gt;</a>&nbsp;&nbsp;&nbsp;Actuator_VacuumFan_Off
<LI><a href="#[10a]">&gt;&gt;</a>&nbsp;&nbsp;&nbsp;Actuator_Anion_Off
</UL>
<BR>[Address Reference Count : 1]<UL><LI> app_workflows.o(.data.steps_urinate)
</UL>
<P><STRONG><a name="[4]"></a>step_vac_01_enter</STRONG> (Thumb, 2 bytes, Stack size 0 bytes, app_workflows.o(.text.step_vac_01_enter))
<BR>[Address Reference Count : 1]<UL><LI> app_workflows.o(.data..L_MergedGlobals)
</UL>
<P><STRONG><a name="[5]"></a>step_vac_01_exit</STRONG> (Thumb, 2 bytes, Stack size 0 bytes, app_workflows.o(.text.step_vac_01_exit))
<BR>[Address Reference Count : 1]<UL><LI> app_workflows.o(.data..L_MergedGlobals)
</UL>
<P><STRONG><a name="[6]"></a>step_vac_02_enter</STRONG> (Thumb, 26 bytes, Stack size 8 bytes, app_workflows.o(.text.step_vac_02_enter))
<BR><BR>[Stack]<UL><LI>Max Depth = 8<LI>Call Chain = step_vac_02_enter
</UL>
<BR>[Calls]<UL><LI><a href="#[119]">&gt;&gt;</a>&nbsp;&nbsp;&nbsp;Actuator_Valve8_On
<LI><a href="#[116]">&gt;&gt;</a>&nbsp;&nbsp;&nbsp;Actuator_Valve4_5_On
<LI><a href="#[115]">&gt;&gt;</a>&nbsp;&nbsp;&nbsp;Actuator_Valve3_On
<LI><a href="#[111]">&gt;&gt;</a>&nbsp;&nbsp;&nbsp;Actuator_VacuumFan_On
<LI><a href="#[10f]">&gt;&gt;</a>&nbsp;&nbsp;&nbsp;Actuator_RO_Pump_On
</UL>
<BR>[Address Reference Count : 1]<UL><LI> app_workflows.o(.data..L_MergedGlobals)
</UL>
<P><STRONG><a name="[7]"></a>step_vac_02_exit</STRONG> (Thumb, 26 bytes, Stack size 8 bytes, app_workflows.o(.text.step_vac_02_exit))
<BR><BR>[Stack]<UL><LI>Max Depth = 8<LI>Call Chain = step_vac_02_exit
</UL>
<BR>[Calls]<UL><LI><a href="#[100]">&gt;&gt;</a>&nbsp;&nbsp;&nbsp;Actuator_Valve8_Off
<LI><a href="#[fd]">&gt;&gt;</a>&nbsp;&nbsp;&nbsp;Actuator_Valve4_5_Off
<LI><a href="#[fc]">&gt;&gt;</a>&nbsp;&nbsp;&nbsp;Actuator_Valve3_Off
<LI><a href="#[106]">&gt;&gt;</a>&nbsp;&nbsp;&nbsp;Actuator_VacuumFan_Off
<LI><a href="#[103]">&gt;&gt;</a>&nbsp;&nbsp;&nbsp;Actuator_RO_Pump_Off
</UL>
<BR>[Address Reference Count : 1]<UL><LI> app_workflows.o(.data..L_MergedGlobals)
</UL>
<P><STRONG><a name="[177]"></a>_printf_core</STRONG> (Thumb, 996 bytes, Stack size 104 bytes, printf8.o(i._printf_core), UNUSED)
<BR><BR>[Calls]<UL><LI><a href="#[17a]">&gt;&gt;</a>&nbsp;&nbsp;&nbsp;_printf_pre_padding
<LI><a href="#[17b]">&gt;&gt;</a>&nbsp;&nbsp;&nbsp;_printf_post_padding
<LI><a href="#[ea]">&gt;&gt;</a>&nbsp;&nbsp;&nbsp;__aeabi_uldivmod
</UL>
<BR>[Called By]<UL><LI><a href="#[179]">&gt;&gt;</a>&nbsp;&nbsp;&nbsp;__0sprintf$8
<LI><a href="#[178]">&gt;&gt;</a>&nbsp;&nbsp;&nbsp;__0snprintf$8
<LI><a href="#[176]">&gt;&gt;</a>&nbsp;&nbsp;&nbsp;__0printf$8
</UL>

<P><STRONG><a name="[17b]"></a>_printf_post_padding</STRONG> (Thumb, 36 bytes, Stack size 24 bytes, printf8.o(i._printf_post_padding), UNUSED)
<BR><BR>[Called By]<UL><LI><a href="#[177]">&gt;&gt;</a>&nbsp;&nbsp;&nbsp;_printf_core
</UL>

<P><STRONG><a name="[17a]"></a>_printf_pre_padding</STRONG> (Thumb, 46 bytes, Stack size 24 bytes, printf8.o(i._printf_pre_padding), UNUSED)
<BR><BR>[Called By]<UL><LI><a href="#[177]">&gt;&gt;</a>&nbsp;&nbsp;&nbsp;_printf_core
</UL>

<P><STRONG><a name="[e0]"></a>_snputc</STRONG> (Thumb, 22 bytes, Stack size 0 bytes, printf8.o(i._snputc))
<BR>[Address Reference Count : 1]<UL><LI> printf8.o(i.__0snprintf$8)
</UL>
<P><STRONG><a name="[e1]"></a>_sputc</STRONG> (Thumb, 10 bytes, Stack size 0 bytes, printf8.o(i._sputc))
<BR><BR>[Called By]<UL><LI><a href="#[179]">&gt;&gt;</a>&nbsp;&nbsp;&nbsp;__0sprintf$8
</UL>
<BR>[Address Reference Count : 1]<UL><LI> printf8.o(i.__0sprintf$8)
</UL>
<P><STRONG><a name="[d2]"></a>_scanf_char_input</STRONG> (Thumb, 12 bytes, Stack size 0 bytes, scanf_char.o(.text))
<BR>[Address Reference Count : 1]<UL><LI> scanf_char.o(.text)
</UL><P>
<H3>
Undefined Global Symbols
</H3><HR></body></html>
