<html>
<body>
<pre>
<h1>礦ision Build Log</h1>
<h2>Tool Versions:</h2>
IDE-Version: μVision V5.24.2.0
Copyright (C) 2017 ARM Ltd and ARM Germany GmbH. All rights reserved.
License Information: chen asus, hao, LIC=TIVEV-PPE3N-T39MI-T1B85-3FT87-NDIRN
 
Tool Versions:
Toolchain:       MDK-ARM Plus  Version: 5.24.1
Toolchain Path:  D:\keil 5.24a\ARM\ARMCLANG\Bin
C Compiler:      ArmClang.exe V6.7
Assembler:       Armasm.exe V6.7
Linker/Locator:  ArmLink.exe V6.7
Library Manager: ArmAr.exe V6.7
Hex Converter:   FromElf.exe V6.7
CPU DLL:         SARMCM3.DLL V5.24.1
Dialog DLL:      DCM.DLL V1.16.0.0
Target DLL:      STLink\ST-LINKIII-KEIL_SWO.dll V3.0.1.0
Dialog DLL:      TCM.DLL V1.32.0.0
 
<h2>Project:</h2>
E:\工作\4.29天美达真空护理机器人\真空护理机器人控制\2026.5.8-F407VET6-串口屏\Vacuum_Nursing_Robot\MDK-ARM\Vacuum_Nursing_Robot.uvprojx
Project File Date:  05/14/2026

<h2>Output:</h2>
*** Using Compiler 'V6.7', folder: 'D:\keil 5.24a\ARM\ARMCLANG\Bin'
Rebuild target 'Vacuum_Nursing_Robot'
assembling startup_stm32f407xx.s...
compiling main.c...
compiling stm32f4xx_hal_msp.c...
compiling usart.c...
compiling stm32f4xx_it.c...
compiling gpio.c...
compiling tim.c...
compiling stm32f4xx_hal_flash.c...
compiling stm32f4xx_hal_flash_ex.c...
compiling stm32f4xx_hal_tim_ex.c...
compiling stm32f4xx_hal_tim.c...
compiling stm32f4xx_hal_rcc_ex.c...
compiling stm32f4xx_hal_rcc.c...
compiling stm32f4xx_hal_dma.c...
compiling stm32f4xx_hal_pwr.c...
compiling stm32f4xx_hal_flash_ramfunc.c...
compiling stm32f4xx_hal_pwr_ex.c...
compiling stm32f4xx_hal_gpio.c...
compiling stm32f4xx_hal_dma_ex.c...
compiling stm32f4xx_hal_cortex.c...
../App/hmi.c(546): warning: illegal character encoding in string literal [-Winvalid-source-encoding]
         SetTextValue(8,7,"<D0><C7><C6><DA><C8><D5>");
                           ^~~~~~~~~~~~~~~~~~~~~~~~
../App/hmi.c(546): warning: passing 'char [7]' to parameter of type 'unsigned char *' converts between pointers to integer types with different sign [-Wpointer-sign]
         SetTextValue(8,7,"<D0><C7><C6><DA><C8><D5>");
                          ^~~~~~~~~~~~~~~~~~~~~~~~~~
../Middleware/hmi_driver.h(396): note: passing argument to parameter 'str' here
void SetTextValue(uint16 screen_id,uint16 control_id,uchar *str);
                                                            ^
../App/hmi.c(550): warning: illegal character encoding in string literal [-Winvalid-source-encoding]
         SetTextValue(8,7,"<D0><C7><C6><DA><U+04BB>");
                           ^~~~~~~~~~~~~~~~
../App/hmi.c(550): warning: passing 'char [7]' to parameter of type 'unsigned char *' converts between pointers to integer types with different sign [-Wpointer-sign]
         SetTextValue(8,7,"<D0><C7><C6><DA><U+04BB>");
                          ^~~~~~~~~~~~~~~~~~~~~~~~~~
../Middleware/hmi_driver.h(396): note: passing argument to parameter 'str' here
void SetTextValue(uint16 screen_id,uint16 control_id,uchar *str);
                                                            ^
../App/hmi.c(554): warning: illegal character encoding in string literal [-Winvalid-source-encoding]
         SetTextValue(8,7,"<D0><C7><C6><U+06B6><FE>");
                           ^~~~~~~~~~~~        ~~~~
../App/hmi.c(554): warning: passing 'char [7]' to parameter of type 'unsigned char *' converts between pointers to integer types with different sign [-Wpointer-sign]
         SetTextValue(8,7,"<D0><C7><C6><U+06B6><FE>");
                          ^~~~~~~~~~~~~~~~~~~~~~~~~~
../Middleware/hmi_driver.h(396): note: passing argument to parameter 'str' here
void SetTextValue(uint16 screen_id,uint16 control_id,uchar *str);
                                                            ^
../App/hmi.c(558): warning: illegal character encoding in string literal [-Winvalid-source-encoding]
         SetTextValue(8,7,"<D0><C7><C6><DA><C8><FD>");
                           ^~~~~~~~~~~~~~~~~~~~~~~~
../App/hmi.c(558): warning: passing 'char [7]' to parameter of type 'unsigned char *' converts between pointers to integer types with different sign [-Wpointer-sign]
         SetTextValue(8,7,"<D0><C7><C6><DA><C8><FD>");
                          ^~~~~~~~~~~~~~~~~~~~~~~~~~
../Middleware/hmi_driver.h(396): note: passing argument to parameter 'str' here
void SetTextValue(uint16 screen_id,uint16 control_id,uchar *str);
                                                            ^
../App/hmi.c(562): warning: illegal character encoding in string literal [-Winvalid-source-encoding]
         SetTextValue(8,7,"<D0><C7><C6><DA><CB><C4>"); 
                           ^~~~~~~~~~~~~~~~~~~~~~~~
../App/hmi.c(562): warning: passing 'char [7]' to parameter of type 'unsigned char *' converts between pointers to integer types with different sign [-Wpointer-sign]
         SetTextValue(8,7,"<D0><C7><C6><DA><CB><C4>"); 
                          ^~~~~~~~~~~~~~~~~~~~~~~~~~
../Middleware/hmi_driver.h(396): note: passing argument to parameter 'str' here
void SetTextValue(uint16 screen_id,uint16 control_id,uchar *str);
                                                            ^
../App/hmi.c(566): warning: illegal character encoding in string literal [-Winvalid-source-encoding]
         SetTextValue(8,7,"<D0><C7><C6><DA><CE><E5>");
                           ^~~~~~~~~~~~~~~~~~~~~~~~
../App/hmi.c(566): warning: passing 'char [7]' to parameter of type 'unsigned char *' converts between pointers to integer types with different sign [-Wpointer-sign]
         SetTextValue(8,7,"<D0><C7><C6><DA><CE><E5>");
                          ^~~~~~~~~~~~~~~~~~~~~~~~~~
../Middleware/hmi_driver.h(396): note: passing argument to parameter 'str' here
void SetTextValue(uint16 screen_id,uint16 control_id,uchar *str);
                                                            ^
../App/hmi.c(570): warning: illegal character encoding in string literal [-Winvalid-source-encoding]
         SetTextValue(8,7,"<D0><C7><C6><DA><C1><F9>");
                           ^~~~~~~~~~~~~~~~~~~~~~~~
../App/hmi.c(570): warning: passing 'char [7]' to parameter of type 'unsigned char *' converts between pointers to integer types with different sign [-Wpointer-sign]
         SetTextValue(8,7,"<D0><C7><C6><DA><C1><F9>");
                          ^~~~~~~~~~~~~~~~~~~~~~~~~~
../Middleware/hmi_driver.h(396): note: passing argument to parameter 'str' here
void SetTextValue(uint16 screen_id,uint16 control_id,uchar *str);
                                                            ^
14 warnings generated.
compiling hmi.c...
compiling system_stm32f4xx.c...
compiling stm32f4xx_hal_exti.c...
compiling stm32f4xx_hal.c...
compiling stm32f4xx_hal_uart.c...
compiling cmd_queue.c...
../App/app_flow_manager.c(99): warning: illegal character encoding in string literal [-Winvalid-source-encoding]
    if (s_current_step == NULL) return "<BF><D5><CF><D0>";
                                        ^~~~~~~~~~~~~~~~
1 warning generated.
compiling app_flow_manager.c...
compiling bsp_systick.c...
compiling app_tasks.c...
compiling bsp_actuator.c...
compiling bsp_console.c...
../App/app_workflows.c(220): warning: illegal character encoding in string literal [-Winvalid-source-encoding]
    {   5, "<B5><U+0234><FD>",       step_def_01_enter, step_def_01_exit  },
            ^~~~        ~~~~
../App/app_workflows.c(221): warning: illegal character encoding in string literal [-Winvalid-source-encoding]
    {   5, "<U+01FF><B3><E9><CE><DB>",     step_def_02_enter, step_def_02_exit  },
                    ^~~~~~~~~~~~~~~~
../App/app_workflows.c(222): warning: illegal character encoding in string literal [-Winvalid-source-encoding]
    {  15, "<B3><E9><CE><DB>",       step_def_03_enter, step_def_03_exit  },
            ^~~~~~~~~~~~~~~~
../App/app_workflows.c(223): warning: illegal character encoding in string literal [-Winvalid-source-encoding]
    {  10, "<CF><C2><C5><E7><B3><E9><CE><DB>",   step_def_04_enter, step_def_04_exit  },
            ^~~~~~~~~~~~~~~~~~~~~~~~~~~~~~~~
../App/app_workflows.c(224): warning: illegal character encoding in string literal [-Winvalid-source-encoding]
    {  10, "<B3><E9><CE><DB>",       step_def_05_enter, step_def_05_exit  },
            ^~~~~~~~~~~~~~~~
../App/app_workflows.c(225): warning: illegal character encoding in string literal [-Winvalid-source-encoding]
    {   5, "<CF><C2><C5><E7><B3><E9><CE><DB>",   step_def_06_enter, step_def_06_exit  },
            ^~~~~~~~~~~~~~~~~~~~~~~~~~~~~~~~
../App/app_workflows.c(226): warning: illegal character encoding in string literal [-Winvalid-source-encoding]
    {   5, "<B3><E9><CE><DB>",       step_def_07_enter, step_def_07_exit  },
            ^~~~~~~~~~~~~~~~
../App/app_workflows.c(227): warning: illegal character encoding in string literal [-Winvalid-source-encoding]
    {   5, "<B5><U+0234><FD>",       step_def_08_enter, step_def_08_exit  },
            ^~~~        ~~~~
../App/app_workflows.c(228): warning: illegal character encoding in string literal [-Winvalid-source-encoding]
    {   5, "<B3><E9><CE><DB>",       step_def_09_enter, step_def_09_exit  },
            ^~~~~~~~~~~~~~~~
../App/app_workflows.c(229): warning: illegal character encoding in string literal [-Winvalid-source-encoding]
    {   5, "<B5><U+0234><FD>",       step_def_10_enter, step_def_10_exit  },
            ^~~~        ~~~~
../App/app_workflows.c(230): warning: illegal character encoding in string literal [-Winvalid-source-encoding]
    {  15, "<B3><E9><CE><DB>",       step_def_11_enter, step_def_11_exit  },
            ^~~~~~~~~~~~~~~~
../App/app_workflows.c(231): warning: illegal character encoding in string literal [-Winvalid-source-encoding]
    {  15, "<D6><D0><C5><E7><B3><E9><CE><DB>",   step_def_12_enter, step_def_12_exit  },
            ^~~~~~~~~~~~~~~~~~~~~~~~~~~~~~~~
../App/app_workflows.c(232): warning: illegal character encoding in string literal [-Winvalid-source-encoding]
    {  10, "<B3><E9><CE><DB>",       step_def_13_enter, step_def_13_exit  },
            ^~~~~~~~~~~~~~~~
../App/app_workflows.c(233): warning: illegal character encoding in string literal [-Winvalid-source-encoding]
    {   5, "<D6><D0><C5><E7><B3><E9><CE><DB>",   step_def_14_enter, step_def_14_exit  },
            ^~~~~~~~~~~~~~~~~~~~~~~~~~~~~~~~
../App/app_workflows.c(234): warning: illegal character encoding in string literal [-Winvalid-source-encoding]
    {  15, "<B3><E9><CE><DB>",       step_def_15_enter, step_def_15_exit  },
            ^~~~~~~~~~~~~~~~
../App/app_workflows.c(235): warning: illegal character encoding in string literal [-Winvalid-source-encoding]
    {  10, "<CF><C2><C5><E7><B3><E9><CE><DB>",   step_def_16_enter, step_def_16_exit  },
            ^~~~~~~~~~~~~~~~~~~~~~~~~~~~~~~~
../App/app_workflows.c(236): warning: illegal character encoding in string literal [-Winvalid-source-encoding]
    {  10, "<B3><E9><CE><DB>",       step_def_17_enter, step_def_17_exit  },
            ^~~~~~~~~~~~~~~~
../App/app_workflows.c(237): warning: illegal character encoding in string literal [-Winvalid-source-encoding]
    {   5, "<CF><C2><C5><E7><B3><E9><CE><DB>",   step_def_18_enter, step_def_18_exit  },
            ^~~~~~~~~~~~~~~~~~~~~~~~~~~~~~~~
../App/app_workflows.c(238): warning: illegal character encoding in string literal [-Winvalid-source-encoding]
    {   5, "<B3><E9><CE><DB>",       step_def_19_enter, step_def_19_exit  },
            ^~~~~~~~~~~~~~~~
../App/app_workflows.c(239): warning: illegal character encoding in string literal [-Winvalid-source-encoding]
    {  20, "<B5><U+0234><FD>",       step_def_20_enter, step_def_20_exit  },
            ^~~~        ~~~~
../App/app_workflows.c(240): warning: illegal character encoding in string literal [-Winvalid-source-encoding]
    { 600, "<U+016F><B7><E7>",       step_def_21_enter, step_def_21_exit  },
                    ^~~~~~~~
../App/app_workflows.c(241): warning: illegal character encoding in string literal [-Winvalid-source-encoding]
    {   5, "<B3><E9><CE><DB>",       step_def_22_enter, step_def_22_exit  },
            ^~~~~~~~~~~~~~~~
../App/app_workflows.c(250): warning: illegal character encoding in string literal [-Winvalid-source-encoding]
    .name = "<B4><F3><B1><E3><B3><E5><U+03F4>",
             ^~~~~~~~~~~~~~~~~~~~~~~~
../App/app_workflows.c(413): warning: illegal character encoding in string literal [-Winvalid-source-encoding]
    {   5, "<B5><U+0234><FD>",         step_uri_01_enter, step_uri_01_exit },
            ^~~~        ~~~~
../App/app_workflows.c(414): warning: illegal character encoding in string literal [-Winvalid-source-encoding]
    {   5, "<U+01FF><B3><E9><CE><DB>",       step_uri_02_enter, step_uri_02_exit },
                    ^~~~~~~~~~~~~~~~
../App/app_workflows.c(415): warning: illegal character encoding in string literal [-Winvalid-source-encoding]
    {  15, "<B3><E9><CE><DB>",         step_uri_03_enter, step_uri_03_exit },
            ^~~~~~~~~~~~~~~~
../App/app_workflows.c(416): warning: illegal character encoding in string literal [-Winvalid-source-encoding]
    {   8, "<D6><D0><C5><E7><B3><E9><CE><DB>",     step_uri_04_enter, step_uri_04_exit },
            ^~~~~~~~~~~~~~~~~~~~~~~~~~~~~~~~
../App/app_workflows.c(417): warning: illegal character encoding in string literal [-Winvalid-source-encoding]
    {  10, "<B3><E9><CE><DB>",         step_uri_05_enter, step_uri_05_exit },
            ^~~~~~~~~~~~~~~~
../App/app_workflows.c(418): warning: illegal character encoding in string literal [-Winvalid-source-encoding]
    {   5, "<D6><D0><C5><E7><B3><E9><CE><DB>",     step_uri_06_enter, step_uri_06_exit },
            ^~~~~~~~~~~~~~~~~~~~~~~~~~~~~~~~
../App/app_workflows.c(419): warning: illegal character encoding in string literal [-Winvalid-source-encoding]
    {  15, "<B3><E9><CE><DB>",         step_uri_07_enter, step_uri_07_exit },
            ^~~~~~~~~~~~~~~~
../App/app_workflows.c(420): warning: illegal character encoding in string literal [-Winvalid-source-encoding]
    {  10, "<CF><C2><C5><E7><B3><E9><CE><DB>",     step_uri_08_enter, step_uri_08_exit },
            ^~~~~~~~~~~~~~~~~~~~~~~~~~~~~~~~
../App/app_workflows.c(421): warning: illegal character encoding in string literal [-Winvalid-source-encoding]
    {  10, "<B3><E9><CE><DB>",         step_uri_09_enter, step_uri_09_exit },
            ^~~~~~~~~~~~~~~~
../App/app_workflows.c(422): warning: illegal character encoding in string literal [-Winvalid-source-encoding]
    {   5, "<CF><C2><C5><E7><B3><E9><CE><DB>",     step_uri_10_enter, step_uri_10_exit },
            ^~~~~~~~~~~~~~~~~~~~~~~~~~~~~~~~
../App/app_workflows.c(423): warning: illegal character encoding in string literal [-Winvalid-source-encoding]
    {   5, "<B3><E9><CE><DB>",         step_uri_11_enter, step_uri_11_exit },
            ^~~~~~~~~~~~~~~~
../App/app_workflows.c(424): warning: illegal character encoding in string literal [-Winvalid-source-encoding]
    {  20, "<B5><U+0234><FD>",         step_uri_12_enter, step_uri_12_exit },
            ^~~~        ~~~~
../App/app_workflows.c(425): warning: illegal character encoding in string literal [-Winvalid-source-encoding]
    { 600, "<U+016F><B7><E7>",         step_uri_13_enter, step_uri_13_exit },
                    ^~~~~~~~
../App/app_workflows.c(426): warning: illegal character encoding in string literal [-Winvalid-source-encoding]
    {   5, "<B3><E9><CE><DB>",         step_uri_14_enter, step_uri_14_exit },
            ^~~~~~~~~~~~~~~~
../App/app_workflows.c(438): warning: illegal character encoding in string literal [-Winvalid-source-encoding]
    .name = "<U+0421><B1><E3><B3><E5><U+03F4>",
                     ^~~~~~~~~~~~~~~~
../App/app_workflows.c(600): warning: illegal character encoding in string literal [-Winvalid-source-encoding]
    {   5, "<B5><U+0234><FD>",         step_cln_01_enter, step_cln_01_exit },
            ^~~~        ~~~~
../App/app_workflows.c(601): warning: illegal character encoding in string literal [-Winvalid-source-encoding]
    {   5, "<U+01FF><B3><E9><CE><DB>",       step_cln_02_enter, step_cln_02_exit },
                    ^~~~~~~~~~~~~~~~
../App/app_workflows.c(602): warning: illegal character encoding in string literal [-Winvalid-source-encoding]
    {  15, "<B3><E9><CE><DB>",         step_cln_03_enter, step_cln_03_exit },
            ^~~~~~~~~~~~~~~~
../App/app_workflows.c(603): warning: illegal character encoding in string literal [-Winvalid-source-encoding]
    {  15, "<D6><D0><C5><E7><B3><E9><CE><DB>",     step_cln_04_enter, step_cln_04_exit },
            ^~~~~~~~~~~~~~~~~~~~~~~~~~~~~~~~
../App/app_workflows.c(604): warning: illegal character encoding in string literal [-Winvalid-source-encoding]
    {  10, "<B3><E9><CE><DB>",         step_cln_05_enter, step_cln_05_exit },
            ^~~~~~~~~~~~~~~~
../App/app_workflows.c(605): warning: illegal character encoding in string literal [-Winvalid-source-encoding]
    {   5, "<D6><D0><C5><E7><B3><E9><CE><DB>",     step_cln_06_enter, step_cln_06_exit },
            ^~~~~~~~~~~~~~~~~~~~~~~~~~~~~~~~
../App/app_workflows.c(606): warning: illegal character encoding in string literal [-Winvalid-source-encoding]
    {  15, "<B3><E9><CE><DB>",         step_cln_07_enter, step_cln_07_exit },
            ^~~~~~~~~~~~~~~~
../App/app_workflows.c(607): warning: illegal character encoding in string literal [-Winvalid-source-encoding]
    {  10, "<CF><C2><C5><E7><B3><E9><CE><DB>",     step_cln_08_enter, step_cln_08_exit },
            ^~~~~~~~~~~~~~~~~~~~~~~~~~~~~~~~
../App/app_workflows.c(608): warning: illegal character encoding in string literal [-Winvalid-source-encoding]
    {  10, "<B3><E9><CE><DB>",         step_cln_09_enter, step_cln_09_exit },
            ^~~~~~~~~~~~~~~~
../App/app_workflows.c(609): warning: illegal character encoding in string literal [-Winvalid-source-encoding]
    {   5, "<CF><C2><C5><E7><B3><E9><CE><DB>",     step_cln_10_enter, step_cln_10_exit },
            ^~~~~~~~~~~~~~~~~~~~~~~~~~~~~~~~
../App/app_workflows.c(610): warning: illegal character encoding in string literal [-Winvalid-source-encoding]
    {   5, "<B3><E9><CE><DB>",         step_cln_11_enter, step_cln_11_exit },
            ^~~~~~~~~~~~~~~~
../App/app_workflows.c(611): warning: illegal character encoding in string literal [-Winvalid-source-encoding]
    {  20, "<B5><U+0234><FD>",         step_cln_12_enter, step_cln_12_exit },
            ^~~~        ~~~~
../App/app_workflows.c(612): warning: illegal character encoding in string literal [-Winvalid-source-encoding]
    { 600, "<U+016F><B7><E7>",         step_cln_13_enter, step_cln_13_exit },
                    ^~~~~~~~
../App/app_workflows.c(613): warning: illegal character encoding in string literal [-Winvalid-source-encoding]
    {   5, "<B3><E9><CE><DB>",         step_cln_14_enter, step_cln_14_exit },
            ^~~~~~~~~~~~~~~~
../App/app_workflows.c(625): warning: illegal character encoding in string literal [-Winvalid-source-encoding]
    .name = "<C7><E5><U+03F4>",
             ^~~~~~~~
../App/app_workflows.c(667): warning: illegal character encoding in string literal [-Winvalid-source-encoding]
    {   5, "<B5><U+0234><FD>",         step_dry_01_enter, step_dry_01_exit },
            ^~~~        ~~~~
../App/app_workflows.c(668): warning: illegal character encoding in string literal [-Winvalid-source-encoding]
    { 600, "<U+016F><B7><E7>",         step_dry_02_enter, step_dry_02_exit },
                    ^~~~~~~~
../App/app_workflows.c(669): warning: illegal character encoding in string literal [-Winvalid-source-encoding]
    {   5, "<B3><E9><CE><DB>",         step_dry_03_enter, step_dry_03_exit },
            ^~~~~~~~~~~~~~~~
../App/app_workflows.c(681): warning: illegal character encoding in string literal [-Winvalid-source-encoding]
    .name = "<B8><C9><D4><EF>",
             ^~~~~~~~~~~~~~~~
../App/app_workflows.c(712): warning: illegal character encoding in string literal [-Winvalid-source-encoding]
    {   5, "<B5><U+0234><FD>",          step_air_01_enter, step_air_01_exit },
            ^~~~        ~~~~
../App/app_workflows.c(713): warning: illegal character encoding in string literal [-Winvalid-source-encoding]
    {  60, "<C7><E5><BD><E0><BF><D5><C6><F8>",      step_air_02_enter, step_air_02_exit },
            ^~~~~~~~~~~~~~~~~~~~~~~~~~~~~~~~
../App/app_workflows.c(725): warning: illegal character encoding in string literal [-Winvalid-source-encoding]
    .name = "<C7><E5><BD><E0><BF><D5><C6><F8>",
             ^~~~~~~~~~~~~~~~~~~~~~~~~~~~~~~~
../App/app_workflows.c(765): warning: illegal character encoding in string literal [-Winvalid-source-encoding]
    {   5, "<B5><U+0234><FD>",              step_vac_01_enter, step_vac_01_exit },
            ^~~~        ~~~~
../App/app_workflows.c(766): warning: illegal character encoding in string literal [-Winvalid-source-encoding]
    {  30, "<D5><E6><BF><D5><CF><E4><D7><D4><C7><E5><BD><E0>",      step_vac_02_enter, step_vac_02_exit },
            ^~~~~~~~~~~~~~~~~~~~~~~~~~~~~~~~~~~~~~~~~~~~~~~~
../App/app_workflows.c(778): warning: illegal character encoding in string literal [-Winvalid-source-encoding]
    .name = "<D5><E6><BF><D5><CF><E4><D7><D4><C7><E5><BD><E0>",
             ^~~~~~~~~~~~~~~~~~~~~~~~~~~~~~~~~~~~~~~~~~~~~~~~
63 warnings generated.
compiling app_workflows.c...
compiling svc_scheduler.c...
compiling hmi_driver.c...
linking...
Program Size: Code=10556 RO-data=608 RW-data=1032 ZI-data=1968  
FromELF: creating hex file...
"Vacuum_Nursing_Robot\Vacuum_Nursing_Robot.axf" - 0 Error(s), 78 Warning(s).

<h2>Software Packages used:</h2>

Package Vendor: ARM
                http://www.keil.com/pack/ARM.CMSIS.5.0.1.pack
                ARM.CMSIS.5.0.1
                CMSIS (Cortex Microcontroller Software Interface Standard)
   * Component: CORE Version: 5.0.1

Package Vendor: Keil
                http://www.keil.com/pack/Keil.STM32F4xx_DFP.2.11.0.pack
                Keil.STM32F4xx_DFP.2.11.0
                STMicroelectronics STM32F4 Series Device Support, Drivers and Examples

<h2>Collection of Component include folders:</h2>
  .\RTE\_Vacuum_Nursing_Robot
  D:\keil 5.24a\ARM\PACK\ARM\CMSIS\5.0.1\CMSIS\Include
  D:\keil 5.24a\ARM\PACK\Keil\STM32F4xx_DFP\2.11.0\Drivers\CMSIS\Device\ST\STM32F4xx\Include

<h2>Collection of Component Files used:</h2>

   * Component: ARM::CMSIS:CORE:5.0.1
Build Time Elapsed:  00:00:09
</pre>
</body>
</html>
