<html>
<body>
<pre>
<h1>礦ision Build Log</h1>
<h2>Tool Versions:</h2>
IDE-Version: μVision V5.24.2.0
Copyright (C) 2017 ARM Ltd and ARM Germany GmbH. All rights reserved.
License Information: chen asus, hao, LIC=TIVEV-PPE3N-T39MI-T1B85-3FT87-NDIRN
 
Tool Versions:
Toolchain:       MDK-ARM Plus  Version: 5.24.1
Toolchain Path:  D:\keil 5.24a\ARM\ARMCC\Bin
C Compiler:      Armcc.exe V5.06 update 5 (build 528)
Assembler:       Armasm.exe V5.06 update 5 (build 528)
Linker/Locator:  ArmLink.exe V5.06 update 5 (build 528)
Library Manager: ArmAr.exe V5.06 update 5 (build 528)
Hex Converter:   FromElf.exe V5.06 update 5 (build 528)
CPU DLL:         SARMCM3.DLL V5.24.1
Dialog DLL:      DCM.DLL V1.16.0.0
Target DLL:      STLink\ST-LINKIII-KEIL_SWO.dll V3.0.1.0
Dialog DLL:      TCM.DLL V1.32.0.0
 
<h2>Project:</h2>
E:\工作\4.29天美达真空护理机器人\真空护理机器人控制\2026.5.8-F407VET6-串口屏\Vacuum_Nursing_Robot\MDK-ARM\Vacuum_Nursing_Robot.uvprojx
Project File Date:  05/09/2026

<h2>Output:</h2>
*** Using Compiler 'V5.06 update 5 (build 528)', folder: 'D:\keil 5.24a\ARM\ARMCC\Bin'
Rebuild target 'Vacuum_Nursing_Robot'
assembling startup_stm32f407xx.s...
compiling stm32f4xx_hal_rcc_ex.c...
compiling usart.c...
compiling stm32f4xx_hal_msp.c...
compiling main.c...
../Core/Src/main.c(111): warning:  #188-D: enumerated type mixed with another type
  	HAL_GPIO_WritePin(
alve_1_GPIO_Port,
alve_1_Pin,0);
../Core/Src/main.c: 1 warning, 0 errors
compiling gpio.c...
compiling stm32f4xx_it.c...
compiling tim.c...
compiling stm32f4xx_hal_tim_ex.c...
compiling stm32f4xx_hal_flash_ex.c...
compiling stm32f4xx_hal_flash.c...
compiling stm32f4xx_hal_rcc.c...
compiling stm32f4xx_hal_tim.c...
compiling stm32f4xx_hal_cortex.c...
compiling stm32f4xx_hal_gpio.c...
compiling stm32f4xx_hal.c...
compiling stm32f4xx_hal_pwr_ex.c...
compiling stm32f4xx_hal_exti.c...
compiling stm32f4xx_hal_flash_ramfunc.c...
compiling system_stm32f4xx.c...
compiling stm32f4xx_hal_dma.c...
compiling cmd_queue.c...
compiling stm32f4xx_hal_pwr.c...
compiling stm32f4xx_hal_uart.c...
compiling stm32f4xx_hal_dma_ex.c...
compiling hmi_driver.c...
compiling hmi.c...
..\HardWare\SCREEN\hmi.c(464): warning:  #188-D: enumerated type mixed with another type
  			{HAL_GPIO_WritePin(
alve_1_GPIO_Port,
alve_1_Pin,1);}
..\HardWare\SCREEN\hmi.c(466): warning:  #188-D: enumerated type mixed with another type
        {HAL_GPIO_WritePin(
alve_1_GPIO_Port,
alve_1_Pin,0);}
..\HardWare\SCREEN\hmi.c(501): warning:  #186-D: pointless comparison of unsigned integer with zero
           if(Select_H>=0&&Select_H<=6)                                                       //0~6小时，凌晨  
..\HardWare\SCREEN\hmi.c(568): warning:  #167-D: argument of type "unsigned char *" is incompatible with parameter of type "const char *restrict"
          sscanf(str,"%ld",&value);                                                    //把字符串转换为整数 
..\HardWare\SCREEN\hmi.c(618): warning:  #167-D: argument of type "unsigned char *" is incompatible with parameter of type "char *restrict"
              sprintf(back,"%c",(255-value*2));                                        //设置背光亮度 背光值范围 0~255，0最亮，255最暗
..\HardWare\SCREEN\hmi.c(36): warning:  #177-D: variable "progress_value"  was declared but never referenced
  static int32 progress_value = 0;                                                     //进度条测试值
..\HardWare\SCREEN\hmi.c(38): warning:  #177-D: variable "update_en"  was declared but never referenced
  static uint8 update_en = 0;                                                          //更新标记
..\HardWare\SCREEN\hmi.c(43): warning:  #177-D: variable "second_flag"  was declared but never referenced
  static int32 second_flag=0;                                                          //时间标志位
..\HardWare\SCREEN\hmi.c: 8 warnings, 0 errors
linking...
Program Size: Code=13036 RO-data=1148 RW-data=76 ZI-data=1820  
FromELF: creating hex file...
"Vacuum_Nursing_Robot\Vacuum_Nursing_Robot.axf" - 0 Error(s), 9 Warning(s).

<h2>Software Packages used:</h2>

Package Vendor: ARM
                http://www.keil.com/pack/ARM.CMSIS.5.0.1.pack
                ARM.CMSIS.5.0.1
                CMSIS (Cortex Microcontroller Software Interface Standard)
   * Component: CORE Version: 5.0.1

Package Vendor: Keil
                http://www.keil.com/pack/Keil.STM32F4xx_DFP.2.11.0.pack
                Keil.STM32F4xx_DFP.2.11.0
                STMicroelectronics STM32F4 Series Device Support, Drivers and Examples

<h2>Collection of Component include folders:</h2>
  .\RTE\_Vacuum_Nursing_Robot
  D:\keil 5.24a\ARM\PACK\ARM\CMSIS\5.0.1\CMSIS\Include
  D:\keil 5.24a\ARM\PACK\Keil\STM32F4xx_DFP\2.11.0\Drivers\CMSIS\Device\ST\STM32F4xx\Include

<h2>Collection of Component Files used:</h2>

   * Component: ARM::CMSIS:CORE:5.0.1
Build Time Elapsed:  00:00:41
</pre>
</body>
</html>
